datasets used to train models/train.csv
date,product_id,units_sold,sale_price,is_promo,lag_7,product_id_encoded
2023-01-08,PROD_007,63,94.68,1,98.0,6
2023-01-09,PROD_007,57,99.51,1,58.0,6
2023-01-10,PROD_007,28,105.27,0,46.0,6
2023-01-11,PROD_007,33,105.39,0,41.0,6
2023-01-12,PROD_007,76,85.42,1,30.0,6
2023-01-13,PROD_007,22,113.78,0,29.0,6
2023-01-14,PROD_007,106,100.71,1,80.0,6
2023-01-15,PROD_007,50,100.26,1,63.0,6
2023-01-16,PROD_007,43,104.87,0,57.0,6
2023-01-17,PROD_007,78,100.33,1,28.0,6
2023-01-18,PROD_007,32,104.06,0,33.0,6
2023-01-19,PROD_007,54,100.67,0,76.0,6
2023-01-20,PROD_007,63,106.18,0,22.0,6
2023-01-21,PROD_007,72,104.97,0,106.0,6
2023-01-22,PROD_007,115,96.88,1,50.0,6
2023-01-23,PROD_007,48,98.08,1,43.0,6
2023-01-24,PROD_007,25,89.33,1,78.0,6
2023-01-25,PROD_007,47,105.17,0,32.0,6
2023-01-26,PROD_007,65,96.43,1,54.0,6
2023-01-27,PROD_007,77,105.95,0,63.0,6
2023-01-28,PROD_007,74,105.9,0,72.0,6
2023-01-29,PROD_007,74,103.6,0,115.0,6
2023-01-30,PROD_007,37,105.5,0,48.0,6
2023-01-31,PROD_007,49,108.99,0,25.0,6
2023-02-01,PROD_007,57,94.58,1,47.0,6
2023-02-02,PROD_007,80,108.69,0,65.0,6
2023-02-03,PROD_007,48,107.67,0,77.0,6
2023-02-04,PROD_007,89,108.37,0,74.0,6
2023-02-05,PROD_007,98,98.53,1,74.0,6
2023-02-06,PROD_007,45,107.7,0,37.0,6
2023-02-07,PROD_007,65,100.03,1,49.0,6
2023-02-08,PROD_007,100,97.3,1,57.0,6
2023-02-09,PROD_007,42,106.0,0,80.0,6
2023-02-10,PROD_007,40,105.51,0,48.0,6
2023-02-11,PROD_007,54,107.43,0,89.0,6
2023-02-12,PROD_007,39,106.46,0,98.0,6
2023-02-13,PROD_007,35,107.85,0,45.0,6
2023-02-14,PROD_007,53,91.96,1,65.0,6
2023-02-15,PROD_007,52,102.2,1,100.0,6
2023-02-16,PROD_007,53,103.71,1,42.0,6
2023-02-17,PROD_007,64,107.7,0,40.0,6
2023-02-18,PROD_007,83,107.97,0,54.0,6
2023-02-19,PROD_007,35,108.26,0,39.0,6
2023-02-20,PROD_007,68,103.55,1,35.0,6
2023-02-21,PROD_007,30,89.53,1,53.0,6
2023-02-22,PROD_007,62,103.32,0,52.0,6
2023-02-23,PROD_007,35,105.38,0,53.0,6
2023-02-24,PROD_007,40,106.93,0,64.0,6
2023-02-25,PROD_007,60,102.24,0,83.0,6
2023-02-26,PROD_007,79,104.5,0,35.0,6
2023-02-27,PROD_007,52,103.28,0,68.0,6
2023-02-28,PROD_007,37,103.33,0,30.0,6
2023-03-01,PROD_007,48,106.67,0,62.0,6
2023-03-02,PROD_007,69,85.45,1,35.0,6
2023-03-03,PROD_007,52,107.66,0,40.0,6
2023-03-04,PROD_007,91,102.17,0,60.0,6
2023-03-05,PROD_007,69,107.34,0,79.0,6
2023-03-06,PROD_007,34,93.49,1,52.0,6
2023-03-07,PROD_007,72,105.44,0,37.0,6
2023-03-08,PROD_007,35,106.86,0,48.0,6
2023-03-09,PROD_007,60,106.76,0,69.0,6
2023-03-10,PROD_007,86,106.6,0,52.0,6
2023-03-11,PROD_007,88,106.9,0,91.0,6
2023-03-12,PROD_007,102,101.44,1,69.0,6
2023-03-13,PROD_007,29,111.52,0,34.0,6
2023-03-14,PROD_007,22,105.62,0,72.0,6
2023-03-15,PROD_007,26,109.57,0,35.0,6
2023-03-16,PROD_007,36,108.95,0,60.0,6
2023-03-17,PROD_007,44,88.14,1,86.0,6
2023-03-18,PROD_007,117,94.25,1,88.0,6
2023-03-19,PROD_007,59,107.13,0,102.0,6
2023-03-20,PROD_007,39,105.19,0,29.0,6
2023-03-21,PROD_007,45,102.42,0,22.0,6
2023-03-22,PROD_007,76,102.95,1,26.0,6
2023-03-23,PROD_007,60,112.13,0,36.0,6
2023-03-24,PROD_007,31,112.64,0,44.0,6
2023-03-25,PROD_007,51,97.93,1,117.0,6
2023-03-26,PROD_007,32,104.76,0,59.0,6
2023-03-27,PROD_007,46,111.36,0,39.0,6
2023-03-28,PROD_007,57,99.78,1,45.0,6
2023-03-29,PROD_007,66,92.64,1,76.0,6
2023-03-30,PROD_007,39,109.64,0,60.0,6
2023-03-31,PROD_007,81,101.89,1,31.0,6
2023-04-01,PROD_007,70,96.27,1,51.0,6
2023-04-02,PROD_007,110,109.67,0,32.0,6
2023-04-03,PROD_007,25,109.6,0,46.0,6
2023-04-04,PROD_007,37,106.87,0,57.0,6
2023-04-05,PROD_007,23,105.48,0,66.0,6
2023-04-06,PROD_007,52,112.43,0,39.0,6
2023-04-07,PROD_007,64,107.94,0,81.0,6
2023-04-08,PROD_007,45,107.67,0,70.0,6
2023-04-09,PROD_007,46,102.68,0,110.0,6
2023-04-10,PROD_007,55,106.06,0,25.0,6
2023-04-11,PROD_007,61,100.9,0,37.0,6
2023-04-12,PROD_007,49,100.82,0,23.0,6
2023-04-13,PROD_007,24,107.7,0,52.0,6
2023-04-14,PROD_007,64,109.61,0,64.0,6
2023-04-15,PROD_007,51,108.82,0,45.0,6
2023-04-16,PROD_007,56,104.6,0,46.0,6
2023-04-17,PROD_007,92,105.47,0,55.0,6
2023-04-18,PROD_007,18,103.2,0,61.0,6
2023-04-19,PROD_007,49,107.22,0,49.0,6
2023-04-20,PROD_007,43,99.6,0,24.0,6
2023-04-21,PROD_007,47,107.38,0,64.0,6
2023-04-22,PROD_007,93,106.14,0,51.0,6
2023-04-23,PROD_007,33,104.69,0,56.0,6
2023-04-24,PROD_007,79,108.87,0,92.0,6
2023-04-25,PROD_007,53,102.33,0,18.0,6
2023-04-26,PROD_007,28,103.31,0,49.0,6
2023-04-27,PROD_007,87,103.19,1,43.0,6
2023-04-28,PROD_007,33,101.78,0,47.0,6
2023-04-29,PROD_007,109,100.0,1,93.0,6
2023-04-30,PROD_007,99,102.07,1,33.0,6
2023-05-01,PROD_007,86,103.58,0,79.0,6
2023-05-02,PROD_007,55,111.01,0,53.0,6
2023-05-03,PROD_007,29,102.2,0,28.0,6
2023-05-04,PROD_007,95,100.99,1,87.0,6
2023-05-05,PROD_007,20,104.52,0,33.0,6
2023-05-06,PROD_007,37,89.72,1,109.0,6
2023-05-07,PROD_007,87,102.88,0,99.0,6
2023-05-08,PROD_007,65,109.03,0,86.0,6
2023-05-09,PROD_007,30,109.18,0,55.0,6
2023-05-10,PROD_007,50,108.0,0,29.0,6
2023-05-11,PROD_007,23,104.43,0,95.0,6
2023-05-12,PROD_007,53,106.07,0,20.0,6
2023-05-13,PROD_007,87,97.49,1,37.0,6
2023-05-14,PROD_007,53,103.6,0,87.0,6
2023-05-15,PROD_007,61,101.97,0,65.0,6
2023-05-16,PROD_007,94,91.37,1,30.0,6
2023-05-17,PROD_007,39,97.33,1,50.0,6
2023-05-18,PROD_007,47,109.53,0,23.0,6
2023-05-19,PROD_007,69,107.73,0,53.0,6
2023-05-20,PROD_007,99,109.14,0,87.0,6
2023-05-21,PROD_007,58,97.44,1,53.0,6
2023-05-22,PROD_007,61,102.6,0,61.0,6
2023-05-23,PROD_007,45,109.08,0,94.0,6
2023-05-24,PROD_007,89,101.38,1,39.0,6
2023-05-25,PROD_007,101,95.35,1,47.0,6
2023-05-26,PROD_007,40,111.9,0,69.0,6
2023-05-27,PROD_007,44,109.11,0,99.0,6
2023-05-28,PROD_007,85,90.4,1,58.0,6
2023-05-29,PROD_007,35,101.96,1,61.0,6
2023-05-30,PROD_007,58,100.14,1,45.0,6
2023-05-31,PROD_007,52,89.95,1,89.0,6
2023-06-01,PROD_007,23,104.27,0,101.0,6
2023-06-02,PROD_007,68,96.49,1,40.0,6
2023-06-03,PROD_007,37,109.42,0,44.0,6
2023-06-04,PROD_007,32,107.22,0,85.0,6
2023-06-05,PROD_007,64,100.78,1,35.0,6
2023-01-08,PROD_008,29,57.66,1,17.0,7
2023-01-09,PROD_008,35,63.86,0,23.0,7
2023-01-10,PROD_008,15,60.57,0,44.0,7
2023-01-11,PROD_008,25,67.38,0,31.0,7
2023-01-12,PROD_008,23,64.35,0,17.0,7
2023-01-13,PROD_008,11,61.34,0,25.0,7
2023-01-14,PROD_008,21,61.02,0,53.0,7
2023-01-15,PROD_008,36,64.73,0,29.0,7
2023-01-16,PROD_008,43,63.14,0,35.0,7
2023-01-17,PROD_008,15,63.77,0,15.0,7
2023-01-18,PROD_008,39,57.1,1,25.0,7
2023-01-19,PROD_008,29,57.4,1,23.0,7
2023-01-20,PROD_008,36,54.62,1,11.0,7
2023-01-21,PROD_008,22,67.59,0,21.0,7
2023-01-22,PROD_008,27,65.5,0,36.0,7
2023-01-23,PROD_008,39,58.53,1,43.0,7
2023-01-24,PROD_008,30,62.64,0,15.0,7
2023-01-25,PROD_008,43,59.37,1,39.0,7
2023-01-26,PROD_008,20,65.65,0,29.0,7
2023-01-27,PROD_008,23,64.38,0,36.0,7
2023-01-28,PROD_008,45,66.26,0,22.0,7
2023-01-29,PROD_008,55,61.08,1,27.0,7
2023-01-30,PROD_008,50,56.87,1,39.0,7
2023-01-31,PROD_008,43,63.41,0,30.0,7
2023-02-01,PROD_008,41,63.29,0,43.0,7
2023-02-02,PROD_008,53,52.84,1,20.0,7
2023-02-03,PROD_008,34,62.51,0,23.0,7
2023-02-04,PROD_008,37,65.22,0,45.0,7
2023-02-05,PROD_008,35,62.0,0,55.0,7
2023-02-06,PROD_008,41,63.58,0,50.0,7
2023-02-07,PROD_008,24,60.47,0,43.0,7
2023-02-08,PROD_008,46,57.22,1,41.0,7
2023-02-09,PROD_008,11,65.81,0,53.0,7
2023-02-10,PROD_008,60,60.39,1,34.0,7
2023-02-11,PROD_008,16,64.56,0,37.0,7
2023-02-12,PROD_008,37,53.34,1,35.0,7
2023-02-13,PROD_008,36,53.48,1,41.0,7
2023-02-14,PROD_008,34,64.73,0,24.0,7
2023-02-15,PROD_008,32,56.6,1,46.0,7
2023-02-16,PROD_008,37,58.14,1,11.0,7
2023-02-17,PROD_008,23,61.14,0,60.0,7
2023-02-18,PROD_008,37,67.14,0,16.0,7
2023-02-19,PROD_008,63,60.64,1,37.0,7
2023-02-20,PROD_008,15,66.43,0,36.0,7
2023-02-21,PROD_008,20,59.28,0,34.0,7
2023-02-22,PROD_008,46,64.35,0,32.0,7
2023-02-23,PROD_008,27,60.05,1,37.0,7
2023-02-24,PROD_008,32,59.54,1,23.0,7
2023-02-25,PROD_008,32,55.88,1,37.0,7
2023-02-26,PROD_008,19,61.02,0,63.0,7
2023-02-27,PROD_008,24,65.23,0,15.0,7
2023-02-28,PROD_008,24,54.53,1,20.0,7
2023-03-01,PROD_008,20,61.35,0,46.0,7
2023-03-02,PROD_008,39,60.35,1,27.0,7
2023-03-03,PROD_008,34,61.27,0,32.0,7
2023-03-04,PROD_008,48,65.32,0,32.0,7
2023-03-05,PROD_008,65,59.94,1,19.0,7
2023-03-06,PROD_008,33,64.74,0,24.0,7
2023-03-07,PROD_008,16,61.37,0,24.0,7
2023-03-08,PROD_008,9,59.08,0,20.0,7
2023-03-09,PROD_008,47,63.66,0,39.0,7
2023-03-10,PROD_008,34,54.44,1,34.0,7
2023-03-11,PROD_008,24,60.44,0,48.0,7
2023-03-12,PROD_008,36,55.25,1,65.0,7
2023-03-13,PROD_008,22,63.64,0,33.0,7
2023-03-14,PROD_008,15,63.12,0,16.0,7
2023-03-15,PROD_008,15,52.94,1,9.0,7
2023-03-16,PROD_008,34,64.07,0,47.0,7
2023-03-17,PROD_008,21,63.64,0,34.0,7
2023-03-18,PROD_008,76,60.86,1,24.0,7
2023-03-19,PROD_008,62,62.13,0,36.0,7
2023-03-20,PROD_008,51,57.55,1,22.0,7
2023-03-21,PROD_008,42,63.2,0,15.0,7
2023-03-22,PROD_008,43,59.13,1,15.0,7
2023-03-23,PROD_008,30,53.04,1,34.0,7
2023-03-24,PROD_008,23,66.76,0,21.0,7
2023-03-25,PROD_008,58,60.23,1,76.0,7
2023-03-26,PROD_008,31,63.32,0,62.0,7
2023-03-27,PROD_008,41,58.82,1,51.0,7
2023-03-28,PROD_008,43,66.24,0,42.0,7
2023-03-29,PROD_008,14,61.97,0,43.0,7
2023-03-30,PROD_008,44,64.47,0,30.0,7
2023-03-31,PROD_008,13,67.72,0,23.0,7
2023-04-01,PROD_008,55,60.4,1,58.0,7
2023-04-02,PROD_008,80,65.04,0,31.0,7
2023-04-03,PROD_008,38,61.45,0,41.0,7
2023-04-04,PROD_008,46,64.82,0,43.0,7
2023-04-05,PROD_008,55,59.59,1,14.0,7
2023-04-06,PROD_008,34,58.22,1,44.0,7
2023-04-07,PROD_008,70,58.38,1,13.0,7
2023-04-08,PROD_008,23,61.48,0,55.0,7
2023-04-09,PROD_008,69,60.78,1,80.0,7
2023-04-10,PROD_008,19,67.42,0,38.0,7
2023-04-11,PROD_008,30,65.09,0,46.0,7
2023-04-12,PROD_008,23,63.03,0,55.0,7
2023-04-13,PROD_008,15,65.94,0,34.0,7
2023-04-14,PROD_008,20,60.58,0,70.0,7
2023-04-15,PROD_008,40,61.94,0,23.0,7
2023-04-16,PROD_008,23,61.88,0,69.0,7
2023-04-17,PROD_008,39,63.72,0,19.0,7
2023-04-18,PROD_008,12,65.69,0,30.0,7
2023-04-19,PROD_008,17,62.78,0,23.0,7
2023-04-20,PROD_008,24,62.83,0,15.0,7
2023-04-21,PROD_008,20,67.3,0,20.0,7
2023-04-22,PROD_008,49,59.19,1,40.0,7
2023-04-23,PROD_008,13,64.81,0,23.0,7
2023-04-24,PROD_008,24,64.97,0,39.0,7
2023-04-25,PROD_008,56,56.88,1,12.0,7
2023-04-26,PROD_008,47,63.99,0,17.0,7
2023-04-27,PROD_008,45,58.21,1,24.0,7
2023-04-28,PROD_008,31,64.8,0,20.0,7
2023-04-29,PROD_008,36,65.85,0,49.0,7
2023-04-30,PROD_008,40,60.11,1,13.0,7
2023-05-01,PROD_008,15,59.1,0,24.0,7
2023-05-02,PROD_008,36,54.05,1,56.0,7
2023-05-03,PROD_008,18,60.58,0,47.0,7
2023-05-04,PROD_008,11,62.78,0,45.0,7
2023-05-05,PROD_008,47,63.25,0,31.0,7
2023-05-06,PROD_008,27,63.39,0,36.0,7
2023-05-07,PROD_008,31,49.16,1,40.0,7
2023-05-08,PROD_008,42,58.59,1,15.0,7
2023-05-09,PROD_008,73,57.43,1,36.0,7
2023-05-10,PROD_008,44,60.44,1,18.0,7
2023-05-11,PROD_008,21,63.56,0,11.0,7
2023-05-12,PROD_008,54,60.91,1,47.0,7
2023-05-13,PROD_008,42,65.7,0,27.0,7
2023-05-14,PROD_008,56,60.49,1,31.0,7
2023-05-15,PROD_008,39,64.68,0,42.0,7
2023-05-16,PROD_008,48,64.55,0,73.0,7
2023-05-17,PROD_008,18,65.03,0,44.0,7
2023-05-18,PROD_008,33,66.65,0,21.0,7
2023-05-19,PROD_008,38,55.75,1,54.0,7
2023-05-20,PROD_008,32,66.49,0,42.0,7
2023-05-21,PROD_008,47,62.14,0,56.0,7
2023-05-22,PROD_008,42,53.64,1,39.0,7
2023-05-23,PROD_008,21,63.85,0,48.0,7
2023-05-24,PROD_008,55,56.58,1,18.0,7
2023-05-25,PROD_008,35,64.62,0,33.0,7
2023-05-26,PROD_008,22,62.61,0,38.0,7
2023-05-27,PROD_008,18,64.79,0,32.0,7
2023-05-28,PROD_008,25,59.73,0,47.0,7
2023-05-29,PROD_008,19,62.01,0,42.0,7
2023-05-30,PROD_008,21,55.43,1,21.0,7
2023-05-31,PROD_008,38,61.83,1,55.0,7
2023-06-01,PROD_008,22,61.21,0,35.0,7
2023-06-02,PROD_008,18,61.33,0,22.0,7
2023-06-03,PROD_008,42,65.02,0,18.0,7
2023-06-04,PROD_008,63,59.89,1,25.0,7
2023-06-05,PROD_008,26,52.98,1,19.0,7
2023-01-08,PROD_009,9,48.6,0,15.0,8
2023-01-09,PROD_009,27,46.19,1,20.0,8
2023-01-10,PROD_009,13,50.21,0,12.0,8
2023-01-11,PROD_009,5,50.06,0,6.0,8
2023-01-12,PROD_009,19,50.95,0,18.0,8
2023-01-13,PROD_009,4,49.8,0,25.0,8
2023-01-14,PROD_009,15,50.75,0,7.0,8
2023-01-15,PROD_009,32,47.28,1,9.0,8
2023-01-16,PROD_009,18,45.83,1,27.0,8
2023-01-17,PROD_009,15,49.18,0,13.0,8
2023-01-18,PROD_009,21,48.52,0,5.0,8
2023-01-19,PROD_009,13,51.1,0,19.0,8
2023-01-20,PROD_009,6,50.06,0,4.0,8
2023-01-21,PROD_009,25,47.12,1,15.0,8
2023-01-22,PROD_009,21,48.86,0,32.0,8
2023-01-23,PROD_009,12,47.61,0,18.0,8
2023-01-24,PROD_009,15,49.89,0,15.0,8
2023-01-25,PROD_009,29,48.51,1,21.0,8
2023-01-26,PROD_009,23,47.75,0,13.0,8
2023-01-27,PROD_009,36,45.7,1,6.0,8
2023-01-28,PROD_009,29,48.61,0,25.0,8
2023-01-29,PROD_009,29,49.21,0,21.0,8
2023-01-30,PROD_009,23,44.98,1,12.0,8
2023-01-31,PROD_009,26,45.2,1,15.0,8
2023-02-01,PROD_009,21,46.34,1,29.0,8
2023-02-02,PROD_009,33,44.81,1,23.0,8
2023-02-03,PROD_009,10,45.91,0,36.0,8
2023-02-04,PROD_009,20,49.43,0,29.0,8
2023-02-05,PROD_009,14,48.56,0,29.0,8
2023-02-06,PROD_009,27,48.49,0,23.0,8
2023-02-07,PROD_009,15,48.99,0,26.0,8
2023-02-08,PROD_009,12,51.6,0,21.0,8
2023-02-09,PROD_009,10,51.73,0,33.0,8
2023-02-10,PROD_009,16,49.92,0,10.0,8
2023-02-11,PROD_009,15,49.04,0,20.0,8
2023-02-12,PROD_009,16,44.77,1,14.0,8
2023-02-13,PROD_009,24,47.36,1,27.0,8
2023-02-14,PROD_009,5,46.9,0,15.0,8
2023-02-15,PROD_009,9,49.42,0,12.0,8
2023-02-16,PROD_009,14,50.29,0,10.0,8
2023-02-17,PROD_009,21,47.84,0,16.0,8
2023-02-18,PROD_009,19,43.07,1,15.0,8
2023-02-19,PROD_009,33,45.59,1,16.0,8
2023-02-20,PROD_009,20,43.94,1,24.0,8
2023-02-21,PROD_009,8,42.93,1,5.0,8
2023-02-22,PROD_009,19,45.68,1,9.0,8
2023-02-23,PROD_009,12,49.76,0,14.0,8
2023-02-24,PROD_009,15,45.03,1,21.0,8
2023-02-25,PROD_009,30,45.49,1,19.0,8
2023-02-26,PROD_009,29,49.85,0,33.0,8
2023-02-27,PROD_009,11,51.02,0,20.0,8
2023-02-28,PROD_009,13,49.66,0,8.0,8
2023-03-01,PROD_009,18,50.07,0,19.0,8
2023-03-02,PROD_009,16,50.62,0,12.0,8
2023-03-03,PROD_009,22,49.67,0,15.0,8
2023-03-04,PROD_009,17,42.72,1,30.0,8
2023-03-05,PROD_009,16,42.59,1,29.0,8
2023-03-06,PROD_009,30,42.32,1,11.0,8
2023-03-07,PROD_009,31,45.84,1,13.0,8
2023-03-08,PROD_009,10,50.41,0,18.0,8
2023-03-09,PROD_009,28,49.86,0,16.0,8
2023-03-10,PROD_009,7,48.51,0,22.0,8
2023-03-11,PROD_009,13,47.98,0,17.0,8
2023-03-12,PROD_009,12,49.0,0,16.0,8
2023-03-13,PROD_009,24,45.4,1,30.0,8
2023-03-14,PROD_009,11,50.52,0,31.0,8
2023-03-15,PROD_009,13,47.35,0,10.0,8
2023-03-16,PROD_009,15,47.04,0,28.0,8
2023-03-17,PROD_009,22,49.94,0,7.0,8
2023-03-18,PROD_009,47,45.79,1,13.0,8
2023-03-19,PROD_009,20,49.07,0,12.0,8
2023-03-20,PROD_009,26,51.66,0,24.0,8
2023-03-21,PROD_009,23,48.14,0,11.0,8
2023-03-22,PROD_009,15,51.31,0,13.0,8
2023-03-23,PROD_009,30,46.87,1,15.0,8
2023-03-24,PROD_009,21,45.46,1,22.0,8
2023-03-25,PROD_009,15,47.03,0,47.0,8
2023-03-26,PROD_009,45,45.64,1,20.0,8
2023-03-27,PROD_009,24,48.23,1,26.0,8
2023-03-28,PROD_009,16,50.29,0,23.0,8
2023-03-29,PROD_009,24,47.59,1,15.0,8
2023-03-30,PROD_009,11,47.79,0,30.0,8
2023-03-31,PROD_009,20,49.1,0,21.0,8
2023-04-01,PROD_009,35,47.2,1,15.0,8
2023-04-02,PROD_009,46,47.12,1,45.0,8
2023-04-03,PROD_009,25,45.8,1,24.0,8
2023-04-04,PROD_009,20,48.4,0,16.0,8
2023-04-05,PROD_009,8,48.04,0,24.0,8
2023-04-06,PROD_009,8,46.96,0,11.0,8
2023-04-07,PROD_009,6,51.24,0,20.0,8
2023-04-08,PROD_009,31,47.9,1,35.0,8
2023-04-09,PROD_009,27,49.46,0,46.0,8
2023-04-10,PROD_009,9,46.76,0,25.0,8
2023-04-11,PROD_009,18,49.43,0,20.0,8
2023-04-12,PROD_009,13,47.43,0,8.0,8
2023-04-13,PROD_009,29,49.34,0,8.0,8
2023-04-14,PROD_009,26,50.49,0,6.0,8
2023-04-15,PROD_009,19,49.78,0,31.0,8
2023-04-16,PROD_009,35,48.29,1,27.0,8
2023-04-17,PROD_009,19,49.08,0,9.0,8
2023-04-18,PROD_009,38,42.63,1,18.0,8
2023-04-19,PROD_009,26,46.21,1,13.0,8
2023-04-20,PROD_009,11,52.51,0,29.0,8
2023-04-21,PROD_009,31,46.76,1,26.0,8
2023-04-22,PROD_009,31,47.1,1,19.0,8
2023-04-23,PROD_009,45,47.28,1,35.0,8
2023-04-24,PROD_009,32,49.81,0,19.0,8
2023-04-25,PROD_009,12,50.84,0,38.0,8
2023-04-26,PROD_009,15,42.74,1,26.0,8
2023-04-27,PROD_009,18,48.67,0,11.0,8
2023-04-28,PROD_009,30,48.51,0,31.0,8
2023-04-29,PROD_009,38,48.14,0,31.0,8
2023-04-30,PROD_009,19,48.98,0,45.0,8
2023-05-01,PROD_009,12,50.16,0,32.0,8
2023-05-02,PROD_009,18,45.84,1,12.0,8
2023-05-03,PROD_009,14,49.58,0,15.0,8
2023-05-04,PROD_009,10,50.41,0,18.0,8
2023-05-05,PROD_009,14,45.89,1,30.0,8
2023-05-06,PROD_009,29,44.78,1,38.0,8
2023-05-07,PROD_009,28,44.46,1,19.0,8
2023-05-08,PROD_009,7,48.92,0,12.0,8
2023-05-09,PROD_009,18,49.38,0,18.0,8
2023-05-10,PROD_009,23,48.36,0,14.0,8
2023-05-11,PROD_009,10,49.64,0,10.0,8
2023-05-12,PROD_009,24,47.14,1,14.0,8
2023-05-13,PROD_009,15,49.84,0,29.0,8
2023-05-14,PROD_009,14,49.11,0,28.0,8
2023-05-15,PROD_009,6,47.11,0,7.0,8
2023-05-16,PROD_009,13,48.74,0,18.0,8
2023-05-17,PROD_009,23,43.24,1,23.0,8
2023-05-18,PROD_009,18,47.78,0,10.0,8
2023-05-19,PROD_009,22,50.08,0,24.0,8
2023-05-20,PROD_009,22,49.44,0,15.0,8
2023-05-21,PROD_009,36,44.54,1,14.0,8
2023-05-22,PROD_009,28,46.12,1,6.0,8
2023-05-23,PROD_009,17,48.76,0,13.0,8
2023-05-24,PROD_009,16,46.46,1,23.0,8
2023-05-25,PROD_009,19,48.49,0,18.0,8
2023-05-26,PROD_009,14,49.0,0,22.0,8
2023-05-27,PROD_009,9,51.96,0,22.0,8
2023-05-28,PROD_009,28,48.63,0,36.0,8
2023-05-29,PROD_009,19,51.38,0,28.0,8
2023-05-30,PROD_009,14,49.31,0,17.0,8
2023-05-31,PROD_009,18,46.04,1,16.0,8
2023-06-01,PROD_009,21,49.19,0,19.0,8
2023-06-02,PROD_009,16,44.95,1,14.0,8
2023-06-03,PROD_009,26,50.7,0,9.0,8
2023-06-04,PROD_009,37,50.56,0,28.0,8
2023-06-05,PROD_009,14,47.67,0,19.0,8
