datasets used to train models/train.csv
date,product_id,units_sold,sale_price,is_promo,lag_7,product_id_encoded
2023-01-08,PROD_010,43,77.47,1,41.0,9
2023-01-09,PROD_010,35,84.97,0,51.0,9
2023-01-10,PROD_010,41,91.5,0,71.0,9
2023-01-11,PROD_010,19,93.44,0,23.0,9
2023-01-12,PROD_010,22,97.02,0,40.0,9
2023-01-13,PROD_010,34,87.46,1,24.0,9
2023-01-14,PROD_010,96,86.91,1,26.0,9
2023-01-15,PROD_010,43,89.71,0,43.0,9
2023-01-16,PROD_010,58,91.86,0,35.0,9
2023-01-17,PROD_010,33,80.27,1,41.0,9
2023-01-18,PROD_010,85,78.4,1,19.0,9
2023-01-19,PROD_010,35,89.84,0,22.0,9
2023-01-20,PROD_010,40,90.53,0,34.0,9
2023-01-21,PROD_010,38,87.96,0,96.0,9
2023-01-22,PROD_010,25,94.06,0,43.0,9
2023-01-23,PROD_010,37,88.36,0,58.0,9
2023-01-24,PROD_010,26,78.2,1,33.0,9
2023-01-25,PROD_010,20,92.55,0,85.0,9
2023-01-26,PROD_010,56,82.78,1,35.0,9
2023-01-27,PROD_010,49,85.54,1,40.0,9
2023-01-28,PROD_010,31,93.54,0,38.0,9
2023-01-29,PROD_010,95,86.32,1,25.0,9
2023-01-30,PROD_010,33,87.76,0,37.0,9
2023-01-31,PROD_010,36,85.72,0,26.0,9
2023-02-01,PROD_010,29,88.52,0,20.0,9
2023-02-02,PROD_010,79,87.2,1,56.0,9
2023-02-03,PROD_010,22,93.13,0,49.0,9
2023-02-04,PROD_010,86,88.81,0,31.0,9
2023-02-05,PROD_010,98,81.94,1,95.0,9
2023-02-06,PROD_010,66,87.68,1,33.0,9
2023-02-07,PROD_010,73,85.6,1,36.0,9
2023-02-08,PROD_010,53,91.15,0,29.0,9
2023-02-09,PROD_010,78,88.3,1,79.0,9
2023-02-10,PROD_010,32,89.5,0,22.0,9
2023-02-11,PROD_010,72,89.66,0,86.0,9
2023-02-12,PROD_010,105,85.65,1,98.0,9
2023-02-13,PROD_010,63,85.82,1,66.0,9
2023-02-14,PROD_010,60,92.43,0,73.0,9
2023-02-15,PROD_010,58,90.72,0,53.0,9
2023-02-16,PROD_010,35,90.36,0,78.0,9
2023-02-17,PROD_010,56,93.38,0,32.0,9
2023-02-18,PROD_010,43,91.43,0,72.0,9
2023-02-19,PROD_010,48,93.07,0,105.0,9
2023-02-20,PROD_010,76,87.89,1,63.0,9
2023-02-21,PROD_010,34,92.43,0,60.0,9
2023-02-22,PROD_010,22,91.47,0,58.0,9
2023-02-23,PROD_010,25,94.4,0,35.0,9
2023-02-24,PROD_010,57,89.83,0,56.0,9
2023-02-25,PROD_010,63,87.74,0,43.0,9
2023-02-26,PROD_010,49,91.49,0,48.0,9
2023-02-27,PROD_010,28,96.91,0,76.0,9
2023-02-28,PROD_010,52,84.98,1,34.0,9
2023-03-01,PROD_010,67,91.66,0,22.0,9
2023-03-02,PROD_010,18,96.52,0,25.0,9
2023-03-03,PROD_010,16,88.96,0,57.0,9
2023-03-04,PROD_010,53,91.32,0,63.0,9
2023-03-05,PROD_010,41,89.8,0,49.0,9
2023-03-06,PROD_010,23,92.05,0,28.0,9
2023-03-07,PROD_010,24,89.58,0,52.0,9
2023-03-08,PROD_010,30,83.81,1,67.0,9
2023-03-09,PROD_010,26,92.52,0,18.0,9
2023-03-10,PROD_010,71,84.18,1,16.0,9
2023-03-11,PROD_010,31,92.24,0,53.0,9
2023-03-12,PROD_010,83,90.07,0,41.0,9
2023-03-13,PROD_010,52,85.09,0,23.0,9
2023-03-14,PROD_010,26,91.2,0,24.0,9
2023-03-15,PROD_010,39,92.98,0,30.0,9
2023-03-16,PROD_010,58,89.26,0,26.0,9
2023-03-17,PROD_010,65,91.59,0,71.0,9
2023-03-18,PROD_010,65,87.74,1,31.0,9
2023-03-19,PROD_010,22,93.48,0,83.0,9
2023-03-20,PROD_010,75,89.7,0,52.0,9
2023-03-21,PROD_010,57,83.92,1,26.0,9
2023-03-22,PROD_010,85,88.94,1,39.0,9
2023-03-23,PROD_010,47,90.28,0,58.0,9
2023-03-24,PROD_010,58,90.98,0,65.0,9
2023-03-25,PROD_010,48,90.85,0,65.0,9
2023-03-26,PROD_010,93,85.59,1,22.0,9
2023-03-27,PROD_010,31,75.88,1,75.0,9
2023-03-28,PROD_010,40,91.51,0,57.0,9
2023-03-29,PROD_010,39,86.88,1,85.0,9
2023-03-30,PROD_010,40,78.55,1,47.0,9
2023-03-31,PROD_010,54,89.46,0,58.0,9
2023-04-01,PROD_010,33,93.58,0,48.0,9
2023-04-02,PROD_010,57,80.44,1,93.0,9
2023-04-03,PROD_010,43,93.75,0,31.0,9
2023-04-04,PROD_010,29,88.74,0,40.0,9
2023-04-05,PROD_010,31,90.53,0,39.0,9
2023-04-06,PROD_010,46,90.22,0,40.0,9
2023-04-07,PROD_010,70,82.99,1,54.0,9
2023-04-08,PROD_010,67,88.35,0,33.0,9
2023-04-09,PROD_010,94,88.8,0,57.0,9
2023-04-10,PROD_010,26,93.21,0,43.0,9
2023-04-11,PROD_010,47,92.41,0,29.0,9
2023-04-12,PROD_010,66,86.72,1,31.0,9
2023-04-13,PROD_010,65,86.21,1,46.0,9
2023-04-14,PROD_010,50,83.16,1,70.0,9
2023-04-15,PROD_010,60,92.45,0,67.0,9
2023-04-16,PROD_010,40,79.03,1,94.0,9
2023-04-17,PROD_010,59,85.1,1,26.0,9
2023-04-18,PROD_010,37,75.64,1,47.0,9
2023-04-19,PROD_010,78,79.7,1,66.0,9
2023-04-20,PROD_010,36,93.99,0,65.0,9
2023-04-21,PROD_010,87,85.8,1,50.0,9
2023-04-22,PROD_010,64,83.68,1,60.0,9
2023-04-23,PROD_010,32,87.97,0,40.0,9
2023-04-24,PROD_010,37,82.97,1,59.0,9
2023-04-25,PROD_010,52,85.05,1,37.0,9
2023-04-26,PROD_010,43,90.56,0,78.0,9
2023-04-27,PROD_010,71,81.01,1,36.0,9
2023-04-28,PROD_010,66,85.2,1,87.0,9
2023-04-29,PROD_010,84,92.74,0,64.0,9
2023-04-30,PROD_010,73,90.26,0,32.0,9
2023-05-01,PROD_010,60,92.19,0,37.0,9
2023-05-02,PROD_010,23,86.66,0,52.0,9
2023-05-03,PROD_010,59,87.82,0,43.0,9
2023-05-04,PROD_010,84,78.44,1,71.0,9
2023-05-05,PROD_010,29,92.06,0,66.0,9
2023-05-06,PROD_010,65,86.23,1,84.0,9
2023-05-07,PROD_010,42,91.31,0,73.0,9
2023-05-08,PROD_010,63,87.41,1,60.0,9
2023-05-09,PROD_010,53,94.54,0,23.0,9
2023-05-10,PROD_010,44,84.44,1,59.0,9
2023-05-11,PROD_010,40,90.38,0,84.0,9
2023-05-12,PROD_010,27,94.52,0,29.0,9
2023-05-13,PROD_010,55,91.99,0,65.0,9
2023-05-14,PROD_010,48,91.22,0,42.0,9
2023-05-15,PROD_010,36,88.63,0,63.0,9
2023-05-16,PROD_010,42,94.61,0,53.0,9
2023-05-17,PROD_010,61,85.92,1,44.0,9
2023-05-18,PROD_010,58,90.09,0,40.0,9
2023-05-19,PROD_010,62,80.63,1,27.0,9
2023-05-20,PROD_010,26,94.85,0,55.0,9
2023-05-21,PROD_010,69,95.47,0,48.0,9
2023-05-22,PROD_010,40,89.33,0,36.0,9
2023-05-23,PROD_010,57,80.35,1,42.0,9
2023-05-24,PROD_010,64,82.57,1,61.0,9
2023-05-25,PROD_010,28,89.37,0,58.0,9
2023-05-26,PROD_010,79,83.95,1,62.0,9
2023-05-27,PROD_010,40,91.38,0,26.0,9
2023-05-28,PROD_010,45,84.98,0,69.0,9
2023-05-29,PROD_010,60,89.29,0,40.0,9
2023-05-30,PROD_010,43,90.66,0,57.0,9
2023-05-31,PROD_010,56,89.43,0,64.0,9
2023-06-01,PROD_010,54,73.39,1,28.0,9
2023-06-02,PROD_010,37,91.34,0,79.0,9
2023-06-03,PROD_010,39,80.92,1,40.0,9
2023-06-04,PROD_010,48,94.8,0,45.0,9
2023-06-05,PROD_010,80,87.23,1,60.0,9
2023-01-08,PROD_011,19,51.08,0,72.0,10
2023-01-09,PROD_011,38,51.86,0,34.0,10
2023-01-10,PROD_011,74,48.01,1,43.0,10
2023-01-11,PROD_011,72,50.2,1,51.0,10
2023-01-12,PROD_011,24,47.68,0,39.0,10
2023-01-13,PROD_011,31,43.0,1,46.0,10
2023-01-14,PROD_011,40,53.08,0,34.0,10
2023-01-15,PROD_011,27,50.24,0,19.0,10
2023-01-16,PROD_011,67,42.73,1,38.0,10
2023-01-17,PROD_011,56,51.47,0,74.0,10
2023-01-18,PROD_011,45,43.92,1,72.0,10
2023-01-19,PROD_011,64,48.38,1,24.0,10
2023-01-20,PROD_011,51,45.24,1,31.0,10
2023-01-21,PROD_011,70,51.6,0,40.0,10
2023-01-22,PROD_011,44,52.01,0,27.0,10
2023-01-23,PROD_011,26,51.06,0,67.0,10
2023-01-24,PROD_011,12,51.52,0,56.0,10
2023-01-25,PROD_011,45,50.91,0,45.0,10
2023-01-26,PROD_011,24,50.8,0,64.0,10
2023-01-27,PROD_011,37,50.27,0,51.0,10
2023-01-28,PROD_011,61,45.13,1,70.0,10
2023-01-29,PROD_011,66,48.48,1,44.0,10
2023-01-30,PROD_011,56,49.6,0,26.0,10
2023-01-31,PROD_011,32,50.96,0,12.0,10
2023-02-01,PROD_011,56,49.67,1,45.0,10
2023-02-02,PROD_011,46,47.26,1,24.0,10
2023-02-03,PROD_011,60,48.96,1,37.0,10
2023-02-04,PROD_011,57,44.2,1,61.0,10
2023-02-05,PROD_011,53,51.34,0,66.0,10
2023-02-06,PROD_011,37,51.57,0,56.0,10
2023-02-07,PROD_011,56,49.54,0,32.0,10
2023-02-08,PROD_011,51,51.21,0,56.0,10
2023-02-09,PROD_011,65,49.39,1,46.0,10
2023-02-10,PROD_011,39,50.64,0,60.0,10
2023-02-11,PROD_011,31,50.52,0,57.0,10
2023-02-12,PROD_011,50,47.48,1,53.0,10
2023-02-13,PROD_011,51,46.94,1,37.0,10
2023-02-14,PROD_011,31,44.49,1,56.0,10
2023-02-15,PROD_011,34,50.09,0,51.0,10
2023-02-16,PROD_011,53,52.18,0,65.0,10
2023-02-17,PROD_011,116,44.64,1,39.0,10
2023-02-18,PROD_011,43,49.92,0,31.0,10
2023-02-19,PROD_011,44,47.04,1,50.0,10
2023-02-20,PROD_011,75,50.31,0,51.0,10
2023-02-21,PROD_011,69,51.36,0,31.0,10
2023-02-22,PROD_011,75,49.0,1,34.0,10
2023-02-23,PROD_011,25,48.64,0,53.0,10
2023-02-24,PROD_011,43,53.19,0,116.0,10
2023-02-25,PROD_011,58,52.46,0,43.0,10
2023-02-26,PROD_011,101,49.5,0,44.0,10
2023-02-27,PROD_011,81,49.99,0,75.0,10
2023-02-28,PROD_011,69,52.49,0,69.0,10
2023-03-01,PROD_011,40,53.15,0,75.0,10
2023-03-02,PROD_011,58,51.01,0,25.0,10
2023-03-03,PROD_011,49,46.57,1,43.0,10
2023-03-04,PROD_011,80,52.27,0,58.0,10
2023-03-05,PROD_011,77,51.79,0,101.0,10
2023-03-06,PROD_011,70,51.2,0,81.0,10
2023-03-07,PROD_011,106,45.56,1,69.0,10
2023-03-08,PROD_011,81,45.21,1,40.0,10
2023-03-09,PROD_011,32,51.28,0,58.0,10
2023-03-10,PROD_011,63,52.91,0,49.0,10
2023-03-11,PROD_011,20,50.92,0,80.0,10
2023-03-12,PROD_011,70,45.86,1,77.0,10
2023-03-13,PROD_011,38,47.69,1,70.0,10
2023-03-14,PROD_011,41,53.23,0,106.0,10
2023-03-15,PROD_011,40,50.36,0,81.0,10
2023-03-16,PROD_011,51,53.28,0,32.0,10
2023-03-17,PROD_011,24,49.04,0,63.0,10
2023-03-18,PROD_011,53,52.56,0,20.0,10
2023-03-19,PROD_011,90,51.18,0,70.0,10
2023-03-20,PROD_011,90,49.13,1,38.0,10
2023-03-21,PROD_011,56,46.55,1,41.0,10
2023-03-22,PROD_011,61,49.41,0,40.0,10
2023-03-23,PROD_011,63,51.03,0,51.0,10
2023-03-24,PROD_011,68,51.72,0,24.0,10
2023-03-25,PROD_011,65,50.45,0,53.0,10
2023-03-26,PROD_011,78,49.07,1,90.0,10
2023-03-27,PROD_011,79,49.4,1,90.0,10
2023-03-28,PROD_011,66,46.01,1,56.0,10
2023-03-29,PROD_011,83,51.24,0,61.0,10
2023-03-30,PROD_011,62,51.85,0,63.0,10
2023-03-31,PROD_011,80,42.14,1,68.0,10
2023-04-01,PROD_011,64,51.1,0,65.0,10
2023-04-02,PROD_011,78,43.74,1,78.0,10
2023-04-03,PROD_011,49,48.42,0,79.0,10
2023-04-04,PROD_011,45,41.82,1,66.0,10
2023-04-05,PROD_011,39,54.26,0,83.0,10
2023-04-06,PROD_011,67,50.94,0,62.0,10
2023-04-07,PROD_011,76,51.51,0,80.0,10
2023-04-08,PROD_011,69,50.44,0,64.0,10
2023-04-09,PROD_011,61,53.9,0,78.0,10
2023-04-10,PROD_011,73,44.49,1,49.0,10
2023-04-11,PROD_011,72,51.03,0,45.0,10
2023-04-12,PROD_011,85,49.07,1,39.0,10
2023-04-13,PROD_011,38,49.08,0,67.0,10
2023-04-14,PROD_011,51,45.61,1,76.0,10
2023-04-15,PROD_011,154,43.19,1,69.0,10
2023-04-16,PROD_011,44,50.12,0,61.0,10
2023-04-17,PROD_011,72,49.88,0,73.0,10
2023-04-18,PROD_011,47,50.93,0,72.0,10
2023-04-19,PROD_011,47,45.1,1,85.0,10
2023-04-20,PROD_011,88,51.1,0,38.0,10
2023-04-21,PROD_011,33,51.29,0,51.0,10
2023-04-22,PROD_011,88,47.4,1,154.0,10
2023-04-23,PROD_011,59,49.07,1,44.0,10
2023-04-24,PROD_011,57,52.21,0,72.0,10
2023-04-25,PROD_011,20,53.96,0,47.0,10
2023-04-26,PROD_011,61,53.15,0,47.0,10
2023-04-27,PROD_011,41,50.04,0,88.0,10
2023-04-28,PROD_011,71,51.82,0,33.0,10
2023-04-29,PROD_011,43,51.58,0,88.0,10
2023-04-30,PROD_011,122,45.8,1,59.0,10
2023-05-01,PROD_011,58,45.6,1,57.0,10
2023-05-02,PROD_011,46,52.91,0,20.0,10
2023-05-03,PROD_011,56,52.98,0,61.0,10
2023-05-04,PROD_011,18,49.9,0,41.0,10
2023-05-05,PROD_011,66,51.8,0,71.0,10
2023-05-06,PROD_011,67,49.21,1,43.0,10
2023-05-07,PROD_011,79,51.61,0,122.0,10
2023-05-08,PROD_011,51,49.74,0,58.0,10
2023-05-09,PROD_011,54,50.12,0,46.0,10
2023-05-10,PROD_011,26,44.77,1,56.0,10
2023-05-11,PROD_011,71,36.16,1,18.0,10
2023-05-12,PROD_011,79,51.14,0,66.0,10
2023-05-13,PROD_011,36,50.53,0,67.0,10
2023-05-14,PROD_011,46,45.0,1,79.0,10
2023-05-15,PROD_011,64,51.6,0,51.0,10
2023-05-16,PROD_011,25,51.34,0,54.0,10
2023-05-17,PROD_011,19,52.58,0,26.0,10
2023-05-18,PROD_011,63,52.68,0,71.0,10
2023-05-19,PROD_011,40,50.48,0,79.0,10
2023-05-20,PROD_011,29,53.58,0,36.0,10
2023-05-21,PROD_011,40,54.16,0,46.0,10
2023-05-22,PROD_011,27,43.2,1,64.0,10
2023-05-23,PROD_011,98,49.29,1,25.0,10
2023-05-24,PROD_011,82,47.1,1,19.0,10
2023-05-25,PROD_011,28,49.76,0,63.0,10
2023-05-26,PROD_011,53,51.98,0,40.0,10
2023-05-27,PROD_011,36,51.56,0,29.0,10
2023-05-28,PROD_011,48,50.38,0,40.0,10
2023-05-29,PROD_011,52,47.54,1,27.0,10
2023-05-30,PROD_011,76,48.02,1,98.0,10
2023-05-31,PROD_011,68,49.05,1,82.0,10
2023-06-01,PROD_011,28,52.53,0,28.0,10
2023-06-02,PROD_011,40,47.23,1,53.0,10
2023-06-03,PROD_011,41,52.64,0,36.0,10
2023-06-04,PROD_011,123,50.51,1,48.0,10
2023-06-05,PROD_011,69,44.1,1,52.0,10
2023-01-08,PROD_012,81,29.78,1,51.0,11
2023-01-09,PROD_012,17,29.68,1,45.0,11
2023-01-10,PROD_012,17,33.0,0,31.0,11
2023-01-11,PROD_012,72,31.71,1,51.0,11
2023-01-12,PROD_012,67,33.82,0,86.0,11
2023-01-13,PROD_012,42,31.25,1,36.0,11
2023-01-14,PROD_012,64,32.99,0,98.0,11
2023-01-15,PROD_012,90,32.6,1,81.0,11
2023-01-16,PROD_012,64,34.86,0,17.0,11
2023-01-17,PROD_012,39,34.77,0,17.0,11
2023-01-18,PROD_012,34,28.62,1,72.0,11
2023-01-19,PROD_012,43,28.73,1,67.0,11
2023-01-20,PROD_012,51,34.05,0,42.0,11
2023-01-21,PROD_012,52,35.03,0,64.0,11
2023-01-22,PROD_012,95,34.5,0,90.0,11
2023-01-23,PROD_012,15,35.27,0,64.0,11
2023-01-24,PROD_012,51,31.81,1,39.0,11
2023-01-25,PROD_012,68,33.25,0,34.0,11
2023-01-26,PROD_012,56,32.92,0,43.0,11
2023-01-27,PROD_012,55,33.82,0,51.0,11
2023-01-28,PROD_012,97,31.46,1,52.0,11
2023-01-29,PROD_012,81,34.75,0,95.0,11
2023-01-30,PROD_012,70,33.14,1,15.0,11
2023-01-31,PROD_012,73,29.68,1,51.0,11
2023-02-01,PROD_012,64,33.49,0,68.0,11
2023-02-02,PROD_012,31,33.46,0,56.0,11
2023-02-03,PROD_012,63,34.01,0,55.0,11
2023-02-04,PROD_012,44,34.17,0,97.0,11
2023-02-05,PROD_012,39,34.93,0,81.0,11
2023-02-06,PROD_012,55,31.94,1,70.0,11
2023-02-07,PROD_012,57,32.65,1,73.0,11
2023-02-08,PROD_012,74,33.16,1,64.0,11
2023-02-09,PROD_012,31,34.07,0,31.0,11
2023-02-10,PROD_012,61,32.56,0,63.0,11
2023-02-11,PROD_012,81,33.7,0,44.0,11
2023-02-12,PROD_012,69,31.34,1,39.0,11
2023-02-13,PROD_012,62,35.73,0,55.0,11
2023-02-14,PROD_012,63,30.07,1,57.0,11
2023-02-15,PROD_012,75,32.95,1,74.0,11
2023-02-16,PROD_012,62,32.03,1,31.0,11
2023-02-17,PROD_012,17,33.03,0,61.0,11
2023-02-18,PROD_012,78,32.67,1,81.0,11
2023-02-19,PROD_012,118,31.79,1,69.0,11
2023-02-20,PROD_012,26,34.84,0,62.0,11
2023-02-21,PROD_012,69,34.45,0,63.0,11
2023-02-22,PROD_012,76,30.83,1,75.0,11
2023-02-23,PROD_012,75,32.47,1,62.0,11
2023-02-24,PROD_012,89,32.11,1,17.0,11
2023-02-25,PROD_012,125,32.42,1,78.0,11
2023-02-26,PROD_012,87,33.0,1,118.0,11
2023-02-27,PROD_012,35,33.98,0,26.0,11
2023-02-28,PROD_012,49,30.14,1,69.0,11
2023-03-01,PROD_012,79,32.74,1,76.0,11
2023-03-02,PROD_012,63,31.6,1,75.0,11
2023-03-03,PROD_012,37,34.5,0,89.0,11
2023-03-04,PROD_012,86,34.06,0,125.0,11
2023-03-05,PROD_012,87,31.69,1,87.0,11
2023-03-06,PROD_012,56,33.47,0,35.0,11
2023-03-07,PROD_012,74,33.16,0,49.0,11
2023-03-08,PROD_012,92,34.72,0,79.0,11
2023-03-09,PROD_012,49,30.74,1,63.0,11
2023-03-10,PROD_012,43,33.31,0,37.0,11
2023-03-11,PROD_012,57,27.89,1,86.0,11
2023-03-12,PROD_012,95,34.42,0,87.0,11
2023-03-13,PROD_012,30,34.28,0,56.0,11
2023-03-14,PROD_012,129,30.23,1,74.0,11
2023-03-15,PROD_012,53,32.62,0,92.0,11
2023-03-16,PROD_012,53,34.09,0,49.0,11
2023-03-17,PROD_012,40,34.7,0,43.0,11
2023-03-18,PROD_012,38,32.41,0,57.0,11
2023-03-19,PROD_012,69,34.29,0,95.0,11
2023-03-20,PROD_012,72,31.58,1,30.0,11
2023-03-21,PROD_012,52,34.15,0,129.0,11
2023-03-22,PROD_012,60,30.71,1,53.0,11
2023-03-23,PROD_012,75,29.92,1,53.0,11
2023-03-24,PROD_012,88,32.93,1,40.0,11
2023-03-25,PROD_012,102,34.48,0,38.0,11
2023-03-26,PROD_012,62,35.61,0,69.0,11
2023-03-27,PROD_012,73,33.49,0,72.0,11
2023-03-28,PROD_012,52,32.77,0,52.0,11
2023-03-29,PROD_012,80,34.04,0,60.0,11
2023-03-30,PROD_012,62,32.65,0,75.0,11
2023-03-31,PROD_012,35,28.14,1,88.0,11
2023-04-01,PROD_012,24,33.22,0,102.0,11
2023-04-02,PROD_012,106,34.51,0,62.0,11
2023-04-03,PROD_012,43,33.46,0,73.0,11
2023-04-04,PROD_012,68,30.97,1,52.0,11
2023-04-05,PROD_012,36,36.3,0,80.0,11
2023-04-06,PROD_012,51,35.51,0,62.0,11
2023-04-07,PROD_012,90,32.32,1,35.0,11
2023-04-08,PROD_012,70,34.84,0,24.0,11
2023-04-09,PROD_012,82,34.06,0,106.0,11
2023-04-10,PROD_012,52,33.62,0,43.0,11
2023-04-11,PROD_012,65,30.13,1,68.0,11
2023-04-12,PROD_012,73,33.62,0,36.0,11
2023-04-13,PROD_012,33,34.8,0,51.0,11
2023-04-14,PROD_012,38,33.62,0,90.0,11
2023-04-15,PROD_012,77,34.02,0,70.0,11
2023-04-16,PROD_012,105,30.72,1,82.0,11
2023-04-17,PROD_012,63,31.71,1,52.0,11
2023-04-18,PROD_012,71,34.66,0,65.0,11
2023-04-19,PROD_012,77,30.61,1,73.0,11
2023-04-20,PROD_012,58,34.92,0,33.0,11
2023-04-21,PROD_012,50,33.28,0,38.0,11
2023-04-22,PROD_012,64,32.63,0,77.0,11
2023-04-23,PROD_012,74,24.48,1,105.0,11
2023-04-24,PROD_012,31,34.85,0,63.0,11
2023-04-25,PROD_012,41,34.8,0,71.0,11
2023-04-26,PROD_012,48,33.34,0,77.0,11
2023-04-27,PROD_012,48,34.86,0,58.0,11
2023-04-28,PROD_012,48,35.24,0,50.0,11
2023-04-29,PROD_012,81,29.84,1,64.0,11
2023-04-30,PROD_012,51,33.66,0,74.0,11
2023-05-01,PROD_012,50,34.16,0,31.0,11
2023-05-02,PROD_012,51,32.3,1,41.0,11
2023-05-03,PROD_012,46,31.72,1,48.0,11
2023-05-04,PROD_012,34,35.25,0,48.0,11
2023-05-05,PROD_012,59,30.23,1,48.0,11
2023-05-06,PROD_012,74,34.06,0,81.0,11
2023-05-07,PROD_012,122,32.3,1,51.0,11
2023-05-08,PROD_012,71,34.15,0,50.0,11
2023-05-09,PROD_012,39,33.89,0,51.0,11
2023-05-10,PROD_012,49,34.34,0,46.0,11
2023-05-11,PROD_012,71,31.84,1,34.0,11
2023-05-12,PROD_012,44,33.47,0,59.0,11
2023-05-13,PROD_012,40,33.39,0,74.0,11
2023-05-14,PROD_012,57,28.66,1,122.0,11
2023-05-15,PROD_012,49,35.06,0,71.0,11
2023-05-16,PROD_012,23,33.94,0,39.0,11
2023-05-17,PROD_012,77,31.74,1,49.0,11
2023-05-18,PROD_012,19,33.54,0,71.0,11
2023-05-19,PROD_012,82,33.43,0,44.0,11
2023-05-20,PROD_012,52,34.34,0,40.0,11
2023-05-21,PROD_012,96,33.17,1,57.0,11
2023-05-22,PROD_012,41,33.81,0,49.0,11
2023-05-23,PROD_012,59,32.32,1,23.0,11
2023-05-24,PROD_012,52,35.24,0,77.0,11
2023-05-25,PROD_012,48,33.0,0,19.0,11
2023-05-26,PROD_012,33,33.86,0,82.0,11
2023-05-27,PROD_012,59,35.44,0,52.0,11
2023-05-28,PROD_012,130,32.32,1,96.0,11
2023-05-29,PROD_012,21,35.56,0,41.0,11
2023-05-30,PROD_012,80,32.05,1,59.0,11
2023-05-31,PROD_012,84,31.54,1,52.0,11
2023-06-01,PROD_012,43,34.94,0,48.0,11
2023-06-02,PROD_012,28,33.34,0,33.0,11
2023-06-03,PROD_012,68,32.21,1,59.0,11
2023-06-04,PROD_012,90,32.45,1,130.0,11
2023-06-05,PROD_012,38,30.76,1,21.0,11
