datasets used to train models/train.csv
date,product_id,units_sold,sale_price,is_promo,lag_7,product_id_encoded
2023-01-08,PROD_013,58,94.22,1,120.0,12
2023-01-09,PROD_013,62,110.0,0,75.0,12
2023-01-10,PROD_013,82,104.28,1,37.0,12
2023-01-11,PROD_013,79,108.54,1,83.0,12
2023-01-12,PROD_013,24,109.98,0,50.0,12
2023-01-13,PROD_013,23,113.95,0,47.0,12
2023-01-14,PROD_013,56,98.93,1,121.0,12
2023-01-15,PROD_013,98,102.38,1,58.0,12
2023-01-16,PROD_013,86,106.36,0,62.0,12
2023-01-17,PROD_013,118,103.3,1,82.0,12
2023-01-18,PROD_013,66,113.03,0,79.0,12
2023-01-19,PROD_013,23,106.48,0,24.0,12
2023-01-20,PROD_013,31,113.68,0,23.0,12
2023-01-21,PROD_013,117,114.13,0,56.0,12
2023-01-22,PROD_013,85,110.46,0,98.0,12
2023-01-23,PROD_013,59,115.46,0,86.0,12
2023-01-24,PROD_013,83,108.16,0,118.0,12
2023-01-25,PROD_013,56,101.87,1,66.0,12
2023-01-26,PROD_013,50,115.06,0,23.0,12
2023-01-27,PROD_013,65,113.43,0,31.0,12
2023-01-28,PROD_013,131,108.36,1,117.0,12
2023-01-29,PROD_013,84,115.06,0,85.0,12
2023-01-30,PROD_013,28,97.65,1,59.0,12
2023-01-31,PROD_013,64,111.7,0,83.0,12
2023-02-01,PROD_013,33,110.9,0,56.0,12
2023-02-02,PROD_013,41,99.5,1,50.0,12
2023-02-03,PROD_013,61,101.82,1,65.0,12
2023-02-04,PROD_013,110,110.32,0,131.0,12
2023-02-05,PROD_013,90,109.04,0,84.0,12
2023-02-06,PROD_013,77,102.55,1,28.0,12
2023-02-07,PROD_013,59,99.11,1,64.0,12
2023-02-08,PROD_013,38,107.88,0,33.0,12
2023-02-09,PROD_013,60,113.39,0,41.0,12
2023-02-10,PROD_013,83,103.18,1,61.0,12
2023-02-11,PROD_013,115,110.51,0,110.0,12
2023-02-12,PROD_013,120,109.67,0,90.0,12
2023-02-13,PROD_013,43,112.44,0,77.0,12
2023-02-14,PROD_013,72,116.14,0,59.0,12
2023-02-15,PROD_013,37,105.94,0,38.0,12
2023-02-16,PROD_013,27,109.58,0,60.0,12
2023-02-17,PROD_013,26,111.31,0,83.0,12
2023-02-18,PROD_013,161,108.33,1,115.0,12
2023-02-19,PROD_013,165,89.63,1,120.0,12
2023-02-20,PROD_013,38,112.48,0,43.0,12
2023-02-21,PROD_013,41,104.08,1,72.0,12
2023-02-22,PROD_013,57,112.67,0,37.0,12
2023-02-23,PROD_013,54,113.32,0,27.0,12
2023-02-24,PROD_013,105,105.66,1,26.0,12
2023-02-25,PROD_013,90,106.52,0,161.0,12
2023-02-26,PROD_013,48,114.37,0,165.0,12
2023-02-27,PROD_013,65,103.34,1,38.0,12
2023-02-28,PROD_013,65,109.49,0,41.0,12
2023-03-01,PROD_013,38,110.42,0,57.0,12
2023-03-02,PROD_013,117,104.73,1,54.0,12
2023-03-03,PROD_013,71,112.17,0,105.0,12
2023-03-04,PROD_013,131,115.28,0,90.0,12
2023-03-05,PROD_013,100,112.01,0,48.0,12
2023-03-06,PROD_013,33,112.95,0,65.0,12
2023-03-07,PROD_013,53,112.55,0,65.0,12
2023-03-08,PROD_013,46,114.15,0,38.0,12
2023-03-09,PROD_013,72,111.26,0,117.0,12
2023-03-10,PROD_013,46,110.66,0,71.0,12
2023-03-11,PROD_013,83,113.28,0,131.0,12
2023-03-12,PROD_013,172,100.55,1,100.0,12
2023-03-13,PROD_013,27,111.88,0,33.0,12
2023-03-14,PROD_013,110,95.2,1,53.0,12
2023-03-15,PROD_013,44,115.45,0,46.0,12
2023-03-16,PROD_013,58,112.29,0,72.0,12
2023-03-17,PROD_013,46,117.2,0,46.0,12
2023-03-18,PROD_013,64,102.53,1,83.0,12
2023-03-19,PROD_013,99,113.33,0,172.0,12
2023-03-20,PROD_013,37,110.38,0,27.0,12
2023-03-21,PROD_013,100,106.42,1,110.0,12
2023-03-22,PROD_013,84,111.47,0,44.0,12
2023-03-23,PROD_013,101,113.52,0,58.0,12
2023-03-24,PROD_013,64,112.94,0,46.0,12
2023-03-25,PROD_013,57,113.98,0,64.0,12
2023-03-26,PROD_013,40,117.69,0,99.0,12
2023-03-27,PROD_013,64,101.19,1,37.0,12
2023-03-28,PROD_013,63,107.03,1,100.0,12
2023-03-29,PROD_013,71,98.96,1,84.0,12
2023-03-30,PROD_013,61,108.35,0,101.0,12
2023-03-31,PROD_013,40,114.71,0,64.0,12
2023-04-01,PROD_013,112,112.87,0,57.0,12
2023-04-02,PROD_013,123,106.91,0,40.0,12
2023-04-03,PROD_013,39,114.36,0,64.0,12
2023-04-04,PROD_013,68,112.03,0,63.0,12
2023-04-05,PROD_013,69,111.78,0,71.0,12
2023-04-06,PROD_013,41,112.62,0,61.0,12
2023-04-07,PROD_013,22,104.44,0,40.0,12
2023-04-08,PROD_013,51,113.77,0,112.0,12
2023-04-09,PROD_013,50,112.81,0,123.0,12
2023-04-10,PROD_013,58,111.02,0,39.0,12
2023-04-11,PROD_013,51,117.11,0,68.0,12
2023-04-12,PROD_013,34,92.5,1,69.0,12
2023-04-13,PROD_013,113,108.09,1,41.0,12
2023-04-14,PROD_013,51,111.17,0,22.0,12
2023-04-15,PROD_013,62,97.49,1,51.0,12
2023-04-16,PROD_013,39,113.82,0,50.0,12
2023-04-17,PROD_013,84,106.75,1,58.0,12
2023-04-18,PROD_013,33,113.66,0,51.0,12
2023-04-19,PROD_013,95,106.86,0,34.0,12
2023-04-20,PROD_013,37,107.28,0,113.0,12
2023-04-21,PROD_013,47,109.97,0,51.0,12
2023-04-22,PROD_013,33,117.37,0,62.0,12
2023-04-23,PROD_013,77,100.81,1,39.0,12
2023-04-24,PROD_013,32,109.35,0,84.0,12
2023-04-25,PROD_013,105,109.14,1,33.0,12
2023-04-26,PROD_013,49,111.59,0,95.0,12
2023-04-27,PROD_013,77,111.77,0,37.0,12
2023-04-28,PROD_013,72,104.92,1,47.0,12
2023-04-29,PROD_013,135,106.34,1,33.0,12
2023-04-30,PROD_013,38,109.98,0,77.0,12
2023-05-01,PROD_013,68,111.87,0,32.0,12
2023-05-02,PROD_013,81,111.03,0,105.0,12
2023-05-03,PROD_013,89,105.36,1,49.0,12
2023-05-04,PROD_013,67,112.17,0,77.0,12
2023-05-05,PROD_013,43,106.9,0,72.0,12
2023-05-06,PROD_013,71,106.82,1,135.0,12
2023-05-07,PROD_013,102,107.3,1,38.0,12
2023-05-08,PROD_013,52,105.38,0,68.0,12
2023-05-09,PROD_013,34,112.44,0,81.0,12
2023-05-10,PROD_013,70,109.78,0,89.0,12
2023-05-11,PROD_013,37,109.27,0,67.0,12
2023-05-12,PROD_013,72,102.46,1,43.0,12
2023-05-13,PROD_013,111,109.26,1,71.0,12
2023-05-14,PROD_013,96,113.63,0,102.0,12
2023-05-15,PROD_013,68,104.38,1,52.0,12
2023-05-16,PROD_013,38,108.71,0,34.0,12
2023-05-17,PROD_013,66,112.52,0,70.0,12
2023-05-18,PROD_013,52,111.28,0,37.0,12
2023-05-19,PROD_013,73,105.8,0,72.0,12
2023-05-20,PROD_013,47,110.76,0,111.0,12
2023-05-21,PROD_013,103,109.4,0,96.0,12
2023-05-22,PROD_013,107,114.2,0,68.0,12
2023-05-23,PROD_013,47,104.53,1,38.0,12
2023-05-24,PROD_013,30,105.22,0,66.0,12
2023-05-25,PROD_013,39,118.72,0,52.0,12
2023-05-26,PROD_013,102,104.18,1,73.0,12
2023-05-27,PROD_013,52,102.21,1,47.0,12
2023-05-28,PROD_013,134,99.57,1,103.0,12
2023-05-29,PROD_013,55,112.13,0,107.0,12
2023-05-30,PROD_013,50,112.07,0,47.0,12
2023-05-31,PROD_013,96,114.01,0,30.0,12
2023-06-01,PROD_013,56,105.89,0,39.0,12
2023-06-02,PROD_013,63,82.47,1,102.0,12
2023-06-03,PROD_013,28,107.28,0,52.0,12
2023-06-04,PROD_013,151,97.19,1,134.0,12
2023-06-05,PROD_013,25,115.52,0,55.0,12
2023-01-08,PROD_014,51,89.04,0,118.0,13
2023-01-09,PROD_014,87,85.97,0,42.0,13
2023-01-10,PROD_014,46,84.05,0,25.0,13
2023-01-11,PROD_014,130,78.34,1,38.0,13
2023-01-12,PROD_014,37,81.96,0,50.0,13
2023-01-13,PROD_014,70,83.2,0,67.0,13
2023-01-14,PROD_014,50,84.11,0,34.0,13
2023-01-15,PROD_014,86,82.03,1,51.0,13
2023-01-16,PROD_014,37,82.1,0,87.0,13
2023-01-17,PROD_014,26,86.56,0,46.0,13
2023-01-18,PROD_014,61,84.55,0,130.0,13
2023-01-19,PROD_014,69,86.89,0,37.0,13
2023-01-20,PROD_014,45,84.08,0,70.0,13
2023-01-21,PROD_014,76,89.61,0,50.0,13
2023-01-22,PROD_014,117,88.9,0,86.0,13
2023-01-23,PROD_014,36,86.58,0,37.0,13
2023-01-24,PROD_014,77,81.66,1,26.0,13
2023-01-25,PROD_014,51,85.58,0,61.0,13
2023-01-26,PROD_014,26,87.77,0,69.0,13
2023-01-27,PROD_014,53,87.38,0,45.0,13
2023-01-28,PROD_014,68,83.82,0,76.0,13
2023-01-29,PROD_014,95,88.81,0,117.0,13
2023-01-30,PROD_014,27,85.02,0,36.0,13
2023-01-31,PROD_014,114,85.06,1,77.0,13
2023-02-01,PROD_014,63,80.09,1,51.0,13
2023-02-02,PROD_014,78,86.1,0,26.0,13
2023-02-03,PROD_014,75,82.69,0,53.0,13
2023-02-04,PROD_014,56,75.33,1,68.0,13
2023-02-05,PROD_014,73,86.61,0,95.0,13
2023-02-06,PROD_014,75,86.71,0,27.0,13
2023-02-07,PROD_014,60,86.63,0,114.0,13
2023-02-08,PROD_014,30,87.23,0,63.0,13
2023-02-09,PROD_014,50,85.75,0,78.0,13
2023-02-10,PROD_014,36,80.21,1,75.0,13
2023-02-11,PROD_014,132,86.05,0,56.0,13
2023-02-12,PROD_014,131,84.8,1,73.0,13
2023-02-13,PROD_014,67,81.38,1,75.0,13
2023-02-14,PROD_014,72,79.84,1,60.0,13
2023-02-15,PROD_014,87,87.7,0,30.0,13
2023-02-16,PROD_014,29,86.14,0,50.0,13
2023-02-17,PROD_014,86,83.65,1,36.0,13
2023-02-18,PROD_014,96,81.73,1,132.0,13
2023-02-19,PROD_014,38,90.16,0,131.0,13
2023-02-20,PROD_014,23,89.15,0,67.0,13
2023-02-21,PROD_014,16,83.63,0,72.0,13
2023-02-22,PROD_014,81,86.89,0,87.0,13
2023-02-23,PROD_014,39,80.51,0,29.0,13
2023-02-24,PROD_014,49,91.25,0,86.0,13
2023-02-25,PROD_014,34,83.86,0,96.0,13
2023-02-26,PROD_014,142,76.49,1,38.0,13
2023-02-27,PROD_014,47,76.0,1,23.0,13
2023-02-28,PROD_014,69,87.36,0,16.0,13
2023-03-01,PROD_014,114,81.43,1,81.0,13
2023-03-02,PROD_014,84,76.73,1,39.0,13
2023-03-03,PROD_014,76,82.16,1,49.0,13
2023-03-04,PROD_014,26,88.69,0,34.0,13
2023-03-05,PROD_014,29,86.56,0,142.0,13
2023-03-06,PROD_014,34,87.98,0,47.0,13
2023-03-07,PROD_014,54,82.34,0,69.0,13
2023-03-08,PROD_014,95,85.78,1,114.0,13
2023-03-09,PROD_014,33,86.37,0,84.0,13
2023-03-10,PROD_014,47,85.85,0,76.0,13
2023-03-11,PROD_014,131,76.62,1,26.0,13
2023-03-12,PROD_014,80,78.91,1,29.0,13
2023-03-13,PROD_014,53,85.12,0,34.0,13
2023-03-14,PROD_014,87,85.09,0,54.0,13
2023-03-15,PROD_014,30,89.98,0,95.0,13
2023-03-16,PROD_014,51,85.32,0,33.0,13
2023-03-17,PROD_014,98,81.68,1,47.0,13
2023-03-18,PROD_014,111,87.72,0,131.0,13
2023-03-19,PROD_014,66,66.2,1,80.0,13
2023-03-20,PROD_014,32,72.81,1,53.0,13
2023-03-21,PROD_014,77,80.74,1,87.0,13
2023-03-22,PROD_014,81,79.42,1,30.0,13
2023-03-23,PROD_014,102,77.47,1,51.0,13
2023-03-24,PROD_014,65,89.49,0,98.0,13
2023-03-25,PROD_014,107,82.71,1,111.0,13
2023-03-26,PROD_014,50,87.26,0,66.0,13
2023-03-27,PROD_014,129,73.77,1,32.0,13
2023-03-28,PROD_014,98,81.5,1,77.0,13
2023-03-29,PROD_014,101,76.48,1,81.0,13
2023-03-30,PROD_014,68,83.21,0,102.0,13
2023-03-31,PROD_014,44,88.49,0,65.0,13
2023-04-01,PROD_014,76,76.5,1,107.0,13
2023-04-02,PROD_014,81,74.54,1,50.0,13
2023-04-03,PROD_014,42,88.18,0,129.0,13
2023-04-04,PROD_014,26,83.78,0,98.0,13
2023-04-05,PROD_014,86,80.4,1,101.0,13
2023-04-06,PROD_014,35,89.33,0,68.0,13
2023-04-07,PROD_014,67,88.02,0,44.0,13
2023-04-08,PROD_014,64,76.46,1,76.0,13
2023-04-09,PROD_014,82,82.92,1,81.0,13
2023-04-10,PROD_014,58,81.0,0,42.0,13
2023-04-11,PROD_014,88,79.9,1,26.0,13
2023-04-12,PROD_014,100,85.35,0,86.0,13
2023-04-13,PROD_014,41,88.05,0,35.0,13
2023-04-14,PROD_014,95,90.51,0,67.0,13
2023-04-15,PROD_014,61,83.53,0,64.0,13
2023-04-16,PROD_014,80,81.49,1,82.0,13
2023-04-17,PROD_014,42,86.66,0,58.0,13
2023-04-18,PROD_014,81,80.36,1,88.0,13
2023-04-19,PROD_014,55,86.39,0,100.0,13
2023-04-20,PROD_014,88,82.25,1,41.0,13
2023-04-21,PROD_014,76,79.03,1,95.0,13
2023-04-22,PROD_014,95,85.44,0,61.0,13
2023-04-23,PROD_014,82,83.34,0,80.0,13
2023-04-24,PROD_014,82,79.65,1,42.0,13
2023-04-25,PROD_014,73,81.78,1,81.0,13
2023-04-26,PROD_014,22,91.74,0,55.0,13
2023-04-27,PROD_014,65,78.6,1,88.0,13
2023-04-28,PROD_014,76,81.43,1,76.0,13
2023-04-29,PROD_014,92,85.16,0,95.0,13
2023-04-30,PROD_014,142,81.14,1,82.0,13
2023-05-01,PROD_014,44,84.98,0,82.0,13
2023-05-02,PROD_014,53,79.47,1,73.0,13
2023-05-03,PROD_014,50,87.12,0,22.0,13
2023-05-04,PROD_014,50,79.82,1,65.0,13
2023-05-05,PROD_014,99,83.44,1,76.0,13
2023-05-06,PROD_014,80,74.48,1,92.0,13
2023-05-07,PROD_014,107,83.76,1,142.0,13
2023-05-08,PROD_014,54,92.48,0,44.0,13
2023-05-09,PROD_014,38,84.9,0,53.0,13
2023-05-10,PROD_014,24,87.56,0,50.0,13
2023-05-11,PROD_014,68,86.98,0,50.0,13
2023-05-12,PROD_014,62,86.13,0,99.0,13
2023-05-13,PROD_014,42,87.46,0,80.0,13
2023-05-14,PROD_014,46,89.08,0,107.0,13
2023-05-15,PROD_014,37,83.34,0,54.0,13
2023-05-16,PROD_014,78,74.76,1,38.0,13
2023-05-17,PROD_014,81,87.11,0,24.0,13
2023-05-18,PROD_014,72,72.71,1,68.0,13
2023-05-19,PROD_014,64,79.94,1,62.0,13
2023-05-20,PROD_014,87,80.59,1,42.0,13
2023-05-21,PROD_014,103,85.68,0,46.0,13
2023-05-22,PROD_014,38,84.85,0,37.0,13
2023-05-23,PROD_014,29,84.71,0,78.0,13
2023-05-24,PROD_014,28,85.86,0,81.0,13
2023-05-25,PROD_014,26,85.8,0,72.0,13
2023-05-26,PROD_014,86,81.98,1,64.0,13
2023-05-27,PROD_014,108,76.15,1,87.0,13
2023-05-28,PROD_014,53,84.52,0,103.0,13
2023-05-29,PROD_014,89,82.52,1,38.0,13
2023-05-30,PROD_014,34,84.06,0,29.0,13
2023-05-31,PROD_014,66,80.6,1,28.0,13
2023-06-01,PROD_014,47,87.48,0,26.0,13
2023-06-02,PROD_014,87,83.04,0,86.0,13
2023-06-03,PROD_014,45,77.44,1,108.0,13
2023-06-04,PROD_014,67,91.6,0,53.0,13
2023-06-05,PROD_014,71,91.28,0,89.0,13
2023-01-08,PROD_015,99,123.78,1,136.0,14
2023-01-09,PROD_015,99,138.57,1,36.0,14
2023-01-10,PROD_015,98,137.34,0,47.0,14
2023-01-11,PROD_015,101,136.51,1,89.0,14
2023-01-12,PROD_015,67,134.43,1,78.0,14
2023-01-13,PROD_015,116,132.3,1,89.0,14
2023-01-14,PROD_015,111,139.45,1,104.0,14
2023-01-15,PROD_015,67,140.34,0,99.0,14
2023-01-16,PROD_015,58,130.86,1,99.0,14
2023-01-17,PROD_015,82,128.39,1,98.0,14
2023-01-18,PROD_015,69,131.67,1,101.0,14
2023-01-19,PROD_015,40,139.37,0,67.0,14
2023-01-20,PROD_015,40,137.5,0,116.0,14
2023-01-21,PROD_015,56,142.68,0,111.0,14
2023-01-22,PROD_015,72,148.11,0,67.0,14
2023-01-23,PROD_015,105,137.41,1,58.0,14
2023-01-24,PROD_015,81,141.08,0,82.0,14
2023-01-25,PROD_015,114,137.43,1,69.0,14
2023-01-26,PROD_015,47,143.27,0,40.0,14
2023-01-27,PROD_015,57,133.01,1,40.0,14
2023-01-28,PROD_015,125,127.04,1,56.0,14
2023-01-29,PROD_015,126,129.84,1,72.0,14
2023-01-30,PROD_015,147,133.43,1,105.0,14
2023-01-31,PROD_015,38,149.05,0,81.0,14
2023-02-01,PROD_015,51,139.18,0,114.0,14
2023-02-02,PROD_015,53,142.06,0,47.0,14
2023-02-03,PROD_015,45,143.2,0,57.0,14
2023-02-04,PROD_015,189,132.09,1,125.0,14
2023-02-05,PROD_015,108,142.92,0,126.0,14
2023-02-06,PROD_015,106,141.4,0,147.0,14
2023-02-07,PROD_015,147,138.41,1,38.0,14
2023-02-08,PROD_015,71,144.6,0,51.0,14
2023-02-09,PROD_015,49,141.85,0,53.0,14
2023-02-10,PROD_015,50,136.44,1,45.0,14
2023-02-11,PROD_015,131,137.37,1,189.0,14
2023-02-12,PROD_015,54,123.33,1,108.0,14
2023-02-13,PROD_015,63,131.62,1,106.0,14
2023-02-14,PROD_015,64,138.52,0,147.0,14
2023-02-15,PROD_015,134,130.96,1,71.0,14
2023-02-16,PROD_015,72,141.67,0,49.0,14
2023-02-17,PROD_015,69,130.95,1,50.0,14
2023-02-18,PROD_015,97,147.55,0,131.0,14
2023-02-19,PROD_015,37,140.97,0,54.0,14
2023-02-20,PROD_015,95,126.87,1,63.0,14
2023-02-21,PROD_015,31,137.49,0,64.0,14
2023-02-22,PROD_015,33,133.8,0,134.0,14
2023-02-23,PROD_015,43,144.06,0,72.0,14
2023-02-24,PROD_015,44,140.79,0,69.0,14
2023-02-25,PROD_015,134,117.42,1,97.0,14
2023-02-26,PROD_015,110,137.28,1,37.0,14
2023-02-27,PROD_015,103,134.99,1,95.0,14
2023-02-28,PROD_015,53,148.24,0,31.0,14
2023-03-01,PROD_015,139,128.86,1,33.0,14
2023-03-02,PROD_015,43,137.93,0,43.0,14
2023-03-03,PROD_015,84,134.03,1,44.0,14
2023-03-04,PROD_015,143,136.85,1,134.0,14
2023-03-05,PROD_015,101,131.66,1,110.0,14
2023-03-06,PROD_015,98,129.6,1,103.0,14
2023-03-07,PROD_015,62,129.66,1,53.0,14
2023-03-08,PROD_015,145,136.82,1,139.0,14
2023-03-09,PROD_015,65,142.54,0,43.0,14
2023-03-10,PROD_015,62,137.32,0,84.0,14
2023-03-11,PROD_015,215,122.38,1,143.0,14
2023-03-12,PROD_015,136,143.21,0,101.0,14
2023-03-13,PROD_015,21,146.53,0,98.0,14
2023-03-14,PROD_015,103,132.01,1,62.0,14
2023-03-15,PROD_015,29,143.74,0,145.0,14
2023-03-16,PROD_015,31,140.67,0,65.0,14
2023-03-17,PROD_015,127,147.19,0,62.0,14
2023-03-18,PROD_015,143,142.38,0,215.0,14
2023-03-19,PROD_015,99,147.79,0,136.0,14
2023-03-20,PROD_015,65,133.11,1,21.0,14
2023-03-21,PROD_015,54,147.28,0,103.0,14
2023-03-22,PROD_015,85,145.78,0,29.0,14
2023-03-23,PROD_015,60,135.42,1,31.0,14
2023-03-24,PROD_015,109,144.53,0,127.0,14
2023-03-25,PROD_015,139,144.39,0,143.0,14
2023-03-26,PROD_015,120,140.01,0,99.0,14
2023-03-27,PROD_015,109,130.46,1,65.0,14
2023-03-28,PROD_015,31,143.54,0,54.0,14
2023-03-29,PROD_015,82,140.52,0,85.0,14
2023-03-30,PROD_015,91,144.9,0,60.0,14
2023-03-31,PROD_015,37,133.25,0,109.0,14
2023-04-01,PROD_015,114,151.5,0,139.0,14
2023-04-02,PROD_015,139,130.55,1,120.0,14
2023-04-03,PROD_015,72,130.28,1,109.0,14
2023-04-04,PROD_015,94,130.61,1,31.0,14
2023-04-05,PROD_015,82,126.07,1,82.0,14
2023-04-06,PROD_015,52,141.64,0,91.0,14
2023-04-07,PROD_015,91,129.59,1,37.0,14
2023-04-08,PROD_015,126,125.68,1,114.0,14
2023-04-09,PROD_015,144,132.05,1,139.0,14
2023-04-10,PROD_015,135,123.26,1,72.0,14
2023-04-11,PROD_015,79,126.84,1,94.0,14
2023-04-12,PROD_015,35,144.14,0,82.0,14
2023-04-13,PROD_015,95,135.83,1,52.0,14
2023-04-14,PROD_015,102,143.35,0,91.0,14
2023-04-15,PROD_015,177,131.81,1,126.0,14
2023-04-16,PROD_015,141,131.33,1,144.0,14
2023-04-17,PROD_015,118,140.19,0,135.0,14
2023-04-18,PROD_015,123,132.36,1,79.0,14
2023-04-19,PROD_015,109,139.99,0,35.0,14
2023-04-20,PROD_015,50,141.03,0,95.0,14
2023-04-21,PROD_015,118,141.91,0,102.0,14
2023-04-22,PROD_015,36,143.07,0,177.0,14
2023-04-23,PROD_015,125,134.07,1,141.0,14
2023-04-24,PROD_015,72,145.55,0,118.0,14
2023-04-25,PROD_015,96,141.79,0,123.0,14
2023-04-26,PROD_015,56,144.38,0,109.0,14
2023-04-27,PROD_015,146,133.97,1,50.0,14
2023-04-28,PROD_015,64,143.36,0,118.0,14
2023-04-29,PROD_015,103,142.71,0,36.0,14
2023-04-30,PROD_015,56,148.02,0,125.0,14
2023-05-01,PROD_015,41,144.42,0,72.0,14
2023-05-02,PROD_015,106,137.88,1,96.0,14
2023-05-03,PROD_015,73,138.08,1,56.0,14
2023-05-04,PROD_015,104,140.25,0,146.0,14
2023-05-05,PROD_015,49,145.02,0,64.0,14
2023-05-06,PROD_015,129,140.0,0,103.0,14
2023-05-07,PROD_015,205,120.55,1,56.0,14
2023-05-08,PROD_015,129,139.59,1,41.0,14
2023-05-09,PROD_015,76,125.96,1,106.0,14
2023-05-10,PROD_015,87,132.84,1,73.0,14
2023-05-11,PROD_015,102,133.29,1,104.0,14
2023-05-12,PROD_015,81,140.6,0,49.0,14
2023-05-13,PROD_015,56,141.36,0,129.0,14
2023-05-14,PROD_015,121,143.85,0,205.0,14
2023-05-15,PROD_015,113,133.6,1,129.0,14
2023-05-16,PROD_015,102,134.09,1,76.0,14
2023-05-17,PROD_015,65,128.44,1,87.0,14
2023-05-18,PROD_015,34,141.39,0,102.0,14
2023-05-19,PROD_015,77,144.96,0,81.0,14
2023-05-20,PROD_015,147,140.05,0,56.0,14
2023-05-21,PROD_015,142,136.06,1,121.0,14
2023-05-22,PROD_015,53,143.73,0,113.0,14
2023-05-23,PROD_015,104,126.94,1,102.0,14
2023-05-24,PROD_015,86,112.15,1,65.0,14
2023-05-25,PROD_015,75,138.18,0,34.0,14
2023-05-26,PROD_015,139,132.5,1,77.0,14
2023-05-27,PROD_015,141,133.33,1,147.0,14
2023-05-28,PROD_015,55,140.8,0,142.0,14
2023-05-29,PROD_015,56,118.83,1,53.0,14
2023-05-30,PROD_015,84,146.74,0,104.0,14
2023-05-31,PROD_015,39,138.19,0,86.0,14
2023-06-01,PROD_015,127,134.21,1,75.0,14
2023-06-02,PROD_015,58,146.87,0,139.0,14
2023-06-03,PROD_015,43,141.85,0,141.0,14
2023-06-04,PROD_015,97,143.9,0,55.0,14
2023-06-05,PROD_015,68,139.7,0,56.0,14
