datasets used to train models/train.csv
date,product_id,units_sold,sale_price,is_promo,lag_7,product_id_encoded
2023-01-08,PROD_019,32,52.82,0,40.0,18
2023-01-09,PROD_019,20,54.06,0,44.0,18
2023-01-10,PROD_019,34,48.81,1,32.0,18
2023-01-11,PROD_019,7,53.28,0,39.0,18
2023-01-12,PROD_019,19,52.42,0,34.0,18
2023-01-13,PROD_019,18,53.54,0,19.0,18
2023-01-14,PROD_019,46,52.1,0,55.0,18
2023-01-15,PROD_019,30,47.94,1,32.0,18
2023-01-16,PROD_019,52,49.2,1,20.0,18
2023-01-17,PROD_019,20,52.14,0,34.0,18
2023-01-18,PROD_019,34,51.81,0,7.0,18
2023-01-19,PROD_019,11,52.09,0,19.0,18
2023-01-20,PROD_019,18,55.65,0,18.0,18
2023-01-21,PROD_019,43,45.65,1,46.0,18
2023-01-22,PROD_019,35,52.69,0,30.0,18
2023-01-23,PROD_019,40,50.79,0,52.0,18
2023-01-24,PROD_019,12,51.84,0,20.0,18
2023-01-25,PROD_019,44,49.34,0,34.0,18
2023-01-26,PROD_019,51,52.08,0,11.0,18
2023-01-27,PROD_019,39,53.04,0,18.0,18
2023-01-28,PROD_019,27,51.94,0,43.0,18
2023-01-29,PROD_019,42,54.25,0,35.0,18
2023-01-30,PROD_019,37,47.55,1,40.0,18
2023-01-31,PROD_019,30,50.75,0,12.0,18
2023-02-01,PROD_019,18,53.72,0,44.0,18
2023-02-02,PROD_019,44,54.38,0,51.0,18
2023-02-03,PROD_019,16,53.15,0,39.0,18
2023-02-04,PROD_019,51,48.22,1,27.0,18
2023-02-05,PROD_019,18,53.28,0,42.0,18
2023-02-06,PROD_019,30,51.0,0,37.0,18
2023-02-07,PROD_019,12,54.42,0,30.0,18
2023-02-08,PROD_019,14,52.7,0,18.0,18
2023-02-09,PROD_019,34,54.44,0,44.0,18
2023-02-10,PROD_019,29,51.68,0,16.0,18
2023-02-11,PROD_019,64,49.49,1,51.0,18
2023-02-12,PROD_019,61,53.06,0,18.0,18
2023-02-13,PROD_019,13,50.51,0,30.0,18
2023-02-14,PROD_019,40,47.92,1,12.0,18
2023-02-15,PROD_019,36,50.59,0,14.0,18
2023-02-16,PROD_019,40,48.03,1,34.0,18
2023-02-17,PROD_019,57,45.5,1,29.0,18
2023-02-18,PROD_019,110,41.09,1,64.0,18
2023-02-19,PROD_019,23,54.42,0,61.0,18
2023-02-20,PROD_019,24,52.46,0,13.0,18
2023-02-21,PROD_019,27,51.07,0,40.0,18
2023-02-22,PROD_019,44,54.58,0,36.0,18
2023-02-23,PROD_019,13,53.52,0,40.0,18
2023-02-24,PROD_019,40,47.28,1,57.0,18
2023-02-25,PROD_019,35,52.97,0,110.0,18
2023-02-26,PROD_019,78,50.96,0,23.0,18
2023-02-27,PROD_019,38,50.94,0,24.0,18
2023-02-28,PROD_019,32,52.64,0,27.0,18
2023-03-01,PROD_019,47,43.28,1,44.0,18
2023-03-02,PROD_019,20,50.91,0,13.0,18
2023-03-03,PROD_019,16,51.94,0,40.0,18
2023-03-04,PROD_019,26,49.71,0,35.0,18
2023-03-05,PROD_019,68,49.65,1,78.0,18
2023-03-06,PROD_019,36,48.08,1,38.0,18
2023-03-07,PROD_019,20,55.18,0,32.0,18
2023-03-08,PROD_019,53,50.79,1,47.0,18
2023-03-09,PROD_019,31,46.31,1,20.0,18
2023-03-10,PROD_019,23,51.08,0,16.0,18
2023-03-11,PROD_019,25,52.46,0,26.0,18
2023-03-12,PROD_019,32,50.18,1,68.0,18
2023-03-13,PROD_019,35,45.72,1,36.0,18
2023-03-14,PROD_019,48,52.22,0,20.0,18
2023-03-15,PROD_019,40,47.58,1,53.0,18
2023-03-16,PROD_019,42,48.05,1,31.0,18
2023-03-17,PROD_019,27,51.88,0,23.0,18
2023-03-18,PROD_019,26,52.96,0,25.0,18
2023-03-19,PROD_019,69,49.96,1,32.0,18
2023-03-20,PROD_019,19,52.52,0,35.0,18
2023-03-21,PROD_019,30,53.8,0,48.0,18
2023-03-22,PROD_019,19,53.4,0,40.0,18
2023-03-23,PROD_019,50,49.8,1,42.0,18
2023-03-24,PROD_019,55,51.47,1,27.0,18
2023-03-25,PROD_019,31,49.66,0,26.0,18
2023-03-26,PROD_019,42,52.36,0,69.0,18
2023-03-27,PROD_019,37,52.15,0,19.0,18
2023-03-28,PROD_019,39,51.29,0,30.0,18
2023-03-29,PROD_019,39,49.26,1,19.0,18
2023-03-30,PROD_019,17,51.59,0,50.0,18
2023-03-31,PROD_019,51,53.31,0,55.0,18
2023-04-01,PROD_019,23,50.92,0,31.0,18
2023-04-02,PROD_019,65,47.35,1,42.0,18
2023-04-03,PROD_019,37,50.36,1,37.0,18
2023-04-04,PROD_019,38,51.32,0,39.0,18
2023-04-05,PROD_019,38,52.3,0,39.0,18
2023-04-06,PROD_019,43,50.66,0,17.0,18
2023-04-07,PROD_019,61,49.27,1,51.0,18
2023-04-08,PROD_019,38,46.37,1,23.0,18
2023-04-09,PROD_019,74,48.83,1,65.0,18
2023-04-10,PROD_019,14,46.44,1,37.0,18
2023-04-11,PROD_019,35,48.04,1,38.0,18
2023-04-12,PROD_019,69,50.58,1,38.0,18
2023-04-13,PROD_019,25,47.92,1,43.0,18
2023-04-14,PROD_019,26,51.11,0,61.0,18
2023-04-15,PROD_019,32,47.44,1,38.0,18
2023-04-16,PROD_019,33,52.07,0,74.0,18
2023-04-17,PROD_019,52,47.99,1,14.0,18
2023-04-18,PROD_019,36,51.22,0,35.0,18
2023-04-19,PROD_019,31,52.83,0,69.0,18
2023-04-20,PROD_019,47,50.02,1,25.0,18
2023-04-21,PROD_019,14,47.26,1,26.0,18
2023-04-22,PROD_019,35,52.9,0,32.0,18
2023-04-23,PROD_019,23,51.19,0,33.0,18
2023-04-24,PROD_019,11,52.65,0,52.0,18
2023-04-25,PROD_019,34,51.41,0,36.0,18
2023-04-26,PROD_019,11,52.22,0,31.0,18
2023-04-27,PROD_019,30,47.4,1,47.0,18
2023-04-28,PROD_019,15,52.04,0,14.0,18
2023-04-29,PROD_019,59,52.22,0,35.0,18
2023-04-30,PROD_019,40,48.36,1,23.0,18
2023-05-01,PROD_019,45,55.3,0,11.0,18
2023-05-02,PROD_019,39,52.1,0,34.0,18
2023-05-03,PROD_019,45,54.45,0,11.0,18
2023-05-04,PROD_019,44,50.05,1,30.0,18
2023-05-05,PROD_019,29,53.24,0,15.0,18
2023-05-06,PROD_019,23,50.96,0,59.0,18
2023-05-07,PROD_019,24,52.81,0,40.0,18
2023-05-08,PROD_019,43,52.7,0,45.0,18
2023-05-09,PROD_019,51,46.56,1,39.0,18
2023-05-10,PROD_019,41,50.78,0,45.0,18
2023-05-11,PROD_019,22,48.7,1,44.0,18
2023-05-12,PROD_019,33,51.61,0,29.0,18
2023-05-13,PROD_019,27,52.82,0,23.0,18
2023-05-14,PROD_019,49,51.61,0,24.0,18
2023-05-15,PROD_019,53,47.94,1,43.0,18
2023-05-16,PROD_019,66,48.2,1,51.0,18
2023-05-17,PROD_019,37,51.29,0,41.0,18
2023-05-18,PROD_019,16,52.71,0,22.0,18
2023-05-19,PROD_019,38,50.0,1,33.0,18
2023-05-20,PROD_019,51,50.86,0,27.0,18
2023-05-21,PROD_019,44,52.11,0,49.0,18
2023-05-22,PROD_019,36,51.79,0,53.0,18
2023-05-23,PROD_019,22,50.64,0,66.0,18
2023-05-24,PROD_019,58,47.64,1,37.0,18
2023-05-25,PROD_019,18,52.02,0,16.0,18
2023-05-26,PROD_019,20,52.34,0,38.0,18
2023-05-27,PROD_019,24,51.86,0,51.0,18
2023-05-28,PROD_019,57,48.64,1,44.0,18
2023-05-29,PROD_019,23,51.01,0,36.0,18
2023-05-30,PROD_019,60,47.63,1,22.0,18
2023-05-31,PROD_019,24,49.92,0,58.0,18
2023-06-01,PROD_019,36,54.85,0,18.0,18
2023-06-02,PROD_019,42,51.21,0,20.0,18
2023-06-03,PROD_019,66,53.34,0,24.0,18
2023-06-04,PROD_019,18,52.12,0,57.0,18
2023-06-05,PROD_019,41,53.22,0,23.0,18
2023-01-08,PROD_020,55,99.93,0,25.0,19
2023-01-09,PROD_020,50,94.38,1,46.0,19
2023-01-10,PROD_020,20,98.41,0,21.0,19
2023-01-11,PROD_020,19,99.82,0,31.0,19
2023-01-12,PROD_020,58,97.12,1,36.0,19
2023-01-13,PROD_020,10,99.86,0,23.0,19
2023-01-14,PROD_020,13,105.26,0,38.0,19
2023-01-15,PROD_020,16,100.19,0,55.0,19
2023-01-16,PROD_020,41,89.35,1,50.0,19
2023-01-17,PROD_020,19,101.99,0,20.0,19
2023-01-18,PROD_020,39,87.09,1,19.0,19
2023-01-19,PROD_020,63,84.19,1,58.0,19
2023-01-20,PROD_020,25,99.44,0,10.0,19
2023-01-21,PROD_020,42,92.07,1,13.0,19
2023-01-22,PROD_020,51,90.08,1,16.0,19
2023-01-23,PROD_020,18,106.01,0,41.0,19
2023-01-24,PROD_020,56,101.0,0,19.0,19
2023-01-25,PROD_020,42,100.43,0,39.0,19
2023-01-26,PROD_020,24,101.13,0,63.0,19
2023-01-27,PROD_020,61,92.6,1,25.0,19
2023-01-28,PROD_020,53,96.13,0,42.0,19
2023-01-29,PROD_020,88,83.76,1,51.0,19
2023-01-30,PROD_020,25,102.7,0,18.0,19
2023-01-31,PROD_020,37,99.28,0,56.0,19
2023-02-01,PROD_020,51,97.52,0,42.0,19
2023-02-02,PROD_020,28,102.64,0,24.0,19
2023-02-03,PROD_020,39,98.15,0,61.0,19
2023-02-04,PROD_020,19,96.07,0,53.0,19
2023-02-05,PROD_020,39,92.76,1,88.0,19
2023-02-06,PROD_020,18,95.78,0,25.0,19
2023-02-07,PROD_020,32,100.12,0,37.0,19
2023-02-08,PROD_020,22,96.0,0,51.0,19
2023-02-09,PROD_020,25,102.22,0,28.0,19
2023-02-10,PROD_020,37,97.6,0,39.0,19
2023-02-11,PROD_020,37,89.79,1,19.0,19
2023-02-12,PROD_020,72,99.07,0,39.0,19
2023-02-13,PROD_020,21,98.35,0,18.0,19
2023-02-14,PROD_020,64,97.33,0,32.0,19
2023-02-15,PROD_020,19,100.04,0,22.0,19
2023-02-16,PROD_020,33,99.22,0,25.0,19
2023-02-17,PROD_020,49,99.93,0,37.0,19
2023-02-18,PROD_020,30,105.54,0,37.0,19
2023-02-19,PROD_020,61,93.36,1,72.0,19
2023-02-20,PROD_020,11,99.93,0,21.0,19
2023-02-21,PROD_020,34,103.46,0,64.0,19
2023-02-22,PROD_020,52,98.02,0,19.0,19
2023-02-23,PROD_020,63,93.58,1,33.0,19
2023-02-24,PROD_020,34,83.4,1,49.0,19
2023-02-25,PROD_020,71,93.48,1,30.0,19
2023-02-26,PROD_020,41,98.95,0,61.0,19
2023-02-27,PROD_020,15,97.33,0,11.0,19
2023-02-28,PROD_020,59,95.25,1,34.0,19
2023-03-01,PROD_020,26,93.69,0,52.0,19
2023-03-02,PROD_020,62,79.72,1,63.0,19
2023-03-03,PROD_020,28,98.51,0,34.0,19
2023-03-04,PROD_020,59,101.26,0,71.0,19
2023-03-05,PROD_020,43,96.48,0,41.0,19
2023-03-06,PROD_020,65,100.15,0,15.0,19
2023-03-07,PROD_020,30,96.97,0,59.0,19
2023-03-08,PROD_020,26,95.02,0,26.0,19
2023-03-09,PROD_020,41,96.24,0,62.0,19
2023-03-10,PROD_020,11,95.3,0,28.0,19
2023-03-11,PROD_020,80,94.73,1,59.0,19
2023-03-12,PROD_020,49,85.3,1,43.0,19
2023-03-13,PROD_020,52,101.6,0,65.0,19
2023-03-14,PROD_020,53,101.57,0,30.0,19
2023-03-15,PROD_020,61,94.09,1,26.0,19
2023-03-16,PROD_020,57,101.96,0,41.0,19
2023-03-17,PROD_020,23,102.56,0,11.0,19
2023-03-18,PROD_020,30,85.47,1,80.0,19
2023-03-19,PROD_020,66,100.16,0,49.0,19
2023-03-20,PROD_020,39,97.68,0,52.0,19
2023-03-21,PROD_020,58,96.75,0,53.0,19
2023-03-22,PROD_020,28,93.33,0,61.0,19
2023-03-23,PROD_020,45,98.0,0,57.0,19
2023-03-24,PROD_020,27,101.76,0,23.0,19
2023-03-25,PROD_020,59,82.5,1,30.0,19
2023-03-26,PROD_020,54,97.22,0,66.0,19
2023-03-27,PROD_020,58,96.73,1,39.0,19
2023-03-28,PROD_020,50,98.82,0,58.0,19
2023-03-29,PROD_020,58,100.47,0,28.0,19
2023-03-30,PROD_020,21,98.98,0,45.0,19
2023-03-31,PROD_020,62,94.18,1,27.0,19
2023-04-01,PROD_020,49,101.82,0,59.0,19
2023-04-02,PROD_020,28,92.87,0,54.0,19
2023-04-03,PROD_020,27,98.88,0,58.0,19
2023-04-04,PROD_020,67,87.05,1,50.0,19
2023-04-05,PROD_020,47,95.08,0,58.0,19
2023-04-06,PROD_020,31,101.3,0,21.0,19
2023-04-07,PROD_020,25,97.26,0,62.0,19
2023-04-08,PROD_020,60,97.5,0,49.0,19
2023-04-09,PROD_020,30,97.74,0,28.0,19
2023-04-10,PROD_020,55,93.3,1,27.0,19
2023-04-11,PROD_020,62,80.43,1,67.0,19
2023-04-12,PROD_020,14,100.13,0,47.0,19
2023-04-13,PROD_020,32,98.5,0,31.0,19
2023-04-14,PROD_020,43,96.65,0,25.0,19
2023-04-15,PROD_020,36,99.85,0,60.0,19
2023-04-16,PROD_020,80,95.56,1,30.0,19
2023-04-17,PROD_020,22,105.83,0,55.0,19
2023-04-18,PROD_020,65,78.44,1,62.0,19
2023-04-19,PROD_020,43,94.37,1,14.0,19
2023-04-20,PROD_020,21,94.96,0,32.0,19
2023-04-21,PROD_020,41,90.77,1,43.0,19
2023-04-22,PROD_020,93,89.93,1,36.0,19
2023-04-23,PROD_020,48,98.52,0,80.0,19
2023-04-24,PROD_020,17,103.68,0,22.0,19
2023-04-25,PROD_020,20,106.38,0,65.0,19
2023-04-26,PROD_020,36,92.27,1,43.0,19
2023-04-27,PROD_020,40,94.77,1,21.0,19
2023-04-28,PROD_020,47,99.52,0,41.0,19
2023-04-29,PROD_020,54,98.1,0,93.0,19
2023-04-30,PROD_020,61,99.66,0,48.0,19
2023-05-01,PROD_020,84,84.11,1,17.0,19
2023-05-02,PROD_020,59,91.92,1,20.0,19
2023-05-03,PROD_020,45,94.07,1,36.0,19
2023-05-04,PROD_020,23,94.75,0,40.0,19
2023-05-05,PROD_020,47,99.3,0,47.0,19
2023-05-06,PROD_020,37,96.94,0,54.0,19
2023-05-07,PROD_020,56,96.46,0,61.0,19
2023-05-08,PROD_020,18,94.65,0,84.0,19
2023-05-09,PROD_020,40,102.4,0,59.0,19
2023-05-10,PROD_020,16,100.74,0,45.0,19
2023-05-11,PROD_020,29,98.26,0,23.0,19
2023-05-12,PROD_020,60,98.38,0,47.0,19
2023-05-13,PROD_020,56,101.97,0,37.0,19
2023-05-14,PROD_020,32,102.53,0,56.0,19
2023-05-15,PROD_020,38,87.58,1,18.0,19
2023-05-16,PROD_020,16,104.26,0,40.0,19
2023-05-17,PROD_020,31,88.05,1,16.0,19
2023-05-18,PROD_020,26,99.9,0,29.0,19
2023-05-19,PROD_020,27,99.64,0,60.0,19
2023-05-20,PROD_020,33,85.4,1,56.0,19
2023-05-21,PROD_020,20,98.31,0,32.0,19
2023-05-22,PROD_020,32,86.48,1,38.0,19
2023-05-23,PROD_020,53,98.99,0,16.0,19
2023-05-24,PROD_020,43,85.81,1,31.0,19
2023-05-25,PROD_020,37,95.59,0,26.0,19
2023-05-26,PROD_020,40,93.03,1,27.0,19
2023-05-27,PROD_020,36,84.08,1,33.0,19
2023-05-28,PROD_020,39,95.32,0,20.0,19
2023-05-29,PROD_020,47,101.21,0,32.0,19
2023-05-30,PROD_020,24,100.5,0,53.0,19
2023-05-31,PROD_020,43,91.27,1,43.0,19
2023-06-01,PROD_020,12,100.22,0,37.0,19
2023-06-02,PROD_020,17,98.64,0,40.0,19
2023-06-03,PROD_020,32,96.06,0,36.0,19
2023-06-04,PROD_020,43,102.34,0,39.0,19
2023-06-05,PROD_020,32,99.72,0,47.0,19
2023-01-08,PROD_021,26,48.45,0,41.0,20
2023-01-09,PROD_021,37,50.35,0,44.0,20
2023-01-10,PROD_021,48,43.85,1,10.0,20
2023-01-11,PROD_021,35,46.43,1,13.0,20
2023-01-12,PROD_021,36,44.05,1,20.0,20
2023-01-13,PROD_021,34,52.15,0,30.0,20
2023-01-14,PROD_021,48,50.47,0,30.0,20
2023-01-15,PROD_021,74,46.18,1,26.0,20
2023-01-16,PROD_021,43,48.04,1,37.0,20
2023-01-17,PROD_021,55,45.87,1,48.0,20
2023-01-18,PROD_021,19,48.34,1,35.0,20
2023-01-19,PROD_021,39,44.87,1,36.0,20
2023-01-20,PROD_021,24,48.68,0,34.0,20
2023-01-21,PROD_021,66,45.92,1,48.0,20
2023-01-22,PROD_021,25,44.24,1,74.0,20
2023-01-23,PROD_021,47,49.16,0,43.0,20
2023-01-24,PROD_021,33,49.84,0,55.0,20
2023-01-25,PROD_021,21,50.04,0,19.0,20
2023-01-26,PROD_021,26,51.54,0,39.0,20
2023-01-27,PROD_021,38,49.16,0,24.0,20
2023-01-28,PROD_021,38,48.28,1,66.0,20
2023-01-29,PROD_021,69,46.16,1,25.0,20
2023-01-30,PROD_021,15,47.63,0,47.0,20
2023-01-31,PROD_021,13,48.78,0,33.0,20
2023-02-01,PROD_021,29,45.42,1,21.0,20
2023-02-02,PROD_021,39,49.64,0,26.0,20
2023-02-03,PROD_021,27,48.77,0,38.0,20
2023-02-04,PROD_021,23,52.72,0,38.0,20
2023-02-05,PROD_021,59,48.36,0,69.0,20
2023-02-06,PROD_021,36,45.96,1,15.0,20
2023-02-07,PROD_021,43,51.09,0,13.0,20
2023-02-08,PROD_021,26,49.52,0,29.0,20
2023-02-09,PROD_021,32,49.98,0,39.0,20
2023-02-10,PROD_021,68,44.37,1,27.0,20
2023-02-11,PROD_021,73,47.11,1,23.0,20
2023-02-12,PROD_021,70,43.04,1,59.0,20
2023-02-13,PROD_021,24,51.08,0,36.0,20
2023-02-14,PROD_021,46,46.71,1,43.0,20
2023-02-15,PROD_021,18,47.96,0,26.0,20
2023-02-16,PROD_021,24,50.78,0,32.0,20
2023-02-17,PROD_021,28,50.61,0,68.0,20
2023-02-18,PROD_021,46,45.08,1,73.0,20
2023-02-19,PROD_021,36,47.02,1,70.0,20
2023-02-20,PROD_021,35,49.3,0,24.0,20
2023-02-21,PROD_021,43,48.72,0,46.0,20
2023-02-22,PROD_021,34,49.84,0,18.0,20
2023-02-23,PROD_021,15,51.9,0,24.0,20
2023-02-24,PROD_021,51,49.88,0,28.0,20
2023-02-25,PROD_021,43,45.88,1,46.0,20
2023-02-26,PROD_021,58,49.5,0,36.0,20
2023-02-27,PROD_021,30,50.4,0,35.0,20
2023-02-28,PROD_021,47,46.28,1,43.0,20
2023-03-01,PROD_021,35,51.22,0,34.0,20
2023-03-02,PROD_021,29,44.93,1,15.0,20
2023-03-03,PROD_021,42,49.02,0,51.0,20
2023-03-04,PROD_021,86,47.43,1,43.0,20
2023-03-05,PROD_021,90,44.85,1,58.0,20
2023-03-06,PROD_021,38,49.89,0,30.0,20
2023-03-07,PROD_021,45,48.46,0,47.0,20
2023-03-08,PROD_021,35,48.88,0,35.0,20
2023-03-09,PROD_021,70,43.84,1,29.0,20
2023-03-10,PROD_021,19,48.98,0,42.0,20
2023-03-11,PROD_021,55,49.89,0,86.0,20
2023-03-12,PROD_021,47,49.82,0,90.0,20
2023-03-13,PROD_021,48,47.92,0,38.0,20
2023-03-14,PROD_021,16,49.47,0,45.0,20
2023-03-15,PROD_021,69,48.29,1,35.0,20
2023-03-16,PROD_021,45,42.53,1,70.0,20
2023-03-17,PROD_021,33,47.34,0,19.0,20
2023-03-18,PROD_021,35,48.94,0,55.0,20
2023-03-19,PROD_021,52,50.93,0,47.0,20
2023-03-20,PROD_021,36,46.92,0,48.0,20
2023-03-21,PROD_021,35,51.09,0,16.0,20
2023-03-22,PROD_021,55,47.25,1,69.0,20
2023-03-23,PROD_021,37,50.0,0,45.0,20
2023-03-24,PROD_021,35,49.67,0,33.0,20
2023-03-25,PROD_021,66,47.28,1,35.0,20
2023-03-26,PROD_021,60,49.74,0,52.0,20
2023-03-27,PROD_021,27,50.61,0,36.0,20
2023-03-28,PROD_021,44,49.46,0,35.0,20
2023-03-29,PROD_021,39,45.51,1,55.0,20
2023-03-30,PROD_021,39,47.91,0,37.0,20
2023-03-31,PROD_021,65,46.52,1,35.0,20
2023-04-01,PROD_021,35,49.06,0,66.0,20
2023-04-02,PROD_021,34,48.38,0,60.0,20
2023-04-03,PROD_021,26,49.86,0,27.0,20
2023-04-04,PROD_021,52,45.42,1,44.0,20
2023-04-05,PROD_021,34,45.06,1,39.0,20
2023-04-06,PROD_021,70,43.91,1,39.0,20
2023-04-07,PROD_021,17,51.76,0,65.0,20
2023-04-08,PROD_021,60,48.08,1,35.0,20
2023-04-09,PROD_021,31,49.19,0,34.0,20
2023-04-10,PROD_021,45,47.16,0,26.0,20
2023-04-11,PROD_021,48,52.0,0,52.0,20
2023-04-12,PROD_021,34,48.29,0,34.0,20
2023-04-13,PROD_021,47,50.16,0,70.0,20
2023-04-14,PROD_021,67,44.9,1,17.0,20
2023-04-15,PROD_021,71,43.94,1,60.0,20
2023-04-16,PROD_021,29,49.1,0,31.0,20
2023-04-17,PROD_021,50,47.28,0,45.0,20
2023-04-18,PROD_021,49,49.83,0,48.0,20
2023-04-19,PROD_021,46,48.49,1,34.0,20
2023-04-20,PROD_021,32,49.93,0,47.0,20
2023-04-21,PROD_021,60,46.43,1,67.0,20
2023-04-22,PROD_021,43,47.93,0,71.0,20
2023-04-23,PROD_021,55,44.2,1,29.0,20
2023-04-24,PROD_021,47,45.01,1,50.0,20
2023-04-25,PROD_021,52,47.78,0,49.0,20
2023-04-26,PROD_021,59,47.96,0,46.0,20
2023-04-27,PROD_021,26,49.56,0,32.0,20
2023-04-28,PROD_021,25,49.37,0,60.0,20
2023-04-29,PROD_021,63,49.21,0,43.0,20
2023-04-30,PROD_021,43,46.78,0,55.0,20
2023-05-01,PROD_021,37,48.07,0,47.0,20
2023-05-02,PROD_021,45,46.7,1,52.0,20
2023-05-03,PROD_021,32,49.3,0,59.0,20
2023-05-04,PROD_021,24,50.89,0,26.0,20
2023-05-05,PROD_021,30,48.28,0,25.0,20
2023-05-06,PROD_021,17,48.66,0,63.0,20
2023-05-07,PROD_021,49,48.63,0,43.0,20
2023-05-08,PROD_021,25,47.06,0,37.0,20
2023-05-09,PROD_021,51,47.23,1,45.0,20
2023-05-10,PROD_021,17,52.14,0,32.0,20
2023-05-11,PROD_021,46,46.81,1,24.0,20
2023-05-12,PROD_021,19,47.59,0,30.0,20
2023-05-13,PROD_021,63,48.5,0,17.0,20
2023-05-14,PROD_021,50,44.35,1,49.0,20
2023-05-15,PROD_021,16,48.92,0,25.0,20
2023-05-16,PROD_021,18,46.57,0,51.0,20
2023-05-17,PROD_021,25,50.36,0,17.0,20
2023-05-18,PROD_021,52,50.42,0,46.0,20
2023-05-19,PROD_021,33,49.85,0,19.0,20
2023-05-20,PROD_021,38,48.8,0,63.0,20
2023-05-21,PROD_021,28,48.08,0,50.0,20
2023-05-22,PROD_021,19,45.65,1,16.0,20
2023-05-23,PROD_021,27,47.19,0,18.0,20
2023-05-24,PROD_021,36,46.65,1,25.0,20
2023-05-25,PROD_021,63,46.77,1,52.0,20
2023-05-26,PROD_021,20,48.64,0,33.0,20
2023-05-27,PROD_021,64,46.73,1,38.0,20
2023-05-28,PROD_021,24,48.0,0,28.0,20
2023-05-29,PROD_021,23,48.14,0,19.0,20
2023-05-30,PROD_021,15,48.58,0,27.0,20
2023-05-31,PROD_021,28,48.31,0,36.0,20
2023-06-01,PROD_021,19,48.02,0,63.0,20
2023-06-02,PROD_021,39,45.26,1,20.0,20
2023-06-03,PROD_021,26,50.72,0,64.0,20
2023-06-04,PROD_021,37,48.42,0,24.0,20
2023-06-05,PROD_021,18,48.84,0,23.0,20
