datasets used to train models/train.csv
date,product_id,units_sold,sale_price,is_promo,lag_7,product_id_encoded
2023-01-08,PROD_022,68,75.67,0,112.0,21
2023-01-09,PROD_022,32,78.94,0,64.0,21
2023-01-10,PROD_022,51,77.74,0,29.0,21
2023-01-11,PROD_022,24,74.06,0,31.0,21
2023-01-12,PROD_022,63,76.93,0,74.0,21
2023-01-13,PROD_022,28,77.43,0,77.0,21
2023-01-14,PROD_022,79,81.25,0,100.0,21
2023-01-15,PROD_022,112,73.78,0,68.0,21
2023-01-16,PROD_022,55,77.82,0,32.0,21
2023-01-17,PROD_022,50,79.25,0,51.0,21
2023-01-18,PROD_022,79,69.01,1,24.0,21
2023-01-19,PROD_022,135,73.84,1,63.0,21
2023-01-20,PROD_022,126,70.66,1,28.0,21
2023-01-21,PROD_022,127,76.89,0,79.0,21
2023-01-22,PROD_022,63,79.43,0,112.0,21
2023-01-23,PROD_022,63,74.36,0,55.0,21
2023-01-24,PROD_022,18,75.2,0,50.0,21
2023-01-25,PROD_022,71,75.37,0,79.0,21
2023-01-26,PROD_022,51,78.66,0,135.0,21
2023-01-27,PROD_022,63,68.5,1,126.0,21
2023-01-28,PROD_022,126,73.83,0,127.0,21
2023-01-29,PROD_022,55,66.69,1,63.0,21
2023-01-30,PROD_022,108,73.28,1,63.0,21
2023-01-31,PROD_022,105,77.43,0,18.0,21
2023-02-01,PROD_022,107,75.77,1,71.0,21
2023-02-02,PROD_022,34,81.63,0,51.0,21
2023-02-03,PROD_022,88,69.76,1,63.0,21
2023-02-04,PROD_022,32,67.09,1,126.0,21
2023-02-05,PROD_022,71,79.51,0,55.0,21
2023-02-06,PROD_022,79,74.13,1,108.0,21
2023-02-07,PROD_022,91,72.74,1,105.0,21
2023-02-08,PROD_022,67,75.08,0,107.0,21
2023-02-09,PROD_022,44,77.18,0,34.0,21
2023-02-10,PROD_022,120,71.54,1,88.0,21
2023-02-11,PROD_022,79,75.33,0,32.0,21
2023-02-12,PROD_022,59,78.32,0,71.0,21
2023-02-13,PROD_022,112,72.39,1,79.0,21
2023-02-14,PROD_022,122,73.25,1,91.0,21
2023-02-15,PROD_022,68,79.86,0,67.0,21
2023-02-16,PROD_022,40,76.09,0,44.0,21
2023-02-17,PROD_022,108,76.56,0,120.0,21
2023-02-18,PROD_022,40,77.45,0,79.0,21
2023-02-19,PROD_022,45,75.5,0,59.0,21
2023-02-20,PROD_022,121,74.22,1,112.0,21
2023-02-21,PROD_022,83,73.54,0,122.0,21
2023-02-22,PROD_022,87,73.89,1,68.0,21
2023-02-23,PROD_022,93,76.61,0,40.0,21
2023-02-24,PROD_022,109,76.91,0,108.0,21
2023-02-25,PROD_022,93,78.96,0,40.0,21
2023-02-26,PROD_022,167,74.19,1,45.0,21
2023-02-27,PROD_022,48,78.21,0,121.0,21
2023-02-28,PROD_022,49,76.36,0,83.0,21
2023-03-01,PROD_022,78,74.73,0,87.0,21
2023-03-02,PROD_022,88,70.56,1,93.0,21
2023-03-03,PROD_022,107,73.66,1,109.0,21
2023-03-04,PROD_022,102,79.4,0,93.0,21
2023-03-05,PROD_022,214,70.76,1,167.0,21
2023-03-06,PROD_022,40,77.22,0,48.0,21
2023-03-07,PROD_022,34,79.26,0,49.0,21
2023-03-08,PROD_022,148,75.86,1,78.0,21
2023-03-09,PROD_022,80,70.35,1,88.0,21
2023-03-10,PROD_022,90,78.7,0,107.0,21
2023-03-11,PROD_022,73,77.68,0,102.0,21
2023-03-12,PROD_022,65,66.46,1,214.0,21
2023-03-13,PROD_022,70,77.37,0,40.0,21
2023-03-14,PROD_022,44,73.23,0,34.0,21
2023-03-15,PROD_022,87,60.06,1,148.0,21
2023-03-16,PROD_022,71,80.11,0,80.0,21
2023-03-17,PROD_022,91,72.48,1,90.0,21
2023-03-18,PROD_022,87,79.96,0,73.0,21
2023-03-19,PROD_022,72,73.33,0,65.0,21
2023-03-20,PROD_022,69,73.85,0,70.0,21
2023-03-21,PROD_022,58,75.64,0,44.0,21
2023-03-22,PROD_022,65,65.08,1,87.0,21
2023-03-23,PROD_022,63,74.04,1,71.0,21
2023-03-24,PROD_022,60,74.82,0,91.0,21
2023-03-25,PROD_022,122,74.63,1,87.0,21
2023-03-26,PROD_022,47,66.95,1,72.0,21
2023-03-27,PROD_022,92,72.83,1,69.0,21
2023-03-28,PROD_022,77,76.21,0,58.0,21
2023-03-29,PROD_022,70,67.75,1,65.0,21
2023-03-30,PROD_022,65,74.54,1,63.0,21
2023-03-31,PROD_022,50,78.61,0,60.0,21
2023-04-01,PROD_022,112,70.87,1,122.0,21
2023-04-02,PROD_022,147,72.37,1,47.0,21
2023-04-03,PROD_022,17,75.24,0,92.0,21
2023-04-04,PROD_022,26,71.9,0,77.0,21
2023-04-05,PROD_022,64,72.8,0,70.0,21
2023-04-06,PROD_022,39,77.56,0,65.0,21
2023-04-07,PROD_022,52,78.5,0,50.0,21
2023-04-08,PROD_022,76,78.57,0,112.0,21
2023-04-09,PROD_022,56,82.69,0,147.0,21
2023-04-10,PROD_022,45,79.08,0,17.0,21
2023-04-11,PROD_022,59,77.82,0,26.0,21
2023-04-12,PROD_022,59,74.73,0,64.0,21
2023-04-13,PROD_022,94,65.51,1,39.0,21
2023-04-14,PROD_022,111,71.78,1,52.0,21
2023-04-15,PROD_022,127,76.33,0,76.0,21
2023-04-16,PROD_022,124,76.45,0,56.0,21
2023-04-17,PROD_022,54,79.83,0,45.0,21
2023-04-18,PROD_022,51,79.12,0,59.0,21
2023-04-19,PROD_022,66,67.95,1,59.0,21
2023-04-20,PROD_022,105,72.93,1,94.0,21
2023-04-21,PROD_022,85,71.34,1,111.0,21
2023-04-22,PROD_022,106,72.5,1,127.0,21
2023-04-23,PROD_022,77,77.5,0,124.0,21
2023-04-24,PROD_022,52,72.16,1,54.0,21
2023-04-25,PROD_022,57,78.16,0,51.0,21
2023-04-26,PROD_022,72,76.78,0,66.0,21
2023-04-27,PROD_022,50,80.49,0,105.0,21
2023-04-28,PROD_022,95,77.57,0,85.0,21
2023-04-29,PROD_022,152,73.51,0,106.0,21
2023-04-30,PROD_022,63,79.67,0,77.0,21
2023-05-01,PROD_022,98,73.68,1,52.0,21
2023-05-02,PROD_022,88,71.14,1,57.0,21
2023-05-03,PROD_022,85,75.15,1,72.0,21
2023-05-04,PROD_022,50,79.81,0,50.0,21
2023-05-05,PROD_022,75,73.56,0,95.0,21
2023-05-06,PROD_022,141,70.41,1,152.0,21
2023-05-07,PROD_022,59,75.25,0,63.0,21
2023-05-08,PROD_022,29,77.35,0,98.0,21
2023-05-09,PROD_022,23,75.53,0,88.0,21
2023-05-10,PROD_022,20,76.07,0,85.0,21
2023-05-11,PROD_022,64,75.85,0,50.0,21
2023-05-12,PROD_022,110,74.94,1,75.0,21
2023-05-13,PROD_022,52,73.06,0,141.0,21
2023-05-14,PROD_022,113,77.26,0,59.0,21
2023-05-15,PROD_022,70,69.84,1,29.0,21
2023-05-16,PROD_022,80,75.79,1,23.0,21
2023-05-17,PROD_022,72,77.83,0,20.0,21
2023-05-18,PROD_022,30,81.61,0,64.0,21
2023-05-19,PROD_022,100,76.61,0,110.0,21
2023-05-20,PROD_022,164,69.62,1,52.0,21
2023-05-21,PROD_022,48,77.44,0,113.0,21
2023-05-22,PROD_022,99,75.2,1,70.0,21
2023-05-23,PROD_022,94,72.47,1,80.0,21
2023-05-24,PROD_022,68,77.1,0,72.0,21
2023-05-25,PROD_022,83,72.34,1,30.0,21
2023-05-26,PROD_022,83,78.23,0,100.0,21
2023-05-27,PROD_022,97,69.11,1,164.0,21
2023-05-28,PROD_022,159,66.81,1,48.0,21
2023-05-29,PROD_022,75,69.72,1,99.0,21
2023-05-30,PROD_022,102,74.86,1,94.0,21
2023-05-31,PROD_022,103,72.98,1,68.0,21
2023-06-01,PROD_022,118,68.66,1,83.0,21
2023-06-02,PROD_022,26,80.65,0,83.0,21
2023-06-03,PROD_022,119,70.56,1,97.0,21
2023-06-04,PROD_022,52,75.52,0,159.0,21
2023-06-05,PROD_022,59,74.84,0,75.0,21
2023-01-08,PROD_023,60,25.66,0,44.0,22
2023-01-09,PROD_023,90,22.85,1,97.0,22
2023-01-10,PROD_023,123,23.4,1,93.0,22
2023-01-11,PROD_023,52,24.95,0,65.0,22
2023-01-12,PROD_023,99,24.79,0,123.0,22
2023-01-13,PROD_023,29,25.38,0,89.0,22
2023-01-14,PROD_023,83,25.64,0,70.0,22
2023-01-15,PROD_023,57,21.55,1,60.0,22
2023-01-16,PROD_023,45,23.42,1,90.0,22
2023-01-17,PROD_023,30,22.03,1,123.0,22
2023-01-18,PROD_023,116,25.65,0,52.0,22
2023-01-19,PROD_023,131,25.07,1,99.0,22
2023-01-20,PROD_023,35,21.58,1,29.0,22
2023-01-21,PROD_023,119,24.74,0,83.0,22
2023-01-22,PROD_023,58,25.0,0,57.0,22
2023-01-23,PROD_023,51,25.94,0,45.0,22
2023-01-24,PROD_023,86,25.3,0,30.0,22
2023-01-25,PROD_023,48,26.38,0,116.0,22
2023-01-26,PROD_023,51,26.0,0,131.0,22
2023-01-27,PROD_023,82,25.57,0,35.0,22
2023-01-28,PROD_023,53,25.68,0,119.0,22
2023-01-29,PROD_023,103,26.7,0,58.0,22
2023-01-30,PROD_023,61,24.21,0,51.0,22
2023-01-31,PROD_023,77,25.71,0,86.0,22
2023-02-01,PROD_023,26,26.16,0,48.0,22
2023-02-02,PROD_023,84,25.53,0,51.0,22
2023-02-03,PROD_023,23,25.8,0,82.0,22
2023-02-04,PROD_023,44,26.38,0,53.0,22
2023-02-05,PROD_023,95,25.15,0,103.0,22
2023-02-06,PROD_023,105,24.92,0,61.0,22
2023-02-07,PROD_023,92,24.77,1,77.0,22
2023-02-08,PROD_023,82,24.21,0,26.0,22
2023-02-09,PROD_023,19,27.16,0,84.0,22
2023-02-10,PROD_023,108,24.96,0,23.0,22
2023-02-11,PROD_023,91,21.12,1,44.0,22
2023-02-12,PROD_023,139,24.89,1,95.0,22
2023-02-13,PROD_023,41,24.16,0,105.0,22
2023-02-14,PROD_023,101,25.08,0,92.0,22
2023-02-15,PROD_023,76,24.67,0,82.0,22
2023-02-16,PROD_023,84,25.26,0,19.0,22
2023-02-17,PROD_023,54,20.66,1,108.0,22
2023-02-18,PROD_023,109,21.76,1,91.0,22
2023-02-19,PROD_023,143,24.59,0,139.0,22
2023-02-20,PROD_023,135,24.45,0,41.0,22
2023-02-21,PROD_023,54,25.63,0,101.0,22
2023-02-22,PROD_023,44,24.92,0,76.0,22
2023-02-23,PROD_023,72,25.22,0,84.0,22
2023-02-24,PROD_023,98,25.07,0,54.0,22
2023-02-25,PROD_023,80,23.73,1,109.0,22
2023-02-26,PROD_023,84,25.47,0,143.0,22
2023-02-27,PROD_023,75,24.87,0,135.0,22
2023-02-28,PROD_023,112,26.08,0,54.0,22
2023-03-01,PROD_023,62,24.47,0,44.0,22
2023-03-02,PROD_023,132,24.42,1,72.0,22
2023-03-03,PROD_023,125,22.86,1,98.0,22
2023-03-04,PROD_023,116,25.03,0,80.0,22
2023-03-05,PROD_023,54,25.24,0,84.0,22
2023-03-06,PROD_023,38,25.22,0,75.0,22
2023-03-07,PROD_023,89,24.92,0,112.0,22
2023-03-08,PROD_023,115,23.17,1,62.0,22
2023-03-09,PROD_023,61,25.86,0,132.0,22
2023-03-10,PROD_023,184,22.45,1,125.0,22
2023-03-11,PROD_023,120,20.57,1,116.0,22
2023-03-12,PROD_023,39,24.86,0,54.0,22
2023-03-13,PROD_023,133,25.32,0,38.0,22
2023-03-14,PROD_023,59,26.6,0,89.0,22
2023-03-15,PROD_023,89,22.62,1,115.0,22
2023-03-16,PROD_023,92,23.38,1,61.0,22
2023-03-17,PROD_023,98,25.55,0,184.0,22
2023-03-18,PROD_023,64,25.04,0,120.0,22
2023-03-19,PROD_023,106,25.06,0,39.0,22
2023-03-20,PROD_023,112,25.74,0,133.0,22
2023-03-21,PROD_023,53,25.25,0,59.0,22
2023-03-22,PROD_023,73,22.77,1,89.0,22
2023-03-23,PROD_023,32,25.13,0,92.0,22
2023-03-24,PROD_023,104,24.29,0,98.0,22
2023-03-25,PROD_023,92,25.89,0,64.0,22
2023-03-26,PROD_023,106,25.75,0,106.0,22
2023-03-27,PROD_023,121,25.96,0,112.0,22
2023-03-28,PROD_023,61,25.64,0,53.0,22
2023-03-29,PROD_023,57,24.05,0,73.0,22
2023-03-30,PROD_023,78,25.47,0,32.0,22
2023-03-31,PROD_023,74,24.98,0,104.0,22
2023-04-01,PROD_023,166,23.64,1,92.0,22
2023-04-02,PROD_023,75,20.77,1,106.0,22
2023-04-03,PROD_023,92,22.74,1,121.0,22
2023-04-04,PROD_023,29,25.55,0,61.0,22
2023-04-05,PROD_023,158,24.26,1,57.0,22
2023-04-06,PROD_023,86,25.48,0,78.0,22
2023-04-07,PROD_023,93,22.52,1,74.0,22
2023-04-08,PROD_023,147,25.15,0,166.0,22
2023-04-09,PROD_023,94,25.29,0,75.0,22
2023-04-10,PROD_023,120,25.24,0,92.0,22
2023-04-11,PROD_023,69,24.98,0,29.0,22
2023-04-12,PROD_023,70,25.12,0,158.0,22
2023-04-13,PROD_023,164,23.95,1,86.0,22
2023-04-14,PROD_023,71,23.9,0,93.0,22
2023-04-15,PROD_023,156,24.04,1,147.0,22
2023-04-16,PROD_023,50,26.94,0,94.0,22
2023-04-17,PROD_023,101,24.06,1,120.0,22
2023-04-18,PROD_023,45,24.33,0,69.0,22
2023-04-19,PROD_023,111,24.99,0,70.0,22
2023-04-20,PROD_023,80,26.28,0,164.0,22
2023-04-21,PROD_023,82,26.04,0,71.0,22
2023-04-22,PROD_023,124,24.93,0,156.0,22
2023-04-23,PROD_023,139,24.94,0,50.0,22
2023-04-24,PROD_023,91,26.21,0,101.0,22
2023-04-25,PROD_023,100,25.4,0,45.0,22
2023-04-26,PROD_023,54,25.58,0,111.0,22
2023-04-27,PROD_023,61,22.72,1,80.0,22
2023-04-28,PROD_023,90,24.96,0,82.0,22
2023-04-29,PROD_023,151,24.95,0,124.0,22
2023-04-30,PROD_023,111,24.16,0,139.0,22
2023-05-01,PROD_023,57,25.84,0,91.0,22
2023-05-02,PROD_023,63,24.85,0,100.0,22
2023-05-03,PROD_023,154,24.72,1,54.0,22
2023-05-04,PROD_023,30,21.48,1,61.0,22
2023-05-05,PROD_023,105,24.63,1,90.0,22
2023-05-06,PROD_023,70,26.33,0,151.0,22
2023-05-07,PROD_023,173,22.72,1,111.0,22
2023-05-08,PROD_023,36,24.35,0,57.0,22
2023-05-09,PROD_023,169,22.58,1,63.0,22
2023-05-10,PROD_023,57,25.55,0,154.0,22
2023-05-11,PROD_023,114,25.22,0,30.0,22
2023-05-12,PROD_023,132,23.92,1,105.0,22
2023-05-13,PROD_023,152,24.87,0,70.0,22
2023-05-14,PROD_023,35,26.43,0,173.0,22
2023-05-15,PROD_023,75,25.56,0,36.0,22
2023-05-16,PROD_023,76,25.87,0,169.0,22
2023-05-17,PROD_023,83,25.6,0,57.0,22
2023-05-18,PROD_023,46,23.84,0,114.0,22
2023-05-19,PROD_023,129,23.98,1,132.0,22
2023-05-20,PROD_023,62,24.36,0,152.0,22
2023-05-21,PROD_023,59,25.66,0,35.0,22
2023-05-22,PROD_023,85,24.84,0,75.0,22
2023-05-23,PROD_023,92,26.08,0,76.0,22
2023-05-24,PROD_023,34,25.38,0,83.0,22
2023-05-25,PROD_023,127,24.78,1,46.0,22
2023-05-26,PROD_023,54,25.1,0,129.0,22
2023-05-27,PROD_023,150,24.78,0,62.0,22
2023-05-28,PROD_023,36,23.98,0,59.0,22
2023-05-29,PROD_023,106,22.15,1,85.0,22
2023-05-30,PROD_023,102,22.48,1,92.0,22
2023-05-31,PROD_023,33,23.04,1,34.0,22
2023-06-01,PROD_023,85,25.73,0,127.0,22
2023-06-02,PROD_023,54,23.08,1,54.0,22
2023-06-03,PROD_023,157,21.83,1,150.0,22
2023-06-04,PROD_023,59,26.91,0,36.0,22
2023-06-05,PROD_023,45,25.1,0,106.0,22
2023-01-08,PROD_024,28,51.59,1,34.0,23
2023-01-09,PROD_024,19,57.04,0,9.0,23
2023-01-10,PROD_024,34,52.72,1,20.0,23
2023-01-11,PROD_024,20,57.81,0,13.0,23
2023-01-12,PROD_024,8,54.95,0,32.0,23
2023-01-13,PROD_024,34,55.66,1,26.0,23
2023-01-14,PROD_024,30,58.1,0,28.0,23
2023-01-15,PROD_024,40,54.74,0,28.0,23
2023-01-16,PROD_024,39,53.88,1,19.0,23
2023-01-17,PROD_024,17,56.12,0,34.0,23
2023-01-18,PROD_024,14,57.18,0,20.0,23
2023-01-19,PROD_024,20,59.13,0,8.0,23
2023-01-20,PROD_024,19,52.33,1,34.0,23
2023-01-21,PROD_024,23,57.22,0,30.0,23
2023-01-22,PROD_024,24,55.08,0,40.0,23
2023-01-23,PROD_024,19,55.29,0,39.0,23
2023-01-24,PROD_024,34,53.29,1,17.0,23
2023-01-25,PROD_024,27,58.32,0,14.0,23
2023-01-26,PROD_024,21,52.12,1,20.0,23
2023-01-27,PROD_024,19,55.64,0,19.0,23
2023-01-28,PROD_024,66,51.02,1,23.0,23
2023-01-29,PROD_024,18,50.91,1,24.0,23
2023-01-30,PROD_024,38,56.42,0,19.0,23
2023-01-31,PROD_024,36,58.22,0,34.0,23
2023-02-01,PROD_024,18,57.75,0,27.0,23
2023-02-02,PROD_024,60,51.94,1,21.0,23
2023-02-03,PROD_024,47,50.26,1,19.0,23
2023-02-04,PROD_024,24,50.73,1,66.0,23
2023-02-05,PROD_024,46,55.16,0,18.0,23
2023-02-06,PROD_024,10,58.38,0,38.0,23
2023-02-07,PROD_024,36,55.38,1,36.0,23
2023-02-08,PROD_024,15,58.23,0,18.0,23
2023-02-09,PROD_024,46,54.71,1,60.0,23
2023-02-10,PROD_024,14,58.27,0,47.0,23
2023-02-11,PROD_024,17,56.32,0,24.0,23
2023-02-12,PROD_024,42,57.83,0,46.0,23
2023-02-13,PROD_024,14,57.53,0,10.0,23
2023-02-14,PROD_024,19,54.3,0,36.0,23
2023-02-15,PROD_024,21,48.44,1,15.0,23
2023-02-16,PROD_024,25,53.26,1,46.0,23
2023-02-17,PROD_024,33,55.36,1,14.0,23
2023-02-18,PROD_024,46,52.75,1,17.0,23
2023-02-19,PROD_024,18,58.21,0,42.0,23
2023-02-20,PROD_024,22,55.99,0,14.0,23
2023-02-21,PROD_024,43,53.61,1,19.0,23
2023-02-22,PROD_024,30,57.35,0,21.0,23
2023-02-23,PROD_024,41,53.0,1,25.0,23
2023-02-24,PROD_024,32,58.52,0,33.0,23
2023-02-25,PROD_024,56,54.81,1,46.0,23
2023-02-26,PROD_024,83,45.41,1,18.0,23
2023-02-27,PROD_024,22,53.92,0,22.0,23
2023-02-28,PROD_024,29,49.55,1,43.0,23
2023-03-01,PROD_024,23,59.98,0,30.0,23
2023-03-02,PROD_024,39,53.95,1,41.0,23
2023-03-03,PROD_024,24,59.0,0,32.0,23
2023-03-04,PROD_024,28,46.56,1,56.0,23
2023-03-05,PROD_024,40,53.21,1,83.0,23
2023-03-06,PROD_024,57,52.3,1,22.0,23
2023-03-07,PROD_024,24,53.64,1,29.0,23
2023-03-08,PROD_024,15,56.19,0,23.0,23
2023-03-09,PROD_024,40,50.58,1,39.0,23
2023-03-10,PROD_024,34,55.42,0,24.0,23
2023-03-11,PROD_024,25,50.5,1,28.0,23
2023-03-12,PROD_024,34,56.65,0,40.0,23
2023-03-13,PROD_024,39,56.99,0,57.0,23
2023-03-14,PROD_024,45,52.97,1,24.0,23
2023-03-15,PROD_024,46,55.29,1,15.0,23
2023-03-16,PROD_024,25,55.29,0,40.0,23
2023-03-17,PROD_024,28,53.24,1,34.0,23
2023-03-18,PROD_024,29,55.34,0,25.0,23
2023-03-19,PROD_024,58,52.8,1,34.0,23
2023-03-20,PROD_024,35,40.21,1,39.0,23
2023-03-21,PROD_024,22,48.12,1,45.0,23
2023-03-22,PROD_024,21,57.96,0,46.0,23
2023-03-23,PROD_024,53,49.53,1,25.0,23
2023-03-24,PROD_024,24,57.64,0,28.0,23
2023-03-25,PROD_024,46,55.89,0,29.0,23
2023-03-26,PROD_024,12,56.08,0,58.0,23
2023-03-27,PROD_024,41,55.06,1,35.0,23
2023-03-28,PROD_024,18,58.6,0,22.0,23
2023-03-29,PROD_024,33,56.3,0,21.0,23
2023-03-30,PROD_024,22,57.44,0,53.0,23
2023-03-31,PROD_024,28,54.24,1,24.0,23
2023-04-01,PROD_024,37,58.17,0,46.0,23
2023-04-02,PROD_024,24,55.15,0,12.0,23
2023-04-03,PROD_024,15,49.28,1,41.0,23
2023-04-04,PROD_024,24,50.85,1,18.0,23
2023-04-05,PROD_024,32,56.39,0,33.0,23
2023-04-06,PROD_024,15,48.55,1,22.0,23
2023-04-07,PROD_024,10,56.9,0,28.0,23
2023-04-08,PROD_024,32,51.42,1,37.0,23
2023-04-09,PROD_024,45,57.15,0,24.0,23
2023-04-10,PROD_024,20,57.1,0,15.0,23
2023-04-11,PROD_024,32,57.53,0,24.0,23
2023-04-12,PROD_024,21,56.13,0,32.0,23
2023-04-13,PROD_024,49,54.66,1,15.0,23
2023-04-14,PROD_024,30,57.27,0,10.0,23
2023-04-15,PROD_024,27,50.69,1,32.0,23
2023-04-16,PROD_024,29,59.03,0,45.0,23
2023-04-17,PROD_024,36,54.68,1,20.0,23
2023-04-18,PROD_024,32,57.69,0,32.0,23
2023-04-19,PROD_024,36,55.23,0,21.0,23
2023-04-20,PROD_024,23,54.07,1,49.0,23
2023-04-21,PROD_024,32,58.0,0,30.0,23
2023-04-22,PROD_024,30,51.31,1,27.0,23
2023-04-23,PROD_024,28,53.65,0,29.0,23
2023-04-24,PROD_024,14,55.58,0,36.0,23
2023-04-25,PROD_024,50,49.59,1,32.0,23
2023-04-26,PROD_024,37,49.97,1,36.0,23
2023-04-27,PROD_024,20,56.62,0,23.0,23
2023-04-28,PROD_024,19,58.66,0,32.0,23
2023-04-29,PROD_024,34,56.38,0,30.0,23
2023-04-30,PROD_024,34,56.56,0,28.0,23
2023-05-01,PROD_024,28,55.04,0,14.0,23
2023-05-02,PROD_024,15,53.2,0,50.0,23
2023-05-03,PROD_024,11,53.23,0,37.0,23
2023-05-04,PROD_024,46,51.03,1,20.0,23
2023-05-05,PROD_024,10,59.62,0,19.0,23
2023-05-06,PROD_024,32,52.8,1,34.0,23
2023-05-07,PROD_024,54,51.2,1,34.0,23
2023-05-08,PROD_024,22,56.89,0,28.0,23
2023-05-09,PROD_024,14,59.41,0,15.0,23
2023-05-10,PROD_024,44,56.9,0,11.0,23
2023-05-11,PROD_024,43,59.57,0,46.0,23
2023-05-12,PROD_024,25,54.07,1,10.0,23
2023-05-13,PROD_024,32,58.38,0,32.0,23
2023-05-14,PROD_024,64,53.96,1,54.0,23
2023-05-15,PROD_024,17,58.98,0,22.0,23
2023-05-16,PROD_024,28,56.52,0,14.0,23
2023-05-17,PROD_024,34,57.7,0,44.0,23
2023-05-18,PROD_024,31,57.28,0,43.0,23
2023-05-19,PROD_024,41,55.12,1,25.0,23
2023-05-20,PROD_024,25,59.11,0,32.0,23
2023-05-21,PROD_024,40,55.36,0,64.0,23
2023-05-22,PROD_024,47,49.97,1,17.0,23
2023-05-23,PROD_024,40,54.94,1,28.0,23
2023-05-24,PROD_024,13,57.72,0,34.0,23
2023-05-25,PROD_024,17,48.58,1,31.0,23
2023-05-26,PROD_024,30,53.55,1,41.0,23
2023-05-27,PROD_024,30,51.22,1,25.0,23
2023-05-28,PROD_024,28,55.94,0,40.0,23
2023-05-29,PROD_024,42,57.04,0,47.0,23
2023-05-30,PROD_024,18,54.47,0,40.0,23
2023-05-31,PROD_024,30,57.89,0,13.0,23
2023-06-01,PROD_024,25,57.63,0,17.0,23
2023-06-02,PROD_024,24,57.22,0,30.0,23
2023-06-03,PROD_024,34,56.0,0,30.0,23
2023-06-04,PROD_024,31,57.24,0,28.0,23
2023-06-05,PROD_024,12,55.3,0,42.0,23
