datasets used to train models/train.csv
date,product_id,units_sold,sale_price,is_promo,lag_7,product_id_encoded
2023-01-08,PROD_025,11,130.64,0,12.0,24
2023-01-09,PROD_025,18,142.96,0,14.0,24
2023-01-10,PROD_025,17,137.8,0,21.0,24
2023-01-11,PROD_025,13,134.44,0,17.0,24
2023-01-12,PROD_025,8,127.82,0,30.0,24
2023-01-13,PROD_025,15,134.81,0,27.0,24
2023-01-14,PROD_025,54,123.0,1,35.0,24
2023-01-15,PROD_025,26,124.14,1,11.0,24
2023-01-16,PROD_025,16,129.01,0,18.0,24
2023-01-17,PROD_025,28,120.88,1,17.0,24
2023-01-18,PROD_025,34,142.97,0,13.0,24
2023-01-19,PROD_025,23,120.02,1,8.0,24
2023-01-20,PROD_025,24,121.5,1,15.0,24
2023-01-21,PROD_025,38,132.88,0,54.0,24
2023-01-22,PROD_025,42,137.2,0,26.0,24
2023-01-23,PROD_025,18,134.56,0,16.0,24
2023-01-24,PROD_025,13,126.9,1,28.0,24
2023-01-25,PROD_025,22,137.4,0,34.0,24
2023-01-26,PROD_025,16,137.14,0,23.0,24
2023-01-27,PROD_025,23,140.38,0,24.0,24
2023-01-28,PROD_025,23,140.75,0,38.0,24
2023-01-29,PROD_025,41,139.03,0,42.0,24
2023-01-30,PROD_025,23,129.55,1,18.0,24
2023-01-31,PROD_025,34,132.35,1,13.0,24
2023-02-01,PROD_025,18,135.21,0,22.0,24
2023-02-02,PROD_025,21,135.38,0,16.0,24
2023-02-03,PROD_025,37,125.36,1,23.0,24
2023-02-04,PROD_025,20,138.54,0,23.0,24
2023-02-05,PROD_025,24,133.46,0,41.0,24
2023-02-06,PROD_025,31,137.12,1,23.0,24
2023-02-07,PROD_025,30,134.18,0,34.0,24
2023-02-08,PROD_025,20,125.43,1,18.0,24
2023-02-09,PROD_025,29,139.72,0,21.0,24
2023-02-10,PROD_025,45,111.51,1,37.0,24
2023-02-11,PROD_025,38,125.94,1,20.0,24
2023-02-12,PROD_025,46,113.75,1,24.0,24
2023-02-13,PROD_025,13,131.78,0,31.0,24
2023-02-14,PROD_025,26,132.36,0,30.0,24
2023-02-15,PROD_025,16,141.98,0,20.0,24
2023-02-16,PROD_025,24,127.24,1,29.0,24
2023-02-17,PROD_025,13,135.99,0,45.0,24
2023-02-18,PROD_025,27,137.8,0,38.0,24
2023-02-19,PROD_025,56,132.57,1,46.0,24
2023-02-20,PROD_025,33,138.33,0,13.0,24
2023-02-21,PROD_025,27,142.01,0,26.0,24
2023-02-22,PROD_025,19,139.19,0,16.0,24
2023-02-23,PROD_025,12,125.56,1,24.0,24
2023-02-24,PROD_025,11,146.83,0,13.0,24
2023-02-25,PROD_025,30,128.38,1,27.0,24
2023-02-26,PROD_025,39,135.85,0,56.0,24
2023-02-27,PROD_025,29,122.1,1,33.0,24
2023-02-28,PROD_025,18,139.29,0,27.0,24
2023-03-01,PROD_025,18,138.98,0,19.0,24
2023-03-02,PROD_025,19,133.22,0,12.0,24
2023-03-03,PROD_025,13,139.52,0,11.0,24
2023-03-04,PROD_025,17,135.35,0,30.0,24
2023-03-05,PROD_025,27,137.54,0,39.0,24
2023-03-06,PROD_025,41,130.77,1,29.0,24
2023-03-07,PROD_025,32,136.74,0,18.0,24
2023-03-08,PROD_025,35,141.14,0,18.0,24
2023-03-09,PROD_025,39,126.14,1,19.0,24
2023-03-10,PROD_025,23,114.88,1,13.0,24
2023-03-11,PROD_025,17,129.59,1,17.0,24
2023-03-12,PROD_025,40,138.2,0,27.0,24
2023-03-13,PROD_025,15,132.97,0,41.0,24
2023-03-14,PROD_025,22,143.3,0,32.0,24
2023-03-15,PROD_025,18,113.34,1,35.0,24
2023-03-16,PROD_025,18,141.69,0,39.0,24
2023-03-17,PROD_025,38,138.02,0,23.0,24
2023-03-18,PROD_025,30,139.9,0,17.0,24
2023-03-19,PROD_025,45,128.61,1,40.0,24
2023-03-20,PROD_025,36,140.96,0,15.0,24
2023-03-21,PROD_025,27,136.11,0,22.0,24
2023-03-22,PROD_025,17,117.14,1,18.0,24
2023-03-23,PROD_025,28,141.48,0,18.0,24
2023-03-24,PROD_025,23,144.29,0,38.0,24
2023-03-25,PROD_025,34,136.98,0,30.0,24
2023-03-26,PROD_025,44,128.28,1,45.0,24
2023-03-27,PROD_025,46,131.15,1,36.0,24
2023-03-28,PROD_025,21,124.18,1,27.0,24
2023-03-29,PROD_025,44,132.41,1,17.0,24
2023-03-30,PROD_025,17,140.92,0,28.0,24
2023-03-31,PROD_025,34,132.34,1,23.0,24
2023-04-01,PROD_025,53,136.36,1,34.0,24
2023-04-02,PROD_025,46,138.93,0,44.0,24
2023-04-03,PROD_025,11,141.44,0,46.0,24
2023-04-04,PROD_025,14,141.25,0,21.0,24
2023-04-05,PROD_025,21,143.8,0,44.0,24
2023-04-06,PROD_025,25,130.18,1,17.0,24
2023-04-07,PROD_025,11,131.52,0,34.0,24
2023-04-08,PROD_025,56,127.12,1,53.0,24
2023-04-09,PROD_025,28,130.26,1,46.0,24
2023-04-10,PROD_025,24,128.36,1,11.0,24
2023-04-11,PROD_025,44,127.28,1,14.0,24
2023-04-12,PROD_025,43,133.43,1,21.0,24
2023-04-13,PROD_025,38,125.02,1,25.0,24
2023-04-14,PROD_025,10,128.5,0,11.0,24
2023-04-15,PROD_025,37,137.82,0,56.0,24
2023-04-16,PROD_025,49,133.86,0,28.0,24
2023-04-17,PROD_025,30,124.08,1,24.0,24
2023-04-18,PROD_025,44,134.11,1,44.0,24
2023-04-19,PROD_025,35,136.41,0,43.0,24
2023-04-20,PROD_025,39,134.5,0,38.0,24
2023-04-21,PROD_025,42,134.36,1,10.0,24
2023-04-22,PROD_025,67,128.87,1,37.0,24
2023-04-23,PROD_025,28,131.06,0,49.0,24
2023-04-24,PROD_025,16,140.95,0,30.0,24
2023-04-25,PROD_025,23,120.54,1,44.0,24
2023-04-26,PROD_025,11,140.4,0,35.0,24
2023-04-27,PROD_025,12,143.51,0,39.0,24
2023-04-28,PROD_025,15,118.52,1,42.0,24
2023-04-29,PROD_025,46,134.21,0,67.0,24
2023-04-30,PROD_025,50,133.04,0,28.0,24
2023-05-01,PROD_025,41,131.93,1,16.0,24
2023-05-02,PROD_025,45,131.49,1,23.0,24
2023-05-03,PROD_025,48,128.56,1,11.0,24
2023-05-04,PROD_025,29,135.79,0,12.0,24
2023-05-05,PROD_025,22,138.85,0,15.0,24
2023-05-06,PROD_025,30,137.66,0,46.0,24
2023-05-07,PROD_025,38,135.48,1,50.0,24
2023-05-08,PROD_025,28,121.95,1,41.0,24
2023-05-09,PROD_025,37,139.27,0,45.0,24
2023-05-10,PROD_025,7,137.37,0,48.0,24
2023-05-11,PROD_025,28,135.98,0,29.0,24
2023-05-12,PROD_025,39,135.79,1,22.0,24
2023-05-13,PROD_025,36,133.83,0,30.0,24
2023-05-14,PROD_025,29,135.61,0,38.0,24
2023-05-15,PROD_025,35,123.67,1,28.0,24
2023-05-16,PROD_025,24,131.93,0,37.0,24
2023-05-17,PROD_025,42,131.44,1,7.0,24
2023-05-18,PROD_025,23,138.76,0,28.0,24
2023-05-19,PROD_025,34,141.1,0,39.0,24
2023-05-20,PROD_025,37,134.73,0,36.0,24
2023-05-21,PROD_025,29,131.53,1,29.0,24
2023-05-22,PROD_025,18,138.46,0,35.0,24
2023-05-23,PROD_025,7,142.67,0,24.0,24
2023-05-24,PROD_025,40,130.29,1,42.0,24
2023-05-25,PROD_025,26,143.89,0,23.0,24
2023-05-26,PROD_025,28,125.05,1,34.0,24
2023-05-27,PROD_025,31,136.19,0,37.0,24
2023-05-28,PROD_025,34,131.09,1,29.0,24
2023-05-29,PROD_025,29,134.49,0,18.0,24
2023-05-30,PROD_025,35,140.87,0,7.0,24
2023-05-31,PROD_025,11,136.34,0,40.0,24
2023-06-01,PROD_025,36,134.67,0,26.0,24
2023-06-02,PROD_025,22,120.5,1,28.0,24
2023-06-03,PROD_025,46,126.44,1,31.0,24
2023-06-04,PROD_025,31,140.47,0,34.0,24
2023-06-05,PROD_025,19,138.49,0,29.0,24
2023-01-08,PROD_026,44,34.71,0,49.0,25
2023-01-09,PROD_026,27,32.42,1,15.0,25
2023-01-10,PROD_026,28,36.67,0,25.0,25
2023-01-11,PROD_026,47,33.33,1,33.0,25
2023-01-12,PROD_026,30,36.58,0,21.0,25
2023-01-13,PROD_026,39,33.28,1,31.0,25
2023-01-14,PROD_026,9,38.84,0,20.0,25
2023-01-15,PROD_026,37,36.03,0,44.0,25
2023-01-16,PROD_026,27,36.67,0,27.0,25
2023-01-17,PROD_026,13,36.15,0,28.0,25
2023-01-18,PROD_026,22,38.01,0,47.0,25
2023-01-19,PROD_026,46,34.1,1,30.0,25
2023-01-20,PROD_026,16,32.15,1,39.0,25
2023-01-21,PROD_026,41,35.79,0,9.0,25
2023-01-22,PROD_026,87,33.74,1,37.0,25
2023-01-23,PROD_026,20,34.38,0,27.0,25
2023-01-24,PROD_026,27,36.12,0,13.0,25
2023-01-25,PROD_026,37,36.63,0,22.0,25
2023-01-26,PROD_026,36,35.26,0,46.0,25
2023-01-27,PROD_026,51,34.51,1,16.0,25
2023-01-28,PROD_026,66,35.39,0,41.0,25
2023-01-29,PROD_026,64,33.82,1,87.0,25
2023-01-30,PROD_026,29,31.9,1,20.0,25
2023-01-31,PROD_026,49,37.75,0,27.0,25
2023-02-01,PROD_026,28,35.06,0,37.0,25
2023-02-02,PROD_026,23,35.67,0,36.0,25
2023-02-03,PROD_026,64,34.23,1,51.0,25
2023-02-04,PROD_026,42,31.71,1,66.0,25
2023-02-05,PROD_026,44,35.6,0,64.0,25
2023-02-06,PROD_026,43,35.81,0,29.0,25
2023-02-07,PROD_026,30,34.82,0,49.0,25
2023-02-08,PROD_026,32,37.1,0,28.0,25
2023-02-09,PROD_026,26,37.18,0,23.0,25
2023-02-10,PROD_026,12,37.72,0,64.0,25
2023-02-11,PROD_026,34,35.49,0,42.0,25
2023-02-12,PROD_026,63,34.22,1,44.0,25
2023-02-13,PROD_026,36,35.77,0,43.0,25
2023-02-14,PROD_026,31,31.61,1,30.0,25
2023-02-15,PROD_026,67,34.23,1,32.0,25
2023-02-16,PROD_026,48,34.48,1,26.0,25
2023-02-17,PROD_026,48,35.99,0,12.0,25
2023-02-18,PROD_026,39,37.05,0,34.0,25
2023-02-19,PROD_026,21,35.66,0,63.0,25
2023-02-20,PROD_026,30,35.13,0,36.0,25
2023-02-21,PROD_026,17,35.06,0,31.0,25
2023-02-22,PROD_026,50,33.87,1,67.0,25
2023-02-23,PROD_026,38,35.54,0,48.0,25
2023-02-24,PROD_026,22,37.18,0,48.0,25
2023-02-25,PROD_026,40,33.16,1,39.0,25
2023-02-26,PROD_026,59,37.7,0,21.0,25
2023-02-27,PROD_026,47,34.19,1,30.0,25
2023-02-28,PROD_026,35,36.35,0,17.0,25
2023-03-01,PROD_026,55,37.2,0,50.0,25
2023-03-02,PROD_026,39,38.11,0,38.0,25
2023-03-03,PROD_026,63,35.74,1,22.0,25
2023-03-04,PROD_026,43,36.94,0,40.0,25
2023-03-05,PROD_026,33,37.03,0,59.0,25
2023-03-06,PROD_026,17,36.42,0,47.0,25
2023-03-07,PROD_026,25,37.8,0,35.0,25
2023-03-08,PROD_026,47,33.17,1,55.0,25
2023-03-09,PROD_026,41,36.98,0,39.0,25
2023-03-10,PROD_026,40,36.2,0,63.0,25
2023-03-11,PROD_026,51,37.52,0,43.0,25
2023-03-12,PROD_026,44,30.54,1,33.0,25
2023-03-13,PROD_026,30,36.74,0,17.0,25
2023-03-14,PROD_026,17,36.03,0,25.0,25
2023-03-15,PROD_026,37,36.12,0,47.0,25
2023-03-16,PROD_026,26,33.08,1,41.0,25
2023-03-17,PROD_026,27,35.65,0,40.0,25
2023-03-18,PROD_026,40,35.49,0,51.0,25
2023-03-19,PROD_026,59,36.77,0,44.0,25
2023-03-20,PROD_026,14,37.08,0,30.0,25
2023-03-21,PROD_026,41,34.64,0,17.0,25
2023-03-22,PROD_026,43,30.13,1,37.0,25
2023-03-23,PROD_026,16,34.92,0,26.0,25
2023-03-24,PROD_026,49,35.74,0,27.0,25
2023-03-25,PROD_026,18,35.22,0,40.0,25
2023-03-26,PROD_026,53,35.64,0,59.0,25
2023-03-27,PROD_026,31,34.96,0,14.0,25
2023-03-28,PROD_026,32,32.91,1,41.0,25
2023-03-29,PROD_026,39,35.18,0,43.0,25
2023-03-30,PROD_026,20,35.75,0,16.0,25
2023-03-31,PROD_026,36,31.92,1,49.0,25
2023-04-01,PROD_026,39,36.11,0,18.0,25
2023-04-02,PROD_026,47,36.52,0,53.0,25
2023-04-03,PROD_026,38,36.01,0,31.0,25
2023-04-04,PROD_026,39,32.51,1,32.0,25
2023-04-05,PROD_026,10,35.07,0,39.0,25
2023-04-06,PROD_026,30,34.34,0,20.0,25
2023-04-07,PROD_026,50,31.7,1,36.0,25
2023-04-08,PROD_026,23,31.71,1,39.0,25
2023-04-09,PROD_026,31,36.3,0,47.0,25
2023-04-10,PROD_026,57,29.18,1,38.0,25
2023-04-11,PROD_026,46,35.98,0,39.0,25
2023-04-12,PROD_026,38,37.21,0,10.0,25
2023-04-13,PROD_026,46,34.35,1,30.0,25
2023-04-14,PROD_026,28,35.6,0,50.0,25
2023-04-15,PROD_026,27,34.72,0,23.0,25
2023-04-16,PROD_026,58,30.56,1,31.0,25
2023-04-17,PROD_026,34,35.69,0,57.0,25
2023-04-18,PROD_026,20,32.21,1,46.0,25
2023-04-19,PROD_026,33,37.89,0,38.0,25
2023-04-20,PROD_026,42,32.94,1,46.0,25
2023-04-21,PROD_026,48,36.72,0,28.0,25
2023-04-22,PROD_026,41,36.28,0,27.0,25
2023-04-23,PROD_026,53,38.08,0,58.0,25
2023-04-24,PROD_026,46,34.42,1,34.0,25
2023-04-25,PROD_026,16,36.18,0,20.0,25
2023-04-26,PROD_026,10,37.1,0,33.0,25
2023-04-27,PROD_026,45,30.13,1,42.0,25
2023-04-28,PROD_026,18,36.58,0,48.0,25
2023-04-29,PROD_026,24,37.86,0,41.0,25
2023-04-30,PROD_026,55,32.83,1,53.0,25
2023-05-01,PROD_026,22,35.64,0,46.0,25
2023-05-02,PROD_026,64,35.2,1,16.0,25
2023-05-03,PROD_026,40,34.23,1,10.0,25
2023-05-04,PROD_026,47,32.43,1,45.0,25
2023-05-05,PROD_026,11,36.1,0,18.0,25
2023-05-06,PROD_026,53,36.25,0,24.0,25
2023-05-07,PROD_026,62,36.95,0,55.0,25
2023-05-08,PROD_026,48,36.42,0,22.0,25
2023-05-09,PROD_026,31,35.72,0,64.0,25
2023-05-10,PROD_026,41,36.45,0,40.0,25
2023-05-11,PROD_026,29,33.14,1,47.0,25
2023-05-12,PROD_026,28,34.4,0,11.0,25
2023-05-13,PROD_026,27,35.9,0,53.0,25
2023-05-14,PROD_026,40,36.4,0,62.0,25
2023-05-15,PROD_026,27,37.32,0,48.0,25
2023-05-16,PROD_026,12,35.26,0,31.0,25
2023-05-17,PROD_026,33,35.97,0,41.0,25
2023-05-18,PROD_026,25,35.04,0,29.0,25
2023-05-19,PROD_026,48,34.62,1,28.0,25
2023-05-20,PROD_026,38,29.35,1,27.0,25
2023-05-21,PROD_026,62,32.5,1,40.0,25
2023-05-22,PROD_026,25,35.59,0,27.0,25
2023-05-23,PROD_026,41,34.36,1,12.0,25
2023-05-24,PROD_026,39,34.26,1,33.0,25
2023-05-25,PROD_026,48,32.05,1,25.0,25
2023-05-26,PROD_026,19,35.25,0,48.0,25
2023-05-27,PROD_026,92,30.66,1,38.0,25
2023-05-28,PROD_026,37,36.13,0,62.0,25
2023-05-29,PROD_026,29,35.05,1,25.0,25
2023-05-30,PROD_026,30,37.59,0,41.0,25
2023-05-31,PROD_026,28,30.8,1,39.0,25
2023-06-01,PROD_026,35,35.36,0,48.0,25
2023-06-02,PROD_026,21,37.39,0,19.0,25
2023-06-03,PROD_026,47,36.65,0,92.0,25
2023-06-04,PROD_026,47,33.31,1,37.0,25
2023-06-05,PROD_026,65,35.39,1,29.0,25
2023-01-08,PROD_027,46,65.65,1,45.0,26
2023-01-09,PROD_027,35,73.64,0,22.0,26
2023-01-10,PROD_027,19,64.03,1,27.0,26
2023-01-11,PROD_027,14,72.76,0,37.0,26
2023-01-12,PROD_027,22,69.91,1,12.0,26
2023-01-13,PROD_027,12,71.9,0,30.0,26
2023-01-14,PROD_027,52,68.62,1,32.0,26
2023-01-15,PROD_027,44,67.77,1,46.0,26
2023-01-16,PROD_027,41,68.87,1,35.0,26
2023-01-17,PROD_027,36,75.28,0,19.0,26
2023-01-18,PROD_027,30,73.71,0,14.0,26
2023-01-19,PROD_027,15,71.72,0,22.0,26
2023-01-20,PROD_027,25,63.42,1,12.0,26
2023-01-21,PROD_027,11,75.19,0,52.0,26
2023-01-22,PROD_027,43,74.48,0,44.0,26
2023-01-23,PROD_027,43,75.18,0,41.0,26
2023-01-24,PROD_027,12,70.42,0,36.0,26
2023-01-25,PROD_027,15,71.44,0,30.0,26
2023-01-26,PROD_027,27,73.55,0,15.0,26
2023-01-27,PROD_027,28,73.81,0,25.0,26
2023-01-28,PROD_027,31,67.44,1,11.0,26
2023-01-29,PROD_027,52,74.94,0,43.0,26
2023-01-30,PROD_027,39,64.36,1,43.0,26
2023-01-31,PROD_027,41,68.46,1,12.0,26
2023-02-01,PROD_027,62,64.57,1,15.0,26
2023-02-02,PROD_027,45,66.99,1,27.0,26
2023-02-03,PROD_027,13,73.19,0,28.0,26
2023-02-04,PROD_027,42,68.67,1,31.0,26
2023-02-05,PROD_027,43,70.56,1,52.0,26
2023-02-06,PROD_027,52,70.91,1,39.0,26
2023-02-07,PROD_027,37,72.18,0,41.0,26
2023-02-08,PROD_027,33,68.61,1,62.0,26
2023-02-09,PROD_027,28,74.5,0,45.0,26
2023-02-10,PROD_027,34,65.78,1,13.0,26
2023-02-11,PROD_027,54,72.45,1,42.0,26
2023-02-12,PROD_027,27,73.63,0,43.0,26
2023-02-13,PROD_027,28,70.56,0,52.0,26
2023-02-14,PROD_027,20,73.32,0,37.0,26
2023-02-15,PROD_027,38,71.93,1,33.0,26
2023-02-16,PROD_027,27,74.48,0,28.0,26
2023-02-17,PROD_027,9,79.58,0,34.0,26
2023-02-18,PROD_027,19,70.7,0,54.0,26
2023-02-19,PROD_027,49,75.72,0,27.0,26
2023-02-20,PROD_027,26,76.11,0,28.0,26
2023-02-21,PROD_027,42,68.07,1,20.0,26
2023-02-22,PROD_027,42,66.98,1,38.0,26
2023-02-23,PROD_027,38,66.34,1,27.0,26
2023-02-24,PROD_027,19,72.28,0,9.0,26
2023-02-25,PROD_027,39,67.62,1,19.0,26
2023-02-26,PROD_027,56,76.01,0,49.0,26
2023-02-27,PROD_027,20,74.58,0,26.0,26
2023-02-28,PROD_027,28,69.6,0,42.0,26
2023-03-01,PROD_027,33,73.42,0,42.0,26
2023-03-02,PROD_027,54,68.38,1,38.0,26
2023-03-03,PROD_027,19,64.68,1,19.0,26
2023-03-04,PROD_027,69,71.84,1,39.0,26
2023-03-05,PROD_027,17,70.97,0,56.0,26
2023-03-06,PROD_027,30,67.7,1,20.0,26
2023-03-07,PROD_027,57,71.66,1,28.0,26
2023-03-08,PROD_027,42,71.85,0,33.0,26
2023-03-09,PROD_027,32,74.89,0,54.0,26
2023-03-10,PROD_027,33,76.85,0,19.0,26
2023-03-11,PROD_027,18,73.94,0,69.0,26
2023-03-12,PROD_027,16,70.63,0,17.0,26
2023-03-13,PROD_027,18,74.74,0,30.0,26
2023-03-14,PROD_027,34,62.72,1,57.0,26
2023-03-15,PROD_027,25,72.84,0,42.0,26
2023-03-16,PROD_027,12,77.99,0,32.0,26
2023-03-17,PROD_027,27,72.74,0,33.0,26
2023-03-18,PROD_027,37,55.64,1,18.0,26
2023-03-19,PROD_027,35,73.33,0,16.0,26
2023-03-20,PROD_027,30,69.51,1,18.0,26
2023-03-21,PROD_027,19,72.38,0,34.0,26
2023-03-22,PROD_027,49,73.41,0,25.0,26
2023-03-23,PROD_027,52,69.37,1,12.0,26
2023-03-24,PROD_027,34,68.11,1,27.0,26
2023-03-25,PROD_027,26,64.16,1,37.0,26
2023-03-26,PROD_027,25,74.4,0,35.0,26
2023-03-27,PROD_027,43,71.98,0,30.0,26
2023-03-28,PROD_027,43,72.3,0,19.0,26
2023-03-29,PROD_027,21,67.3,1,49.0,26
2023-03-30,PROD_027,20,73.17,0,52.0,26
2023-03-31,PROD_027,18,68.27,1,34.0,26
2023-04-01,PROD_027,33,64.85,1,26.0,26
2023-04-02,PROD_027,15,75.95,0,25.0,26
2023-04-03,PROD_027,18,74.97,0,43.0,26
2023-04-04,PROD_027,28,75.49,0,43.0,26
2023-04-05,PROD_027,22,74.13,0,21.0,26
2023-04-06,PROD_027,43,72.38,0,20.0,26
2023-04-07,PROD_027,16,73.19,0,18.0,26
2023-04-08,PROD_027,39,75.44,0,33.0,26
2023-04-09,PROD_027,20,78.56,0,15.0,26
2023-04-10,PROD_027,26,71.79,0,18.0,26
2023-04-11,PROD_027,25,66.74,1,28.0,26
2023-04-12,PROD_027,32,75.23,0,22.0,26
2023-04-13,PROD_027,18,74.88,0,43.0,26
2023-04-14,PROD_027,22,73.58,0,16.0,26
2023-04-15,PROD_027,37,73.29,0,39.0,26
2023-04-16,PROD_027,53,63.58,1,20.0,26
2023-04-17,PROD_027,34,74.94,0,26.0,26
2023-04-18,PROD_027,18,68.56,1,25.0,26
2023-04-19,PROD_027,33,71.56,1,32.0,26
2023-04-20,PROD_027,24,67.17,1,18.0,26
2023-04-21,PROD_027,45,75.69,0,22.0,26
2023-04-22,PROD_027,52,73.97,0,37.0,26
2023-04-23,PROD_027,49,76.63,0,53.0,26
2023-04-24,PROD_027,22,78.63,0,34.0,26
2023-04-25,PROD_027,34,59.17,1,18.0,26
2023-04-26,PROD_027,28,65.25,1,33.0,26
2023-04-27,PROD_027,35,70.0,1,24.0,26
2023-04-28,PROD_027,19,71.41,0,45.0,26
2023-04-29,PROD_027,69,64.7,1,52.0,26
2023-04-30,PROD_027,70,66.25,1,49.0,26
2023-05-01,PROD_027,36,71.19,1,22.0,26
2023-05-02,PROD_027,30,73.55,0,34.0,26
2023-05-03,PROD_027,42,73.64,0,28.0,26
2023-05-04,PROD_027,43,69.25,1,35.0,26
2023-05-05,PROD_027,33,75.38,0,19.0,26
2023-05-06,PROD_027,42,74.16,0,69.0,26
2023-05-07,PROD_027,39,64.78,1,70.0,26
2023-05-08,PROD_027,47,73.45,0,36.0,26
2023-05-09,PROD_027,46,69.59,1,30.0,26
2023-05-10,PROD_027,48,71.15,1,42.0,26
2023-05-11,PROD_027,17,74.32,0,43.0,26
2023-05-12,PROD_027,12,74.34,0,33.0,26
2023-05-13,PROD_027,13,68.97,0,42.0,26
2023-05-14,PROD_027,24,74.37,0,39.0,26
2023-05-15,PROD_027,34,69.8,1,47.0,26
2023-05-16,PROD_027,43,73.9,0,46.0,26
2023-05-17,PROD_027,16,75.2,0,48.0,26
2023-05-18,PROD_027,17,73.84,0,17.0,26
2023-05-19,PROD_027,20,77.39,0,12.0,26
2023-05-20,PROD_027,26,72.81,0,13.0,26
2023-05-21,PROD_027,30,68.41,1,24.0,26
2023-05-22,PROD_027,34,69.21,1,34.0,26
2023-05-23,PROD_027,46,74.66,0,43.0,26
2023-05-24,PROD_027,17,69.87,0,16.0,26
2023-05-25,PROD_027,36,72.6,0,17.0,26
2023-05-26,PROD_027,27,73.84,0,20.0,26
2023-05-27,PROD_027,54,73.13,1,26.0,26
2023-05-28,PROD_027,17,70.8,0,30.0,26
2023-05-29,PROD_027,27,62.63,1,34.0,26
2023-05-30,PROD_027,15,71.53,0,46.0,26
2023-05-31,PROD_027,36,70.22,1,17.0,26
2023-06-01,PROD_027,49,71.64,1,36.0,26
2023-06-02,PROD_027,25,61.11,1,27.0,26
2023-06-03,PROD_027,60,71.15,1,54.0,26
2023-06-04,PROD_027,38,72.17,0,17.0,26
2023-06-05,PROD_027,29,72.77,0,27.0,26
