datasets used to train models/train.csv
date,product_id,units_sold,sale_price,is_promo,lag_7,product_id_encoded
2023-01-08,PROD_031,100,71.01,1,41.0,30
2023-01-09,PROD_031,43,70.57,1,51.0,30
2023-01-10,PROD_031,46,75.75,0,63.0,30
2023-01-11,PROD_031,33,79.17,0,52.0,30
2023-01-12,PROD_031,49,73.1,0,49.0,30
2023-01-13,PROD_031,39,74.34,0,61.0,30
2023-01-14,PROD_031,45,76.85,0,86.0,30
2023-01-15,PROD_031,86,72.89,1,100.0,30
2023-01-16,PROD_031,71,68.14,1,43.0,30
2023-01-17,PROD_031,44,68.8,1,46.0,30
2023-01-18,PROD_031,46,75.24,0,33.0,30
2023-01-19,PROD_031,17,79.5,0,49.0,30
2023-01-20,PROD_031,52,76.18,0,39.0,30
2023-01-21,PROD_031,71,69.59,1,45.0,30
2023-01-22,PROD_031,87,70.83,1,86.0,30
2023-01-23,PROD_031,81,68.89,1,71.0,30
2023-01-24,PROD_031,29,72.03,0,44.0,30
2023-01-25,PROD_031,21,76.56,0,46.0,30
2023-01-26,PROD_031,54,70.4,1,17.0,30
2023-01-27,PROD_031,38,77.2,0,52.0,30
2023-01-28,PROD_031,46,76.14,0,71.0,30
2023-01-29,PROD_031,64,75.92,0,87.0,30
2023-01-30,PROD_031,30,71.9,0,81.0,30
2023-01-31,PROD_031,50,61.26,1,29.0,30
2023-02-01,PROD_031,41,70.77,1,21.0,30
2023-02-02,PROD_031,36,73.39,0,54.0,30
2023-02-03,PROD_031,34,75.81,0,38.0,30
2023-02-04,PROD_031,40,76.62,0,46.0,30
2023-02-05,PROD_031,68,68.15,1,64.0,30
2023-02-06,PROD_031,36,75.45,0,30.0,30
2023-02-07,PROD_031,42,75.9,0,50.0,30
2023-02-08,PROD_031,63,75.03,0,41.0,30
2023-02-09,PROD_031,64,70.49,1,36.0,30
2023-02-10,PROD_031,41,66.63,1,34.0,30
2023-02-11,PROD_031,99,73.71,1,40.0,30
2023-02-12,PROD_031,52,75.94,0,68.0,30
2023-02-13,PROD_031,32,71.71,1,36.0,30
2023-02-14,PROD_031,31,66.05,1,42.0,30
2023-02-15,PROD_031,53,74.31,0,63.0,30
2023-02-16,PROD_031,61,76.62,0,64.0,30
2023-02-17,PROD_031,83,72.9,1,41.0,30
2023-02-18,PROD_031,89,70.1,1,99.0,30
2023-02-19,PROD_031,68,69.14,1,52.0,30
2023-02-20,PROD_031,66,72.9,1,32.0,30
2023-02-21,PROD_031,21,76.1,0,31.0,30
2023-02-22,PROD_031,60,73.71,0,53.0,30
2023-02-23,PROD_031,39,79.19,0,61.0,30
2023-02-24,PROD_031,53,68.34,1,83.0,30
2023-02-25,PROD_031,37,69.53,1,89.0,30
2023-02-26,PROD_031,81,73.02,1,68.0,30
2023-02-27,PROD_031,41,77.97,0,66.0,30
2023-02-28,PROD_031,30,75.98,0,21.0,30
2023-03-01,PROD_031,50,78.74,0,60.0,30
2023-03-02,PROD_031,34,75.89,0,39.0,30
2023-03-03,PROD_031,46,78.74,0,53.0,30
2023-03-04,PROD_031,66,77.52,0,37.0,30
2023-03-05,PROD_031,76,76.11,0,81.0,30
2023-03-06,PROD_031,38,77.32,0,41.0,30
2023-03-07,PROD_031,36,78.65,0,30.0,30
2023-03-08,PROD_031,32,75.83,0,50.0,30
2023-03-09,PROD_031,79,77.04,0,34.0,30
2023-03-10,PROD_031,44,75.44,0,46.0,30
2023-03-11,PROD_031,40,76.14,0,66.0,30
2023-03-12,PROD_031,76,76.99,0,76.0,30
2023-03-13,PROD_031,30,70.94,0,38.0,30
2023-03-14,PROD_031,43,76.43,0,36.0,30
2023-03-15,PROD_031,16,66.14,1,32.0,30
2023-03-16,PROD_031,37,65.68,1,79.0,30
2023-03-17,PROD_031,91,69.62,1,44.0,30
2023-03-18,PROD_031,63,75.15,0,40.0,30
2023-03-19,PROD_031,26,80.62,0,76.0,30
2023-03-20,PROD_031,52,77.2,0,30.0,30
2023-03-21,PROD_031,47,66.69,1,43.0,30
2023-03-22,PROD_031,44,74.82,0,16.0,30
2023-03-23,PROD_031,47,77.09,0,37.0,30
2023-03-24,PROD_031,14,78.67,0,91.0,30
2023-03-25,PROD_031,59,76.4,0,63.0,30
2023-03-26,PROD_031,93,76.54,0,26.0,30
2023-03-27,PROD_031,67,69.58,1,52.0,30
2023-03-28,PROD_031,60,66.54,1,47.0,30
2023-03-29,PROD_031,99,66.93,1,44.0,30
2023-03-30,PROD_031,71,71.64,1,47.0,30
2023-03-31,PROD_031,45,74.97,0,14.0,30
2023-04-01,PROD_031,94,69.84,1,59.0,30
2023-04-02,PROD_031,74,72.85,1,93.0,30
2023-04-03,PROD_031,13,77.06,0,67.0,30
2023-04-04,PROD_031,52,69.52,1,60.0,30
2023-04-05,PROD_031,28,67.98,1,99.0,30
2023-04-06,PROD_031,44,77.59,0,71.0,30
2023-04-07,PROD_031,55,73.23,0,45.0,30
2023-04-08,PROD_031,97,69.51,1,94.0,30
2023-04-09,PROD_031,18,73.58,0,74.0,30
2023-04-10,PROD_031,38,75.37,0,13.0,30
2023-04-11,PROD_031,74,74.58,0,52.0,30
2023-04-12,PROD_031,52,64.54,1,28.0,30
2023-04-13,PROD_031,14,76.95,0,44.0,30
2023-04-14,PROD_031,34,65.32,1,55.0,30
2023-04-15,PROD_031,29,78.66,0,97.0,30
2023-04-16,PROD_031,42,73.88,0,18.0,30
2023-04-17,PROD_031,22,80.14,0,38.0,30
2023-04-18,PROD_031,75,74.33,1,74.0,30
2023-04-19,PROD_031,22,71.83,0,52.0,30
2023-04-20,PROD_031,79,69.93,1,14.0,30
2023-04-21,PROD_031,59,76.74,0,34.0,30
2023-04-22,PROD_031,45,73.28,0,29.0,30
2023-04-23,PROD_031,76,75.88,0,42.0,30
2023-04-24,PROD_031,44,73.52,0,22.0,30
2023-04-25,PROD_031,70,68.77,1,75.0,30
2023-04-26,PROD_031,37,67.47,1,22.0,30
2023-04-27,PROD_031,23,73.71,0,79.0,30
2023-04-28,PROD_031,41,74.67,0,59.0,30
2023-04-29,PROD_031,67,72.31,1,45.0,30
2023-04-30,PROD_031,88,71.28,1,76.0,30
2023-05-01,PROD_031,75,74.58,1,44.0,30
2023-05-02,PROD_031,57,70.96,1,70.0,30
2023-05-03,PROD_031,69,75.28,0,37.0,30
2023-05-04,PROD_031,39,73.58,0,23.0,30
2023-05-05,PROD_031,54,71.39,1,41.0,30
2023-05-06,PROD_031,63,73.99,0,67.0,30
2023-05-07,PROD_031,51,74.16,0,88.0,30
2023-05-08,PROD_031,53,75.9,0,75.0,30
2023-05-09,PROD_031,39,76.64,0,57.0,30
2023-05-10,PROD_031,50,77.17,0,69.0,30
2023-05-11,PROD_031,84,67.44,1,39.0,30
2023-05-12,PROD_031,68,75.41,0,54.0,30
2023-05-13,PROD_031,53,68.1,1,63.0,30
2023-05-14,PROD_031,46,75.98,0,51.0,30
2023-05-15,PROD_031,51,69.96,1,53.0,30
2023-05-16,PROD_031,26,77.06,0,39.0,30
2023-05-17,PROD_031,63,74.76,0,50.0,30
2023-05-18,PROD_031,74,77.25,0,84.0,30
2023-05-19,PROD_031,14,74.6,0,68.0,30
2023-05-20,PROD_031,46,68.35,1,53.0,30
2023-05-21,PROD_031,73,70.97,1,46.0,30
2023-05-22,PROD_031,20,74.53,0,51.0,30
2023-05-23,PROD_031,49,75.38,0,26.0,30
2023-05-24,PROD_031,54,74.5,0,63.0,30
2023-05-25,PROD_031,25,74.96,0,74.0,30
2023-05-26,PROD_031,44,67.06,1,14.0,30
2023-05-27,PROD_031,54,73.29,0,46.0,30
2023-05-28,PROD_031,44,71.85,1,73.0,30
2023-05-29,PROD_031,46,74.62,0,20.0,30
2023-05-30,PROD_031,28,78.54,0,49.0,30
2023-05-31,PROD_031,32,77.93,0,54.0,30
2023-06-01,PROD_031,24,78.63,0,25.0,30
2023-06-02,PROD_031,39,63.94,1,44.0,30
2023-06-03,PROD_031,85,72.57,0,54.0,30
2023-06-04,PROD_031,71,70.7,1,44.0,30
2023-06-05,PROD_031,66,78.92,0,46.0,30
2023-01-08,PROD_032,84,83.92,0,49.0,31
2023-01-09,PROD_032,72,84.31,0,36.0,31
2023-01-10,PROD_032,125,78.73,1,47.0,31
2023-01-11,PROD_032,57,86.32,0,51.0,31
2023-01-12,PROD_032,31,83.54,0,85.0,31
2023-01-13,PROD_032,40,82.48,0,77.0,31
2023-01-14,PROD_032,84,82.36,0,67.0,31
2023-01-15,PROD_032,98,87.13,0,84.0,31
2023-01-16,PROD_032,78,70.29,1,72.0,31
2023-01-17,PROD_032,37,84.56,0,125.0,31
2023-01-18,PROD_032,71,84.15,0,57.0,31
2023-01-19,PROD_032,67,72.76,1,31.0,31
2023-01-20,PROD_032,65,79.16,1,40.0,31
2023-01-21,PROD_032,97,78.57,1,84.0,31
2023-01-22,PROD_032,86,90.19,0,98.0,31
2023-01-23,PROD_032,50,85.41,0,78.0,31
2023-01-24,PROD_032,80,86.04,0,37.0,31
2023-01-25,PROD_032,42,72.94,1,71.0,31
2023-01-26,PROD_032,101,71.9,1,67.0,31
2023-01-27,PROD_032,46,75.64,1,65.0,31
2023-01-28,PROD_032,92,85.66,0,97.0,31
2023-01-29,PROD_032,32,82.94,0,86.0,31
2023-01-30,PROD_032,142,76.93,1,50.0,31
2023-01-31,PROD_032,67,81.6,0,80.0,31
2023-02-01,PROD_032,65,75.16,1,42.0,31
2023-02-02,PROD_032,36,86.6,0,101.0,31
2023-02-03,PROD_032,85,81.03,1,46.0,31
2023-02-04,PROD_032,86,72.74,1,92.0,31
2023-02-05,PROD_032,48,82.2,0,32.0,31
2023-02-06,PROD_032,34,84.7,0,142.0,31
2023-02-07,PROD_032,34,82.7,0,67.0,31
2023-02-08,PROD_032,138,79.22,1,65.0,31
2023-02-09,PROD_032,82,83.21,0,36.0,31
2023-02-10,PROD_032,44,70.77,1,85.0,31
2023-02-11,PROD_032,98,82.26,0,86.0,31
2023-02-12,PROD_032,72,88.81,0,48.0,31
2023-02-13,PROD_032,104,79.3,1,34.0,31
2023-02-14,PROD_032,114,80.85,1,34.0,31
2023-02-15,PROD_032,76,73.81,1,138.0,31
2023-02-16,PROD_032,95,79.51,1,82.0,31
2023-02-17,PROD_032,60,73.39,1,44.0,31
2023-02-18,PROD_032,51,71.63,1,98.0,31
2023-02-19,PROD_032,123,85.66,0,72.0,31
2023-02-20,PROD_032,100,85.72,0,104.0,31
2023-02-21,PROD_032,22,82.85,0,114.0,31
2023-02-22,PROD_032,92,79.7,1,76.0,31
2023-02-23,PROD_032,79,86.9,0,95.0,31
2023-02-24,PROD_032,46,81.54,0,60.0,31
2023-02-25,PROD_032,50,84.4,0,51.0,31
2023-02-26,PROD_032,119,84.06,0,123.0,31
2023-02-27,PROD_032,57,72.14,1,100.0,31
2023-02-28,PROD_032,112,71.4,1,22.0,31
2023-03-01,PROD_032,43,84.91,0,92.0,31
2023-03-02,PROD_032,75,81.08,0,79.0,31
2023-03-03,PROD_032,94,80.13,1,46.0,31
2023-03-04,PROD_032,78,83.96,0,50.0,31
2023-03-05,PROD_032,130,82.58,0,119.0,31
2023-03-06,PROD_032,127,76.37,1,57.0,31
2023-03-07,PROD_032,96,82.83,1,112.0,31
2023-03-08,PROD_032,76,78.15,1,43.0,31
2023-03-09,PROD_032,98,87.32,0,75.0,31
2023-03-10,PROD_032,66,71.98,1,94.0,31
2023-03-11,PROD_032,31,87.73,0,78.0,31
2023-03-12,PROD_032,92,87.95,0,130.0,31
2023-03-13,PROD_032,61,73.69,1,127.0,31
2023-03-14,PROD_032,73,67.34,1,96.0,31
2023-03-15,PROD_032,39,86.28,0,76.0,31
2023-03-16,PROD_032,105,84.16,0,98.0,31
2023-03-17,PROD_032,119,85.67,0,66.0,31
2023-03-18,PROD_032,130,79.92,1,31.0,31
2023-03-19,PROD_032,136,80.63,1,92.0,31
2023-03-20,PROD_032,132,82.64,1,61.0,31
2023-03-21,PROD_032,119,80.57,1,73.0,31
2023-03-22,PROD_032,73,75.05,1,39.0,31
2023-03-23,PROD_032,89,82.76,0,105.0,31
2023-03-24,PROD_032,109,79.0,1,119.0,31
2023-03-25,PROD_032,141,83.81,0,130.0,31
2023-03-26,PROD_032,138,87.14,0,136.0,31
2023-03-27,PROD_032,40,88.3,0,132.0,31
2023-03-28,PROD_032,32,87.73,0,119.0,31
2023-03-29,PROD_032,48,82.33,0,73.0,31
2023-03-30,PROD_032,102,77.71,1,89.0,31
2023-03-31,PROD_032,57,81.32,0,109.0,31
2023-04-01,PROD_032,36,81.26,0,141.0,31
2023-04-02,PROD_032,85,85.13,0,138.0,31
2023-04-03,PROD_032,107,85.55,0,40.0,31
2023-04-04,PROD_032,64,80.63,0,32.0,31
2023-04-05,PROD_032,114,79.47,1,48.0,31
2023-04-06,PROD_032,40,81.47,0,102.0,31
2023-04-07,PROD_032,123,81.31,1,57.0,31
2023-04-08,PROD_032,97,85.54,0,36.0,31
2023-04-09,PROD_032,136,77.35,1,85.0,31
2023-04-10,PROD_032,154,79.83,1,107.0,31
2023-04-11,PROD_032,102,80.01,1,64.0,31
2023-04-12,PROD_032,88,84.78,0,114.0,31
2023-04-13,PROD_032,85,86.24,0,40.0,31
2023-04-14,PROD_032,88,84.45,0,123.0,31
2023-04-15,PROD_032,122,86.86,0,97.0,31
2023-04-16,PROD_032,115,82.23,1,136.0,31
2023-04-17,PROD_032,76,86.41,0,154.0,31
2023-04-18,PROD_032,60,75.44,1,102.0,31
2023-04-19,PROD_032,71,70.38,1,88.0,31
2023-04-20,PROD_032,50,87.54,0,85.0,31
2023-04-21,PROD_032,125,79.96,1,88.0,31
2023-04-22,PROD_032,80,80.01,0,122.0,31
2023-04-23,PROD_032,63,78.6,1,115.0,31
2023-04-24,PROD_032,60,79.98,1,76.0,31
2023-04-25,PROD_032,101,88.67,0,60.0,31
2023-04-26,PROD_032,42,72.84,1,71.0,31
2023-04-27,PROD_032,36,89.2,0,50.0,31
2023-04-28,PROD_032,86,84.95,0,125.0,31
2023-04-29,PROD_032,98,79.54,1,80.0,31
2023-04-30,PROD_032,61,81.69,0,63.0,31
2023-05-01,PROD_032,81,79.0,1,60.0,31
2023-05-02,PROD_032,73,84.21,0,101.0,31
2023-05-03,PROD_032,70,77.16,1,42.0,31
2023-05-04,PROD_032,31,89.32,0,36.0,31
2023-05-05,PROD_032,161,77.01,1,86.0,31
2023-05-06,PROD_032,62,80.4,0,98.0,31
2023-05-07,PROD_032,81,80.24,1,61.0,31
2023-05-08,PROD_032,115,79.35,1,81.0,31
2023-05-09,PROD_032,104,76.9,1,73.0,31
2023-05-10,PROD_032,87,85.22,0,70.0,31
2023-05-11,PROD_032,96,72.42,1,31.0,31
2023-05-12,PROD_032,75,84.05,0,161.0,31
2023-05-13,PROD_032,122,85.04,0,62.0,31
2023-05-14,PROD_032,69,83.4,0,81.0,31
2023-05-15,PROD_032,31,84.96,0,115.0,31
2023-05-16,PROD_032,100,77.77,1,104.0,31
2023-05-17,PROD_032,38,79.08,0,87.0,31
2023-05-18,PROD_032,25,88.54,0,96.0,31
2023-05-19,PROD_032,34,83.07,0,75.0,31
2023-05-20,PROD_032,64,76.79,1,122.0,31
2023-05-21,PROD_032,74,77.83,1,69.0,31
2023-05-22,PROD_032,127,81.2,1,31.0,31
2023-05-23,PROD_032,102,79.98,1,100.0,31
2023-05-24,PROD_032,78,73.55,1,38.0,31
2023-05-25,PROD_032,96,85.33,0,25.0,31
2023-05-26,PROD_032,114,78.17,1,34.0,31
2023-05-27,PROD_032,76,74.89,1,64.0,31
2023-05-28,PROD_032,51,85.18,0,74.0,31
2023-05-29,PROD_032,73,79.63,0,127.0,31
2023-05-30,PROD_032,25,80.12,0,102.0,31
2023-05-31,PROD_032,43,76.78,1,78.0,31
2023-06-01,PROD_032,45,84.31,0,96.0,31
2023-06-02,PROD_032,64,83.67,0,114.0,31
2023-06-03,PROD_032,83,78.37,1,76.0,31
2023-06-04,PROD_032,112,79.27,1,51.0,31
2023-06-05,PROD_032,74,87.29,0,73.0,31
2023-01-08,PROD_033,12,98.97,0,23.0,32
2023-01-09,PROD_033,20,87.93,1,11.0,32
2023-01-10,PROD_033,10,100.24,0,14.0,32
2023-01-11,PROD_033,20,93.74,0,20.0,32
2023-01-12,PROD_033,21,88.46,1,14.0,32
2023-01-13,PROD_033,4,98.13,0,23.0,32
2023-01-14,PROD_033,23,99.54,0,14.0,32
2023-01-15,PROD_033,25,95.32,0,12.0,32
2023-01-16,PROD_033,21,96.52,0,20.0,32
2023-01-17,PROD_033,19,97.24,0,10.0,32
2023-01-18,PROD_033,12,92.1,1,20.0,32
2023-01-19,PROD_033,19,99.39,0,21.0,32
2023-01-20,PROD_033,16,97.88,0,4.0,32
2023-01-21,PROD_033,15,93.22,0,23.0,32
2023-01-22,PROD_033,28,87.51,1,25.0,32
2023-01-23,PROD_033,9,94.75,0,21.0,32
2023-01-24,PROD_033,16,95.32,0,19.0,32
2023-01-25,PROD_033,14,97.32,0,12.0,32
2023-01-26,PROD_033,10,87.15,1,19.0,32
2023-01-27,PROD_033,5,102.02,0,16.0,32
2023-01-28,PROD_033,29,99.57,0,15.0,32
2023-01-29,PROD_033,10,96.24,0,28.0,32
2023-01-30,PROD_033,12,95.67,0,9.0,32
2023-01-31,PROD_033,17,85.98,1,16.0,32
2023-02-01,PROD_033,17,95.48,0,14.0,32
2023-02-02,PROD_033,15,91.74,0,10.0,32
2023-02-03,PROD_033,6,83.66,1,5.0,32
2023-02-04,PROD_033,29,98.0,0,29.0,32
2023-02-05,PROD_033,29,100.6,0,10.0,32
2023-02-06,PROD_033,15,94.55,0,12.0,32
2023-02-07,PROD_033,12,98.76,0,17.0,32
2023-02-08,PROD_033,23,96.27,0,17.0,32
2023-02-09,PROD_033,22,96.49,1,15.0,32
2023-02-10,PROD_033,16,95.18,0,6.0,32
2023-02-11,PROD_033,8,90.01,0,29.0,32
2023-02-12,PROD_033,22,97.53,0,29.0,32
2023-02-13,PROD_033,21,96.0,0,15.0,32
2023-02-14,PROD_033,16,87.98,1,12.0,32
2023-02-15,PROD_033,23,89.88,1,23.0,32
2023-02-16,PROD_033,13,97.23,0,22.0,32
2023-02-17,PROD_033,10,101.01,0,16.0,32
2023-02-18,PROD_033,11,90.14,0,8.0,32
2023-02-19,PROD_033,14,100.36,0,22.0,32
2023-02-20,PROD_033,23,92.43,1,21.0,32
2023-02-21,PROD_033,4,99.34,0,16.0,32
2023-02-22,PROD_033,29,90.99,1,23.0,32
2023-02-23,PROD_033,25,97.28,0,13.0,32
2023-02-24,PROD_033,5,95.48,0,10.0,32
2023-02-25,PROD_033,21,96.78,0,11.0,32
2023-02-26,PROD_033,26,96.16,0,14.0,32
2023-02-27,PROD_033,18,89.69,1,23.0,32
2023-02-28,PROD_033,20,96.99,0,4.0,32
2023-03-01,PROD_033,10,84.16,1,29.0,32
2023-03-02,PROD_033,11,94.99,0,25.0,32
2023-03-03,PROD_033,15,87.68,1,5.0,32
2023-03-04,PROD_033,12,92.78,0,21.0,32
2023-03-05,PROD_033,19,99.87,0,26.0,32
2023-03-06,PROD_033,23,97.16,0,18.0,32
2023-03-07,PROD_033,29,89.69,1,20.0,32
2023-03-08,PROD_033,17,99.16,0,10.0,32
2023-03-09,PROD_033,24,100.93,0,11.0,32
2023-03-10,PROD_033,23,96.18,0,15.0,32
2023-03-11,PROD_033,22,94.52,0,12.0,32
2023-03-12,PROD_033,12,95.88,0,19.0,32
2023-03-13,PROD_033,16,88.35,1,23.0,32
2023-03-14,PROD_033,22,90.07,1,29.0,32
2023-03-15,PROD_033,13,95.44,0,17.0,32
2023-03-16,PROD_033,16,95.68,0,24.0,32
2023-03-17,PROD_033,6,99.0,0,23.0,32
2023-03-18,PROD_033,22,95.23,0,22.0,32
2023-03-19,PROD_033,30,94.77,0,12.0,32
2023-03-20,PROD_033,36,92.52,1,16.0,32
2023-03-21,PROD_033,13,98.31,0,22.0,32
2023-03-22,PROD_033,13,92.2,0,13.0,32
2023-03-23,PROD_033,13,97.84,0,16.0,32
2023-03-24,PROD_033,17,101.3,0,6.0,32
2023-03-25,PROD_033,30,89.84,1,22.0,32
2023-03-26,PROD_033,27,95.31,0,30.0,32
2023-03-27,PROD_033,8,90.78,0,36.0,32
2023-03-28,PROD_033,11,99.12,0,13.0,32
2023-03-29,PROD_033,11,93.37,0,13.0,32
2023-03-30,PROD_033,13,94.2,0,13.0,32
2023-03-31,PROD_033,5,98.06,0,17.0,32
2023-04-01,PROD_033,11,98.84,0,30.0,32
2023-04-02,PROD_033,38,93.5,1,27.0,32
2023-04-03,PROD_033,11,96.15,0,8.0,32
2023-04-04,PROD_033,20,84.53,1,11.0,32
2023-04-05,PROD_033,11,99.75,0,11.0,32
2023-04-06,PROD_033,22,95.53,0,13.0,32
2023-04-07,PROD_033,12,88.68,1,5.0,32
2023-04-08,PROD_033,21,97.11,0,11.0,32
2023-04-09,PROD_033,13,100.22,0,38.0,32
2023-04-10,PROD_033,14,97.01,0,11.0,32
2023-04-11,PROD_033,10,95.3,0,20.0,32
2023-04-12,PROD_033,24,89.47,1,11.0,32
2023-04-13,PROD_033,17,93.35,0,22.0,32
2023-04-14,PROD_033,24,86.28,1,12.0,32
2023-04-15,PROD_033,12,94.06,0,21.0,32
2023-04-16,PROD_033,20,92.37,0,13.0,32
2023-04-17,PROD_033,24,93.7,0,14.0,32
2023-04-18,PROD_033,21,90.8,1,10.0,32
2023-04-19,PROD_033,10,97.04,0,24.0,32
2023-04-20,PROD_033,26,95.98,0,17.0,32
2023-04-21,PROD_033,10,97.56,0,24.0,32
2023-04-22,PROD_033,38,91.53,1,12.0,32
2023-04-23,PROD_033,36,90.74,1,20.0,32
2023-04-24,PROD_033,22,97.29,0,24.0,32
2023-04-25,PROD_033,24,89.9,1,21.0,32
2023-04-26,PROD_033,21,95.74,0,10.0,32
2023-04-27,PROD_033,13,96.79,0,26.0,32
2023-04-28,PROD_033,31,97.25,0,10.0,32
2023-04-29,PROD_033,22,90.4,1,38.0,32
2023-04-30,PROD_033,19,98.37,0,36.0,32
2023-05-01,PROD_033,16,91.11,1,22.0,32
2023-05-02,PROD_033,10,96.1,0,24.0,32
2023-05-03,PROD_033,14,97.06,0,21.0,32
2023-05-04,PROD_033,31,84.5,1,13.0,32
2023-05-05,PROD_033,27,91.13,1,31.0,32
2023-05-06,PROD_033,35,93.8,1,22.0,32
2023-05-07,PROD_033,21,99.99,0,19.0,32
2023-05-08,PROD_033,9,84.59,1,16.0,32
2023-05-09,PROD_033,17,101.84,0,10.0,32
2023-05-10,PROD_033,29,91.3,1,14.0,32
2023-05-11,PROD_033,9,97.78,0,31.0,32
2023-05-12,PROD_033,20,92.73,1,27.0,32
2023-05-13,PROD_033,23,99.56,0,35.0,32
2023-05-14,PROD_033,22,98.81,0,21.0,32
2023-05-15,PROD_033,20,93.43,1,9.0,32
2023-05-16,PROD_033,14,92.66,0,17.0,32
2023-05-17,PROD_033,17,93.13,0,29.0,32
2023-05-18,PROD_033,16,99.13,0,9.0,32
2023-05-19,PROD_033,23,96.22,0,20.0,32
2023-05-20,PROD_033,20,93.85,1,23.0,32
2023-05-21,PROD_033,15,100.09,0,22.0,32
2023-05-22,PROD_033,17,98.88,0,20.0,32
2023-05-23,PROD_033,9,101.04,0,14.0,32
2023-05-24,PROD_033,28,85.88,1,17.0,32
2023-05-25,PROD_033,11,100.45,0,16.0,32
2023-05-26,PROD_033,22,84.58,1,23.0,32
2023-05-27,PROD_033,22,100.46,0,20.0,32
2023-05-28,PROD_033,24,99.36,0,15.0,32
2023-05-29,PROD_033,14,94.64,0,17.0,32
2023-05-30,PROD_033,13,98.88,0,9.0,32
2023-05-31,PROD_033,8,85.17,1,28.0,32
2023-06-01,PROD_033,10,95.64,0,11.0,32
2023-06-02,PROD_033,17,89.25,1,22.0,32
2023-06-03,PROD_033,26,88.84,1,22.0,32
2023-06-04,PROD_033,29,90.67,1,24.0,32
2023-06-05,PROD_033,15,97.0,0,14.0,32
