datasets used to train models/train.csv
date,product_id,units_sold,sale_price,is_promo,lag_7,product_id_encoded
2023-01-08,PROD_034,96,127.57,1,33.0,33
2023-01-09,PROD_034,27,131.03,0,86.0,33
2023-01-10,PROD_034,53,137.2,0,42.0,33
2023-01-11,PROD_034,36,133.65,0,89.0,33
2023-01-12,PROD_034,53,131.67,1,34.0,33
2023-01-13,PROD_034,61,125.84,1,80.0,33
2023-01-14,PROD_034,84,125.28,1,54.0,33
2023-01-15,PROD_034,32,134.93,0,96.0,33
2023-01-16,PROD_034,78,117.72,1,27.0,33
2023-01-17,PROD_034,39,136.85,0,53.0,33
2023-01-18,PROD_034,32,130.51,0,36.0,33
2023-01-19,PROD_034,68,133.66,0,53.0,33
2023-01-20,PROD_034,17,142.03,0,61.0,33
2023-01-21,PROD_034,80,135.34,0,84.0,33
2023-01-22,PROD_034,33,135.47,0,32.0,33
2023-01-23,PROD_034,16,141.35,0,78.0,33
2023-01-24,PROD_034,40,134.87,0,39.0,33
2023-01-25,PROD_034,42,134.72,0,32.0,33
2023-01-26,PROD_034,13,129.2,0,68.0,33
2023-01-27,PROD_034,36,137.79,0,17.0,33
2023-01-28,PROD_034,51,130.81,0,80.0,33
2023-01-29,PROD_034,39,128.42,0,33.0,33
2023-01-30,PROD_034,94,125.34,1,16.0,33
2023-01-31,PROD_034,20,129.52,0,40.0,33
2023-02-01,PROD_034,33,129.07,0,42.0,33
2023-02-02,PROD_034,31,130.04,0,13.0,33
2023-02-03,PROD_034,93,116.73,1,36.0,33
2023-02-04,PROD_034,36,134.34,0,51.0,33
2023-02-05,PROD_034,35,132.45,0,39.0,33
2023-02-06,PROD_034,36,141.72,0,94.0,33
2023-02-07,PROD_034,19,138.5,0,20.0,33
2023-02-08,PROD_034,51,141.5,0,33.0,33
2023-02-09,PROD_034,64,134.29,0,31.0,33
2023-02-10,PROD_034,23,138.07,0,93.0,33
2023-02-11,PROD_034,90,134.84,0,36.0,33
2023-02-12,PROD_034,96,136.64,0,35.0,33
2023-02-13,PROD_034,40,135.06,0,36.0,33
2023-02-14,PROD_034,35,130.34,0,19.0,33
2023-02-15,PROD_034,33,138.0,0,51.0,33
2023-02-16,PROD_034,110,126.98,1,64.0,33
2023-02-17,PROD_034,65,135.44,0,23.0,33
2023-02-18,PROD_034,105,122.88,1,90.0,33
2023-02-19,PROD_034,69,114.56,1,96.0,33
2023-02-20,PROD_034,73,129.07,1,40.0,33
2023-02-21,PROD_034,60,136.49,0,35.0,33
2023-02-22,PROD_034,60,135.9,0,33.0,33
2023-02-23,PROD_034,24,118.68,1,110.0,33
2023-02-24,PROD_034,46,138.5,0,65.0,33
2023-02-25,PROD_034,39,131.85,0,105.0,33
2023-02-26,PROD_034,42,139.0,0,69.0,33
2023-02-27,PROD_034,73,137.32,0,73.0,33
2023-02-28,PROD_034,90,125.31,1,60.0,33
2023-03-01,PROD_034,58,120.51,1,60.0,33
2023-03-02,PROD_034,51,135.94,0,24.0,33
2023-03-03,PROD_034,91,129.66,1,46.0,33
2023-03-04,PROD_034,141,132.52,1,39.0,33
2023-03-05,PROD_034,45,118.68,1,42.0,33
2023-03-06,PROD_034,90,133.54,0,73.0,33
2023-03-07,PROD_034,53,131.72,0,90.0,33
2023-03-08,PROD_034,54,136.9,0,58.0,33
2023-03-09,PROD_034,61,130.92,0,51.0,33
2023-03-10,PROD_034,48,128.21,0,91.0,33
2023-03-11,PROD_034,53,139.37,0,141.0,33
2023-03-12,PROD_034,50,141.03,0,45.0,33
2023-03-13,PROD_034,89,125.3,1,90.0,33
2023-03-14,PROD_034,34,136.72,0,53.0,33
2023-03-15,PROD_034,16,135.85,0,54.0,33
2023-03-16,PROD_034,40,121.36,1,61.0,33
2023-03-17,PROD_034,67,130.36,0,48.0,33
2023-03-18,PROD_034,106,133.7,0,53.0,33
2023-03-19,PROD_034,47,142.32,0,50.0,33
2023-03-20,PROD_034,36,132.72,0,89.0,33
2023-03-21,PROD_034,92,127.61,1,34.0,33
2023-03-22,PROD_034,69,136.06,0,16.0,33
2023-03-23,PROD_034,78,129.14,1,40.0,33
2023-03-24,PROD_034,17,135.44,0,67.0,33
2023-03-25,PROD_034,67,132.82,0,106.0,33
2023-03-26,PROD_034,110,134.37,0,47.0,33
2023-03-27,PROD_034,57,134.28,0,36.0,33
2023-03-28,PROD_034,37,133.45,0,92.0,33
2023-03-29,PROD_034,36,137.82,0,69.0,33
2023-03-30,PROD_034,78,124.39,1,78.0,33
2023-03-31,PROD_034,78,133.17,0,17.0,33
2023-04-01,PROD_034,52,123.86,1,67.0,33
2023-04-02,PROD_034,32,134.05,0,110.0,33
2023-04-03,PROD_034,58,132.55,0,57.0,33
2023-04-04,PROD_034,54,130.78,0,37.0,33
2023-04-05,PROD_034,76,109.17,1,36.0,33
2023-04-06,PROD_034,31,127.56,0,78.0,33
2023-04-07,PROD_034,54,136.99,0,78.0,33
2023-04-08,PROD_034,100,133.4,0,52.0,33
2023-04-09,PROD_034,76,136.15,0,32.0,33
2023-04-10,PROD_034,54,131.24,0,58.0,33
2023-04-11,PROD_034,37,139.89,0,54.0,33
2023-04-12,PROD_034,59,134.5,0,76.0,33
2023-04-13,PROD_034,115,126.57,1,31.0,33
2023-04-14,PROD_034,119,127.05,1,54.0,33
2023-04-15,PROD_034,121,127.92,1,100.0,33
2023-04-16,PROD_034,106,127.17,1,76.0,33
2023-04-17,PROD_034,25,139.93,0,54.0,33
2023-04-18,PROD_034,70,138.65,0,37.0,33
2023-04-19,PROD_034,96,128.56,1,59.0,33
2023-04-20,PROD_034,52,126.44,1,115.0,33
2023-04-21,PROD_034,60,136.06,0,119.0,33
2023-04-22,PROD_034,87,135.59,0,121.0,33
2023-04-23,PROD_034,55,139.28,0,106.0,33
2023-04-24,PROD_034,90,135.92,0,25.0,33
2023-04-25,PROD_034,80,138.97,0,70.0,33
2023-04-26,PROD_034,54,118.35,1,96.0,33
2023-04-27,PROD_034,101,115.69,1,52.0,33
2023-04-28,PROD_034,65,128.2,1,60.0,33
2023-04-29,PROD_034,58,134.1,0,87.0,33
2023-04-30,PROD_034,21,132.07,0,55.0,33
2023-05-01,PROD_034,79,135.29,0,90.0,33
2023-05-02,PROD_034,83,119.74,1,80.0,33
2023-05-03,PROD_034,75,136.49,0,54.0,33
2023-05-04,PROD_034,63,135.15,0,101.0,33
2023-05-05,PROD_034,41,133.6,0,65.0,33
2023-05-06,PROD_034,50,130.6,0,58.0,33
2023-05-07,PROD_034,137,121.16,1,21.0,33
2023-05-08,PROD_034,48,137.42,0,79.0,33
2023-05-09,PROD_034,51,138.13,0,83.0,33
2023-05-10,PROD_034,65,127.85,1,75.0,33
2023-05-11,PROD_034,44,135.95,0,63.0,33
2023-05-12,PROD_034,42,121.68,1,41.0,33
2023-05-13,PROD_034,80,134.6,0,50.0,33
2023-05-14,PROD_034,55,111.9,1,137.0,33
2023-05-15,PROD_034,78,133.52,0,48.0,33
2023-05-16,PROD_034,48,130.63,0,51.0,33
2023-05-17,PROD_034,96,130.04,1,65.0,33
2023-05-18,PROD_034,36,138.57,0,44.0,33
2023-05-19,PROD_034,68,124.18,1,42.0,33
2023-05-20,PROD_034,71,112.41,1,80.0,33
2023-05-21,PROD_034,122,129.19,1,55.0,33
2023-05-22,PROD_034,80,143.1,0,78.0,33
2023-05-23,PROD_034,40,132.59,0,48.0,33
2023-05-24,PROD_034,75,122.6,1,96.0,33
2023-05-25,PROD_034,71,128.17,1,36.0,33
2023-05-26,PROD_034,75,137.77,0,68.0,33
2023-05-27,PROD_034,41,118.7,1,71.0,33
2023-05-28,PROD_034,148,123.63,1,122.0,33
2023-05-29,PROD_034,52,132.8,0,80.0,33
2023-05-30,PROD_034,61,126.05,1,40.0,33
2023-05-31,PROD_034,45,121.46,1,75.0,33
2023-06-01,PROD_034,59,127.63,1,71.0,33
2023-06-02,PROD_034,50,124.77,1,75.0,33
2023-06-03,PROD_034,51,135.86,0,41.0,33
2023-06-04,PROD_034,43,131.75,0,148.0,33
2023-06-05,PROD_034,60,123.08,1,52.0,33
2023-01-08,PROD_035,9,48.97,1,11.0,34
2023-01-09,PROD_035,11,47.91,1,8.0,34
2023-01-10,PROD_035,4,47.4,0,6.0,34
2023-01-11,PROD_035,7,47.4,1,9.0,34
2023-01-12,PROD_035,7,51.86,0,8.0,34
2023-01-13,PROD_035,4,47.97,0,7.0,34
2023-01-14,PROD_035,12,49.07,1,9.0,34
2023-01-15,PROD_035,17,41.8,1,9.0,34
2023-01-16,PROD_035,8,51.44,0,11.0,34
2023-01-17,PROD_035,7,49.85,0,4.0,34
2023-01-18,PROD_035,7,49.68,0,7.0,34
2023-01-19,PROD_035,6,51.4,0,7.0,34
2023-01-20,PROD_035,7,48.94,0,4.0,34
2023-01-21,PROD_035,12,51.24,0,12.0,34
2023-01-22,PROD_035,7,52.78,0,17.0,34
2023-01-23,PROD_035,6,51.34,0,8.0,34
2023-01-24,PROD_035,14,46.34,1,7.0,34
2023-01-25,PROD_035,11,49.64,0,7.0,34
2023-01-26,PROD_035,10,48.53,1,6.0,34
2023-01-27,PROD_035,9,52.38,0,7.0,34
2023-01-28,PROD_035,4,53.22,0,12.0,34
2023-01-29,PROD_035,15,45.36,1,7.0,34
2023-01-30,PROD_035,12,48.64,1,6.0,34
2023-01-31,PROD_035,13,46.94,1,14.0,34
2023-02-01,PROD_035,3,50.56,0,11.0,34
2023-02-02,PROD_035,9,52.36,0,10.0,34
2023-02-03,PROD_035,9,51.83,0,9.0,34
2023-02-04,PROD_035,12,48.62,1,4.0,34
2023-02-05,PROD_035,6,48.42,0,15.0,34
2023-02-06,PROD_035,8,49.98,0,12.0,34
2023-02-07,PROD_035,6,51.92,0,13.0,34
2023-02-08,PROD_035,5,50.85,0,3.0,34
2023-02-09,PROD_035,7,51.04,0,9.0,34
2023-02-10,PROD_035,4,51.14,0,9.0,34
2023-02-11,PROD_035,10,48.58,1,12.0,34
2023-02-12,PROD_035,13,49.75,0,6.0,34
2023-02-13,PROD_035,11,49.74,1,8.0,34
2023-02-14,PROD_035,6,49.64,0,6.0,34
2023-02-15,PROD_035,5,49.85,0,5.0,34
2023-02-16,PROD_035,8,52.45,0,7.0,34
2023-02-17,PROD_035,11,49.1,1,4.0,34
2023-02-18,PROD_035,13,50.33,0,10.0,34
2023-02-19,PROD_035,10,51.42,0,13.0,34
2023-02-20,PROD_035,7,44.97,1,11.0,34
2023-02-21,PROD_035,8,51.49,0,6.0,34
2023-02-22,PROD_035,5,49.08,0,5.0,34
2023-02-23,PROD_035,8,51.38,0,8.0,34
2023-02-24,PROD_035,12,49.23,0,11.0,34
2023-02-25,PROD_035,12,51.52,0,13.0,34
2023-02-26,PROD_035,5,53.93,0,10.0,34
2023-02-27,PROD_035,12,47.22,1,7.0,34
2023-02-28,PROD_035,8,52.17,0,8.0,34
2023-03-01,PROD_035,8,50.55,0,5.0,34
2023-03-02,PROD_035,3,52.9,0,8.0,34
2023-03-03,PROD_035,12,47.54,1,12.0,34
2023-03-04,PROD_035,15,45.49,1,12.0,34
2023-03-05,PROD_035,13,50.95,0,5.0,34
2023-03-06,PROD_035,5,50.5,0,12.0,34
2023-03-07,PROD_035,10,47.88,1,8.0,34
2023-03-08,PROD_035,2,50.87,0,8.0,34
2023-03-09,PROD_035,12,49.11,1,3.0,34
2023-03-10,PROD_035,13,49.95,1,12.0,34
2023-03-11,PROD_035,13,52.11,0,15.0,34
2023-03-12,PROD_035,10,45.11,1,13.0,34
2023-03-13,PROD_035,6,52.2,0,5.0,34
2023-03-14,PROD_035,15,46.01,1,10.0,34
2023-03-15,PROD_035,4,51.39,0,2.0,34
2023-03-16,PROD_035,9,50.26,0,12.0,34
2023-03-17,PROD_035,7,52.46,0,13.0,34
2023-03-18,PROD_035,5,52.81,0,13.0,34
2023-03-19,PROD_035,5,50.66,0,10.0,34
2023-03-20,PROD_035,3,52.31,0,6.0,34
2023-03-21,PROD_035,17,46.01,1,15.0,34
2023-03-22,PROD_035,3,51.76,0,4.0,34
2023-03-23,PROD_035,6,51.2,0,9.0,34
2023-03-24,PROD_035,9,50.25,0,7.0,34
2023-03-25,PROD_035,11,47.48,1,5.0,34
2023-03-26,PROD_035,6,52.19,0,5.0,34
2023-03-27,PROD_035,7,42.25,1,3.0,34
2023-03-28,PROD_035,11,48.79,0,17.0,34
2023-03-29,PROD_035,6,46.76,1,3.0,34
2023-03-30,PROD_035,11,49.1,1,6.0,34
2023-03-31,PROD_035,9,50.13,0,9.0,34
2023-04-01,PROD_035,8,50.06,0,11.0,34
2023-04-02,PROD_035,18,44.03,1,6.0,34
2023-04-03,PROD_035,12,47.62,1,7.0,34
2023-04-04,PROD_035,6,48.61,0,11.0,34
2023-04-05,PROD_035,10,46.74,1,6.0,34
2023-04-06,PROD_035,10,49.25,0,11.0,34
2023-04-07,PROD_035,15,48.52,1,9.0,34
2023-04-08,PROD_035,4,50.24,0,8.0,34
2023-04-09,PROD_035,6,53.18,0,18.0,34
2023-04-10,PROD_035,6,48.59,1,12.0,34
2023-04-11,PROD_035,4,51.02,0,6.0,34
2023-04-12,PROD_035,15,47.97,1,10.0,34
2023-04-13,PROD_035,8,45.4,1,10.0,34
2023-04-14,PROD_035,7,53.6,0,15.0,34
2023-04-15,PROD_035,11,47.35,1,4.0,34
2023-04-16,PROD_035,16,48.78,1,6.0,34
2023-04-17,PROD_035,5,50.98,0,6.0,34
2023-04-18,PROD_035,6,52.35,0,4.0,34
2023-04-19,PROD_035,13,49.77,0,15.0,34
2023-04-20,PROD_035,9,51.05,0,8.0,34
2023-04-21,PROD_035,11,51.81,0,7.0,34
2023-04-22,PROD_035,14,49.7,0,11.0,34
2023-04-23,PROD_035,16,52.09,0,16.0,34
2023-04-24,PROD_035,9,50.35,0,5.0,34
2023-04-25,PROD_035,9,47.66,1,6.0,34
2023-04-26,PROD_035,10,51.1,0,13.0,34
2023-04-27,PROD_035,3,51.12,0,9.0,34
2023-04-28,PROD_035,3,49.72,0,11.0,34
2023-04-29,PROD_035,7,51.75,0,14.0,34
2023-04-30,PROD_035,5,50.6,0,16.0,34
2023-05-01,PROD_035,11,49.31,0,9.0,34
2023-05-02,PROD_035,6,43.2,1,9.0,34
2023-05-03,PROD_035,7,48.34,1,10.0,34
2023-05-04,PROD_035,14,45.76,1,3.0,34
2023-05-05,PROD_035,14,48.0,1,3.0,34
2023-05-06,PROD_035,6,53.7,0,7.0,34
2023-05-07,PROD_035,8,52.85,0,5.0,34
2023-05-08,PROD_035,8,51.54,0,11.0,34
2023-05-09,PROD_035,6,51.01,0,6.0,34
2023-05-10,PROD_035,8,48.53,1,7.0,34
2023-05-11,PROD_035,6,48.09,1,14.0,34
2023-05-12,PROD_035,12,51.47,0,14.0,34
2023-05-13,PROD_035,7,52.0,0,6.0,34
2023-05-14,PROD_035,6,50.87,0,8.0,34
2023-05-15,PROD_035,8,44.36,1,8.0,34
2023-05-16,PROD_035,5,52.09,0,6.0,34
2023-05-17,PROD_035,11,46.8,1,8.0,34
2023-05-18,PROD_035,4,52.67,0,6.0,34
2023-05-19,PROD_035,5,51.54,0,12.0,34
2023-05-20,PROD_035,11,50.4,0,7.0,34
2023-05-21,PROD_035,15,49.17,1,6.0,34
2023-05-22,PROD_035,14,49.12,1,8.0,34
2023-05-23,PROD_035,5,51.85,0,5.0,34
2023-05-24,PROD_035,7,49.64,0,11.0,34
2023-05-25,PROD_035,9,50.5,0,4.0,34
2023-05-26,PROD_035,9,48.85,0,5.0,34
2023-05-27,PROD_035,7,46.31,1,11.0,34
2023-05-28,PROD_035,9,46.08,1,15.0,34
2023-05-29,PROD_035,4,51.53,0,14.0,34
2023-05-30,PROD_035,7,51.05,0,5.0,34
2023-05-31,PROD_035,14,50.32,1,7.0,34
2023-06-01,PROD_035,5,52.99,0,9.0,34
2023-06-02,PROD_035,4,50.11,0,9.0,34
2023-06-03,PROD_035,6,51.08,0,7.0,34
2023-06-04,PROD_035,15,47.2,1,9.0,34
2023-06-05,PROD_035,10,52.19,0,4.0,34
2023-01-08,PROD_036,77,96.41,0,24.0,35
2023-01-09,PROD_036,81,93.6,0,47.0,35
2023-01-10,PROD_036,37,94.19,0,66.0,35
2023-01-11,PROD_036,22,101.32,0,56.0,35
2023-01-12,PROD_036,45,88.17,1,56.0,35
2023-01-13,PROD_036,52,93.79,0,58.0,35
2023-01-14,PROD_036,101,91.19,0,56.0,35
2023-01-15,PROD_036,63,93.65,0,77.0,35
2023-01-16,PROD_036,60,87.72,1,81.0,35
2023-01-17,PROD_036,76,95.75,0,37.0,35
2023-01-18,PROD_036,62,89.87,1,22.0,35
2023-01-19,PROD_036,81,80.19,1,45.0,35
2023-01-20,PROD_036,61,96.44,0,52.0,35
2023-01-21,PROD_036,117,83.7,1,101.0,35
2023-01-22,PROD_036,66,96.57,0,63.0,35
2023-01-23,PROD_036,78,91.2,1,60.0,35
2023-01-24,PROD_036,34,97.87,0,76.0,35
2023-01-25,PROD_036,32,91.26,0,62.0,35
2023-01-26,PROD_036,60,81.16,1,81.0,35
2023-01-27,PROD_036,55,89.74,1,61.0,35
2023-01-28,PROD_036,54,96.81,0,117.0,35
2023-01-29,PROD_036,39,99.6,0,66.0,35
2023-01-30,PROD_036,31,93.24,0,78.0,35
2023-01-31,PROD_036,78,96.29,0,34.0,35
2023-02-01,PROD_036,79,79.09,1,32.0,35
2023-02-02,PROD_036,98,78.45,1,60.0,35
2023-02-03,PROD_036,94,91.58,1,55.0,35
2023-02-04,PROD_036,110,97.34,0,54.0,35
2023-02-05,PROD_036,47,96.1,0,39.0,35
2023-02-06,PROD_036,25,98.49,0,31.0,35
2023-02-07,PROD_036,54,85.87,1,78.0,35
2023-02-08,PROD_036,93,86.42,1,79.0,35
2023-02-09,PROD_036,31,91.9,0,98.0,35
2023-02-10,PROD_036,127,89.05,1,94.0,35
2023-02-11,PROD_036,64,84.85,1,110.0,35
2023-02-12,PROD_036,39,96.5,0,47.0,35
2023-02-13,PROD_036,98,89.47,1,25.0,35
2023-02-14,PROD_036,48,93.59,0,54.0,35
2023-02-15,PROD_036,62,97.27,0,93.0,35
2023-02-16,PROD_036,35,94.12,0,31.0,35
2023-02-17,PROD_036,67,91.44,0,127.0,35
2023-02-18,PROD_036,141,84.46,1,64.0,35
2023-02-19,PROD_036,112,96.73,0,39.0,35
2023-02-20,PROD_036,73,93.4,0,98.0,35
2023-02-21,PROD_036,101,91.09,1,48.0,35
2023-02-22,PROD_036,84,87.02,1,62.0,35
2023-02-23,PROD_036,63,92.95,0,35.0,35
2023-02-24,PROD_036,76,96.71,0,67.0,35
2023-02-25,PROD_036,130,90.85,1,141.0,35
2023-02-26,PROD_036,91,83.79,1,112.0,35
2023-02-27,PROD_036,64,94.03,0,73.0,35
2023-02-28,PROD_036,63,93.96,0,101.0,35
2023-03-01,PROD_036,57,94.71,0,84.0,35
2023-03-02,PROD_036,72,94.3,0,63.0,35
2023-03-03,PROD_036,107,88.31,1,76.0,35
2023-03-04,PROD_036,82,90.04,1,130.0,35
2023-03-05,PROD_036,93,86.25,1,91.0,35
2023-03-06,PROD_036,74,87.57,1,64.0,35
2023-03-07,PROD_036,51,100.48,0,63.0,35
2023-03-08,PROD_036,28,96.64,0,57.0,35
2023-03-09,PROD_036,60,79.38,1,72.0,35
2023-03-10,PROD_036,69,92.95,0,107.0,35
2023-03-11,PROD_036,111,95.26,0,82.0,35
2023-03-12,PROD_036,62,97.17,0,93.0,35
2023-03-13,PROD_036,71,94.86,0,74.0,35
2023-03-14,PROD_036,122,82.99,1,51.0,35
2023-03-15,PROD_036,37,90.98,0,28.0,35
2023-03-16,PROD_036,96,96.73,0,60.0,35
2023-03-17,PROD_036,77,92.81,0,69.0,35
2023-03-18,PROD_036,114,97.73,0,111.0,35
2023-03-19,PROD_036,90,92.83,0,62.0,35
2023-03-20,PROD_036,69,88.48,1,71.0,35
2023-03-21,PROD_036,91,92.69,0,122.0,35
2023-03-22,PROD_036,70,91.96,0,37.0,35
2023-03-23,PROD_036,127,86.05,1,96.0,35
2023-03-24,PROD_036,73,85.4,1,77.0,35
2023-03-25,PROD_036,93,93.82,0,114.0,35
2023-03-26,PROD_036,126,90.32,1,90.0,35
2023-03-27,PROD_036,39,91.32,0,69.0,35
2023-03-28,PROD_036,88,91.45,0,91.0,35
2023-03-29,PROD_036,50,95.12,0,70.0,35
2023-03-30,PROD_036,45,93.06,0,127.0,35
2023-03-31,PROD_036,86,92.72,0,73.0,35
2023-04-01,PROD_036,74,93.68,0,93.0,35
2023-04-02,PROD_036,84,93.04,0,126.0,35
2023-04-03,PROD_036,166,86.67,1,39.0,35
2023-04-04,PROD_036,32,92.68,0,88.0,35
2023-04-05,PROD_036,44,94.0,0,50.0,35
2023-04-06,PROD_036,46,96.36,0,45.0,35
2023-04-07,PROD_036,78,97.95,0,86.0,35
2023-04-08,PROD_036,114,97.1,0,74.0,35
2023-04-09,PROD_036,119,95.28,0,84.0,35
2023-04-10,PROD_036,30,94.94,0,166.0,35
2023-04-11,PROD_036,103,88.89,1,32.0,35
2023-04-12,PROD_036,67,90.08,1,44.0,35
2023-04-13,PROD_036,75,96.3,0,46.0,35
2023-04-14,PROD_036,57,97.13,0,78.0,35
2023-04-15,PROD_036,135,83.13,1,114.0,35
2023-04-16,PROD_036,52,98.11,0,119.0,35
2023-04-17,PROD_036,76,84.55,1,30.0,35
2023-04-18,PROD_036,74,95.74,0,103.0,35
2023-04-19,PROD_036,62,94.98,0,67.0,35
2023-04-20,PROD_036,62,85.29,1,75.0,35
2023-04-21,PROD_036,45,99.54,0,57.0,35
2023-04-22,PROD_036,107,94.31,0,135.0,35
2023-04-23,PROD_036,87,88.44,1,52.0,35
2023-04-24,PROD_036,43,93.94,0,76.0,35
2023-04-25,PROD_036,45,93.86,0,74.0,35
2023-04-26,PROD_036,31,93.13,0,62.0,35
2023-04-27,PROD_036,51,93.72,0,62.0,35
2023-04-28,PROD_036,89,92.66,0,45.0,35
2023-04-29,PROD_036,78,96.97,0,107.0,35
2023-04-30,PROD_036,141,92.03,1,87.0,35
2023-05-01,PROD_036,75,96.9,0,43.0,35
2023-05-02,PROD_036,58,91.66,0,45.0,35
2023-05-03,PROD_036,71,93.64,0,31.0,35
2023-05-04,PROD_036,113,83.26,1,51.0,35
2023-05-05,PROD_036,25,94.22,0,89.0,35
2023-05-06,PROD_036,89,95.18,0,78.0,35
2023-05-07,PROD_036,113,94.75,0,141.0,35
2023-05-08,PROD_036,56,96.5,0,75.0,35
2023-05-09,PROD_036,50,76.94,1,58.0,35
2023-05-10,PROD_036,138,87.0,1,71.0,35
2023-05-11,PROD_036,70,93.33,0,113.0,35
2023-05-12,PROD_036,55,89.26,1,25.0,35
2023-05-13,PROD_036,84,93.24,0,89.0,35
2023-05-14,PROD_036,86,93.83,0,113.0,35
2023-05-15,PROD_036,76,94.58,0,56.0,35
2023-05-16,PROD_036,55,88.74,1,50.0,35
2023-05-17,PROD_036,51,77.41,1,138.0,35
2023-05-18,PROD_036,34,93.96,0,70.0,35
2023-05-19,PROD_036,73,94.03,0,55.0,35
2023-05-20,PROD_036,132,93.71,0,84.0,35
2023-05-21,PROD_036,74,95.68,0,86.0,35
2023-05-22,PROD_036,53,92.37,0,76.0,35
2023-05-23,PROD_036,83,94.36,0,55.0,35
2023-05-24,PROD_036,75,90.85,1,51.0,35
2023-05-25,PROD_036,115,94.11,0,34.0,35
2023-05-26,PROD_036,54,96.1,0,73.0,35
2023-05-27,PROD_036,97,96.79,0,132.0,35
2023-05-28,PROD_036,74,89.91,0,74.0,35
2023-05-29,PROD_036,128,83.19,1,53.0,35
2023-05-30,PROD_036,100,96.51,0,83.0,35
2023-05-31,PROD_036,67,88.38,1,75.0,35
2023-06-01,PROD_036,62,95.86,0,115.0,35
2023-06-02,PROD_036,90,86.26,1,54.0,35
2023-06-03,PROD_036,137,91.3,1,97.0,35
2023-06-04,PROD_036,152,91.32,1,74.0,35
2023-06-05,PROD_036,52,79.17,1,128.0,35
