datasets used to train models/train.csv
date,product_id,units_sold,sale_price,is_promo,lag_7,product_id_encoded
2023-01-08,PROD_037,61,110.54,1,79.0,36
2023-01-09,PROD_037,39,123.25,0,56.0,36
2023-01-10,PROD_037,48,117.66,0,46.0,36
2023-01-11,PROD_037,37,116.79,0,42.0,36
2023-01-12,PROD_037,73,110.35,1,73.0,36
2023-01-13,PROD_037,63,117.17,0,23.0,36
2023-01-14,PROD_037,63,118.89,0,81.0,36
2023-01-15,PROD_037,51,118.65,0,61.0,36
2023-01-16,PROD_037,33,119.1,0,39.0,36
2023-01-17,PROD_037,80,115.34,1,48.0,36
2023-01-18,PROD_037,31,117.48,0,37.0,36
2023-01-19,PROD_037,42,103.15,1,73.0,36
2023-01-20,PROD_037,24,97.94,1,63.0,36
2023-01-21,PROD_037,57,101.88,1,63.0,36
2023-01-22,PROD_037,81,116.94,0,51.0,36
2023-01-23,PROD_037,74,114.46,1,33.0,36
2023-01-24,PROD_037,52,114.08,0,80.0,36
2023-01-25,PROD_037,60,113.17,1,31.0,36
2023-01-26,PROD_037,37,120.07,0,42.0,36
2023-01-27,PROD_037,40,104.23,1,24.0,36
2023-01-28,PROD_037,79,103.89,1,57.0,36
2023-01-29,PROD_037,51,118.06,0,81.0,36
2023-01-30,PROD_037,24,113.3,0,74.0,36
2023-01-31,PROD_037,33,125.36,0,52.0,36
2023-02-01,PROD_037,61,102.86,1,60.0,36
2023-02-02,PROD_037,72,118.36,0,37.0,36
2023-02-03,PROD_037,39,104.36,1,40.0,36
2023-02-04,PROD_037,49,115.71,0,79.0,36
2023-02-05,PROD_037,56,117.37,0,51.0,36
2023-02-06,PROD_037,21,119.78,0,24.0,36
2023-02-07,PROD_037,30,118.12,0,33.0,36
2023-02-08,PROD_037,38,118.6,0,61.0,36
2023-02-09,PROD_037,21,115.12,0,72.0,36
2023-02-10,PROD_037,79,111.87,1,39.0,36
2023-02-11,PROD_037,69,113.27,0,49.0,36
2023-02-12,PROD_037,58,119.98,0,56.0,36
2023-02-13,PROD_037,49,102.77,1,21.0,36
2023-02-14,PROD_037,23,117.28,0,30.0,36
2023-02-15,PROD_037,45,105.57,1,38.0,36
2023-02-16,PROD_037,44,105.27,1,21.0,36
2023-02-17,PROD_037,39,115.54,0,79.0,36
2023-02-18,PROD_037,41,107.12,1,69.0,36
2023-02-19,PROD_037,46,103.83,1,58.0,36
2023-02-20,PROD_037,30,119.68,0,49.0,36
2023-02-21,PROD_037,68,109.41,1,23.0,36
2023-02-22,PROD_037,75,120.92,0,45.0,36
2023-02-23,PROD_037,82,110.95,1,44.0,36
2023-02-24,PROD_037,63,120.47,0,39.0,36
2023-02-25,PROD_037,43,120.05,0,41.0,36
2023-02-26,PROD_037,55,114.14,0,46.0,36
2023-02-27,PROD_037,71,119.88,0,30.0,36
2023-02-28,PROD_037,30,116.55,0,68.0,36
2023-03-01,PROD_037,98,110.04,1,75.0,36
2023-03-02,PROD_037,63,117.45,0,82.0,36
2023-03-03,PROD_037,77,107.02,1,63.0,36
2023-03-04,PROD_037,82,116.35,0,43.0,36
2023-03-05,PROD_037,118,109.25,1,55.0,36
2023-03-06,PROD_037,53,119.63,0,71.0,36
2023-03-07,PROD_037,68,114.38,1,30.0,36
2023-03-08,PROD_037,26,116.08,0,98.0,36
2023-03-09,PROD_037,57,119.73,0,63.0,36
2023-03-10,PROD_037,68,115.61,1,77.0,36
2023-03-11,PROD_037,47,106.35,1,82.0,36
2023-03-12,PROD_037,87,105.22,1,118.0,36
2023-03-13,PROD_037,76,120.44,0,53.0,36
2023-03-14,PROD_037,88,118.03,0,68.0,36
2023-03-15,PROD_037,32,120.98,0,26.0,36
2023-03-16,PROD_037,77,115.14,0,57.0,36
2023-03-17,PROD_037,26,112.52,0,68.0,36
2023-03-18,PROD_037,30,115.29,0,47.0,36
2023-03-19,PROD_037,58,115.18,0,87.0,36
2023-03-20,PROD_037,39,103.38,1,76.0,36
2023-03-21,PROD_037,75,108.96,1,88.0,36
2023-03-22,PROD_037,25,97.19,1,32.0,36
2023-03-23,PROD_037,54,114.86,0,77.0,36
2023-03-24,PROD_037,44,113.97,1,26.0,36
2023-03-25,PROD_037,70,98.68,1,30.0,36
2023-03-26,PROD_037,38,113.17,0,58.0,36
2023-03-27,PROD_037,52,112.14,0,39.0,36
2023-03-28,PROD_037,17,121.42,0,75.0,36
2023-03-29,PROD_037,23,120.67,0,25.0,36
2023-03-30,PROD_037,33,107.63,1,54.0,36
2023-03-31,PROD_037,66,115.01,0,44.0,36
2023-04-01,PROD_037,59,116.38,0,70.0,36
2023-04-02,PROD_037,84,119.54,0,38.0,36
2023-04-03,PROD_037,53,123.81,0,52.0,36
2023-04-04,PROD_037,64,97.84,1,17.0,36
2023-04-05,PROD_037,28,117.07,0,23.0,36
2023-04-06,PROD_037,28,120.45,0,33.0,36
2023-04-07,PROD_037,54,119.04,0,66.0,36
2023-04-08,PROD_037,92,122.57,0,59.0,36
2023-04-09,PROD_037,91,111.06,1,84.0,36
2023-04-10,PROD_037,44,114.95,0,53.0,36
2023-04-11,PROD_037,49,118.93,0,64.0,36
2023-04-12,PROD_037,75,110.38,1,28.0,36
2023-04-13,PROD_037,72,109.74,1,28.0,36
2023-04-14,PROD_037,49,110.7,1,54.0,36
2023-04-15,PROD_037,61,108.38,1,92.0,36
2023-04-16,PROD_037,48,109.8,0,91.0,36
2023-04-17,PROD_037,97,100.54,1,44.0,36
2023-04-18,PROD_037,57,110.83,1,49.0,36
2023-04-19,PROD_037,39,116.87,0,75.0,36
2023-04-20,PROD_037,50,113.67,0,72.0,36
2023-04-21,PROD_037,57,109.31,1,49.0,36
2023-04-22,PROD_037,110,111.66,1,61.0,36
2023-04-23,PROD_037,89,108.86,1,48.0,36
2023-04-24,PROD_037,63,112.8,1,97.0,36
2023-04-25,PROD_037,20,116.66,0,57.0,36
2023-04-26,PROD_037,79,117.14,0,39.0,36
2023-04-27,PROD_037,34,120.04,0,50.0,36
2023-04-28,PROD_037,89,112.42,1,57.0,36
2023-04-29,PROD_037,21,120.05,0,110.0,36
2023-04-30,PROD_037,78,103.16,1,89.0,36
2023-05-01,PROD_037,41,117.58,0,63.0,36
2023-05-02,PROD_037,50,116.34,0,20.0,36
2023-05-03,PROD_037,52,107.46,1,79.0,36
2023-05-04,PROD_037,26,116.07,0,34.0,36
2023-05-05,PROD_037,49,102.74,1,89.0,36
2023-05-06,PROD_037,88,109.75,1,21.0,36
2023-05-07,PROD_037,58,109.74,1,78.0,36
2023-05-08,PROD_037,60,109.57,1,41.0,36
2023-05-09,PROD_037,105,103.65,1,50.0,36
2023-05-10,PROD_037,54,120.24,0,52.0,36
2023-05-11,PROD_037,53,118.78,0,26.0,36
2023-05-12,PROD_037,72,103.08,1,49.0,36
2023-05-13,PROD_037,63,109.59,1,88.0,36
2023-05-14,PROD_037,135,109.52,1,58.0,36
2023-05-15,PROD_037,28,120.66,0,60.0,36
2023-05-16,PROD_037,36,104.2,1,105.0,36
2023-05-17,PROD_037,77,118.46,0,54.0,36
2023-05-18,PROD_037,47,103.85,1,53.0,36
2023-05-19,PROD_037,25,121.84,0,72.0,36
2023-05-20,PROD_037,78,118.45,0,63.0,36
2023-05-21,PROD_037,62,118.02,0,135.0,36
2023-05-22,PROD_037,42,113.4,0,28.0,36
2023-05-23,PROD_037,68,112.4,1,36.0,36
2023-05-24,PROD_037,61,116.28,0,77.0,36
2023-05-25,PROD_037,59,113.7,1,47.0,36
2023-05-26,PROD_037,49,125.37,0,25.0,36
2023-05-27,PROD_037,97,111.89,1,78.0,36
2023-05-28,PROD_037,106,114.68,1,62.0,36
2023-05-29,PROD_037,23,117.26,0,42.0,36
2023-05-30,PROD_037,66,111.81,1,68.0,36
2023-05-31,PROD_037,58,113.78,1,61.0,36
2023-06-01,PROD_037,30,118.43,0,59.0,36
2023-06-02,PROD_037,84,117.29,0,49.0,36
2023-06-03,PROD_037,68,119.02,0,97.0,36
2023-06-04,PROD_037,37,118.34,0,106.0,36
2023-06-05,PROD_037,82,104.53,1,23.0,36
2023-01-08,PROD_038,67,138.5,0,57.0,37
2023-01-09,PROD_038,106,123.53,1,53.0,37
2023-01-10,PROD_038,52,144.04,0,37.0,37
2023-01-11,PROD_038,81,131.39,1,42.0,37
2023-01-12,PROD_038,28,133.65,0,32.0,37
2023-01-13,PROD_038,36,133.12,1,34.0,37
2023-01-14,PROD_038,66,122.09,1,68.0,37
2023-01-15,PROD_038,74,135.34,0,67.0,37
2023-01-16,PROD_038,51,129.47,1,106.0,37
2023-01-17,PROD_038,86,134.4,1,52.0,37
2023-01-18,PROD_038,25,141.32,0,81.0,37
2023-01-19,PROD_038,80,141.37,0,28.0,37
2023-01-20,PROD_038,51,138.47,0,36.0,37
2023-01-21,PROD_038,69,131.02,1,66.0,37
2023-01-22,PROD_038,81,141.31,0,74.0,37
2023-01-23,PROD_038,62,141.54,0,51.0,37
2023-01-24,PROD_038,80,139.63,0,86.0,37
2023-01-25,PROD_038,23,133.82,0,25.0,37
2023-01-26,PROD_038,52,142.76,0,80.0,37
2023-01-27,PROD_038,26,120.6,1,51.0,37
2023-01-28,PROD_038,111,125.93,1,69.0,37
2023-01-29,PROD_038,20,149.8,0,81.0,37
2023-01-30,PROD_038,26,148.5,0,62.0,37
2023-01-31,PROD_038,87,125.66,1,80.0,37
2023-02-01,PROD_038,56,136.47,0,23.0,37
2023-02-02,PROD_038,91,132.73,1,52.0,37
2023-02-03,PROD_038,55,136.66,0,26.0,37
2023-02-04,PROD_038,87,134.3,0,111.0,37
2023-02-05,PROD_038,28,136.42,0,20.0,37
2023-02-06,PROD_038,87,130.62,1,26.0,37
2023-02-07,PROD_038,28,140.91,0,87.0,37
2023-02-08,PROD_038,99,125.91,1,56.0,37
2023-02-09,PROD_038,38,138.13,0,91.0,37
2023-02-10,PROD_038,83,126.7,1,55.0,37
2023-02-11,PROD_038,22,141.02,0,87.0,37
2023-02-12,PROD_038,20,135.22,0,28.0,37
2023-02-13,PROD_038,88,127.56,1,87.0,37
2023-02-14,PROD_038,60,134.33,1,28.0,37
2023-02-15,PROD_038,47,139.02,0,99.0,37
2023-02-16,PROD_038,22,143.77,0,38.0,37
2023-02-17,PROD_038,53,138.9,0,83.0,37
2023-02-18,PROD_038,36,140.34,0,22.0,37
2023-02-19,PROD_038,31,140.18,0,20.0,37
2023-02-20,PROD_038,29,134.34,0,88.0,37
2023-02-21,PROD_038,61,136.38,1,60.0,37
2023-02-22,PROD_038,39,140.12,0,47.0,37
2023-02-23,PROD_038,62,137.66,0,22.0,37
2023-02-24,PROD_038,65,137.5,0,53.0,37
2023-02-25,PROD_038,82,139.28,0,36.0,37
2023-02-26,PROD_038,72,129.16,1,31.0,37
2023-02-27,PROD_038,23,125.95,1,29.0,37
2023-02-28,PROD_038,127,127.31,1,61.0,37
2023-03-01,PROD_038,94,129.04,1,39.0,37
2023-03-02,PROD_038,51,141.83,0,62.0,37
2023-03-03,PROD_038,93,132.15,0,65.0,37
2023-03-04,PROD_038,49,134.55,1,82.0,37
2023-03-05,PROD_038,82,147.63,0,72.0,37
2023-03-06,PROD_038,43,128.45,1,23.0,37
2023-03-07,PROD_038,30,146.27,0,127.0,37
2023-03-08,PROD_038,24,142.46,0,94.0,37
2023-03-09,PROD_038,34,138.79,0,51.0,37
2023-03-10,PROD_038,49,145.44,0,93.0,37
2023-03-11,PROD_038,51,130.74,1,49.0,37
2023-03-12,PROD_038,93,144.04,0,82.0,37
2023-03-13,PROD_038,29,130.96,0,43.0,37
2023-03-14,PROD_038,63,128.56,1,30.0,37
2023-03-15,PROD_038,132,122.11,1,24.0,37
2023-03-16,PROD_038,59,138.82,0,34.0,37
2023-03-17,PROD_038,65,137.68,0,49.0,37
2023-03-18,PROD_038,105,143.91,0,51.0,37
2023-03-19,PROD_038,63,137.13,0,93.0,37
2023-03-20,PROD_038,34,140.71,0,29.0,37
2023-03-21,PROD_038,73,140.72,0,63.0,37
2023-03-22,PROD_038,103,116.93,1,132.0,37
2023-03-23,PROD_038,70,139.28,0,59.0,37
2023-03-24,PROD_038,73,136.9,0,65.0,37
2023-03-25,PROD_038,64,139.05,0,105.0,37
2023-03-26,PROD_038,24,137.43,0,63.0,37
2023-03-27,PROD_038,28,118.7,1,34.0,37
2023-03-28,PROD_038,32,120.22,1,73.0,37
2023-03-29,PROD_038,42,131.17,0,103.0,37
2023-03-30,PROD_038,36,136.22,0,70.0,37
2023-03-31,PROD_038,69,138.38,0,73.0,37
2023-04-01,PROD_038,123,136.51,1,64.0,37
2023-04-02,PROD_038,81,140.16,0,24.0,37
2023-04-03,PROD_038,49,141.59,0,28.0,37
2023-04-04,PROD_038,56,132.84,0,32.0,37
2023-04-05,PROD_038,60,116.99,1,42.0,37
2023-04-06,PROD_038,29,134.62,0,36.0,37
2023-04-07,PROD_038,30,132.75,0,69.0,37
2023-04-08,PROD_038,93,141.67,0,123.0,37
2023-04-09,PROD_038,97,125.77,1,81.0,37
2023-04-10,PROD_038,72,139.0,0,49.0,37
2023-04-11,PROD_038,84,130.74,1,56.0,37
2023-04-12,PROD_038,35,140.71,0,60.0,37
2023-04-13,PROD_038,50,139.27,0,29.0,37
2023-04-14,PROD_038,71,133.82,1,30.0,37
2023-04-15,PROD_038,79,138.78,0,93.0,37
2023-04-16,PROD_038,34,146.78,0,97.0,37
2023-04-17,PROD_038,91,136.27,0,72.0,37
2023-04-18,PROD_038,77,142.55,0,84.0,37
2023-04-19,PROD_038,61,132.61,1,35.0,37
2023-04-20,PROD_038,73,126.26,1,50.0,37
2023-04-21,PROD_038,67,141.67,0,71.0,37
2023-04-22,PROD_038,63,132.44,1,79.0,37
2023-04-23,PROD_038,77,137.25,0,34.0,37
2023-04-24,PROD_038,53,128.31,1,91.0,37
2023-04-25,PROD_038,44,141.46,0,77.0,37
2023-04-26,PROD_038,28,141.99,0,61.0,37
2023-04-27,PROD_038,71,141.43,0,73.0,37
2023-04-28,PROD_038,29,121.11,1,67.0,37
2023-04-29,PROD_038,44,137.36,0,63.0,37
2023-04-30,PROD_038,51,136.61,0,77.0,37
2023-05-01,PROD_038,27,139.79,0,53.0,37
2023-05-02,PROD_038,67,142.06,0,44.0,37
2023-05-03,PROD_038,34,140.78,0,28.0,37
2023-05-04,PROD_038,57,136.71,0,71.0,37
2023-05-05,PROD_038,54,136.88,0,29.0,37
2023-05-06,PROD_038,33,137.97,0,44.0,37
2023-05-07,PROD_038,90,134.93,0,51.0,37
2023-05-08,PROD_038,88,135.54,1,27.0,37
2023-05-09,PROD_038,99,127.17,1,67.0,37
2023-05-10,PROD_038,86,128.72,1,34.0,37
2023-05-11,PROD_038,69,130.88,1,57.0,37
2023-05-12,PROD_038,101,137.41,1,54.0,37
2023-05-13,PROD_038,80,134.62,0,33.0,37
2023-05-14,PROD_038,29,144.06,0,90.0,37
2023-05-15,PROD_038,73,135.57,0,88.0,37
2023-05-16,PROD_038,67,138.25,0,99.0,37
2023-05-17,PROD_038,64,117.05,1,86.0,37
2023-05-18,PROD_038,33,137.31,0,69.0,37
2023-05-19,PROD_038,31,140.36,0,101.0,37
2023-05-20,PROD_038,52,121.85,1,80.0,37
2023-05-21,PROD_038,45,141.39,0,29.0,37
2023-05-22,PROD_038,49,137.08,0,73.0,37
2023-05-23,PROD_038,105,125.65,1,67.0,37
2023-05-24,PROD_038,60,137.51,0,64.0,37
2023-05-25,PROD_038,74,131.66,0,33.0,37
2023-05-26,PROD_038,52,125.63,1,31.0,37
2023-05-27,PROD_038,37,137.36,0,52.0,37
2023-05-28,PROD_038,74,133.66,0,45.0,37
2023-05-29,PROD_038,57,138.77,0,49.0,37
2023-05-30,PROD_038,24,144.72,0,105.0,37
2023-05-31,PROD_038,33,131.1,0,60.0,37
2023-06-01,PROD_038,49,118.9,1,74.0,37
2023-06-02,PROD_038,113,128.75,1,52.0,37
2023-06-03,PROD_038,60,142.62,0,37.0,37
2023-06-04,PROD_038,95,135.17,1,74.0,37
2023-06-05,PROD_038,64,127.28,1,57.0,37
