datasets used to train models/train.csv
date,product_id,units_sold,sale_price,is_promo,lag_7,product_id_encoded
2023-01-08,PROD_039,76,82.98,1,115.0,38
2023-01-09,PROD_039,32,101.22,0,46.0,38
2023-01-10,PROD_039,53,107.81,0,64.0,38
2023-01-11,PROD_039,82,107.27,0,38.0,38
2023-01-12,PROD_039,80,104.1,0,69.0,38
2023-01-13,PROD_039,104,97.84,1,85.0,38
2023-01-14,PROD_039,70,113.71,0,76.0,38
2023-01-15,PROD_039,106,104.95,0,76.0,38
2023-01-16,PROD_039,97,105.55,0,32.0,38
2023-01-17,PROD_039,71,101.07,1,53.0,38
2023-01-18,PROD_039,103,100.76,1,82.0,38
2023-01-19,PROD_039,61,106.11,0,80.0,38
2023-01-20,PROD_039,34,109.45,0,104.0,38
2023-01-21,PROD_039,56,103.34,0,70.0,38
2023-01-22,PROD_039,86,106.74,0,106.0,38
2023-01-23,PROD_039,98,106.32,0,97.0,38
2023-01-24,PROD_039,41,105.16,0,71.0,38
2023-01-25,PROD_039,60,103.98,0,103.0,38
2023-01-26,PROD_039,67,109.13,0,61.0,38
2023-01-27,PROD_039,95,91.74,1,34.0,38
2023-01-28,PROD_039,53,100.76,0,56.0,38
2023-01-29,PROD_039,125,101.38,1,86.0,38
2023-01-30,PROD_039,113,94.81,1,98.0,38
2023-01-31,PROD_039,66,109.17,0,41.0,38
2023-02-01,PROD_039,63,107.15,0,60.0,38
2023-02-02,PROD_039,62,104.59,0,67.0,38
2023-02-03,PROD_039,32,107.82,0,95.0,38
2023-02-04,PROD_039,92,100.53,1,53.0,38
2023-02-05,PROD_039,42,109.32,0,125.0,38
2023-02-06,PROD_039,43,104.45,0,113.0,38
2023-02-07,PROD_039,41,95.79,1,66.0,38
2023-02-08,PROD_039,53,110.88,0,63.0,38
2023-02-09,PROD_039,76,98.42,1,62.0,38
2023-02-10,PROD_039,53,107.12,0,32.0,38
2023-02-11,PROD_039,77,102.46,0,92.0,38
2023-02-12,PROD_039,40,107.65,0,42.0,38
2023-02-13,PROD_039,50,87.46,1,43.0,38
2023-02-14,PROD_039,60,104.22,0,41.0,38
2023-02-15,PROD_039,81,103.87,0,53.0,38
2023-02-16,PROD_039,51,109.62,0,76.0,38
2023-02-17,PROD_039,78,113.36,0,53.0,38
2023-02-18,PROD_039,82,111.15,0,77.0,38
2023-02-19,PROD_039,135,100.35,1,40.0,38
2023-02-20,PROD_039,62,108.29,0,50.0,38
2023-02-21,PROD_039,62,105.56,0,60.0,38
2023-02-22,PROD_039,56,110.15,0,81.0,38
2023-02-23,PROD_039,122,105.86,0,51.0,38
2023-02-24,PROD_039,111,96.48,1,78.0,38
2023-02-25,PROD_039,52,114.48,0,82.0,38
2023-02-26,PROD_039,150,99.32,1,135.0,38
2023-02-27,PROD_039,49,112.04,0,62.0,38
2023-02-28,PROD_039,111,103.64,1,62.0,38
2023-03-01,PROD_039,99,110.44,0,56.0,38
2023-03-02,PROD_039,120,105.32,1,122.0,38
2023-03-03,PROD_039,82,113.33,0,111.0,38
2023-03-04,PROD_039,98,109.63,0,52.0,38
2023-03-05,PROD_039,113,103.62,0,150.0,38
2023-03-06,PROD_039,91,102.6,1,49.0,38
2023-03-07,PROD_039,38,112.48,0,111.0,38
2023-03-08,PROD_039,66,109.59,0,99.0,38
2023-03-09,PROD_039,50,105.22,0,120.0,38
2023-03-10,PROD_039,55,106.82,0,82.0,38
2023-03-11,PROD_039,180,100.91,1,98.0,38
2023-03-12,PROD_039,136,106.02,0,113.0,38
2023-03-13,PROD_039,22,108.7,0,91.0,38
2023-03-14,PROD_039,95,105.06,0,38.0,38
2023-03-15,PROD_039,76,99.49,1,66.0,38
2023-03-16,PROD_039,56,109.22,0,50.0,38
2023-03-17,PROD_039,89,99.54,1,55.0,38
2023-03-18,PROD_039,162,103.4,1,180.0,38
2023-03-19,PROD_039,104,108.96,0,136.0,38
2023-03-20,PROD_039,89,100.55,1,22.0,38
2023-03-21,PROD_039,83,111.56,0,95.0,38
2023-03-22,PROD_039,90,107.82,0,76.0,38
2023-03-23,PROD_039,96,99.16,1,56.0,38
2023-03-24,PROD_039,85,108.42,0,89.0,38
2023-03-25,PROD_039,106,107.74,0,162.0,38
2023-03-26,PROD_039,127,108.41,0,104.0,38
2023-03-27,PROD_039,42,103.5,0,89.0,38
2023-03-28,PROD_039,128,97.23,1,83.0,38
2023-03-29,PROD_039,75,102.01,0,90.0,38
2023-03-30,PROD_039,60,105.44,0,96.0,38
2023-03-31,PROD_039,84,106.89,0,85.0,38
2023-04-01,PROD_039,106,100.59,1,106.0,38
2023-04-02,PROD_039,106,97.43,1,127.0,38
2023-04-03,PROD_039,78,106.59,0,42.0,38
2023-04-04,PROD_039,92,107.68,0,128.0,38
2023-04-05,PROD_039,85,108.21,0,75.0,38
2023-04-06,PROD_039,105,107.38,0,60.0,38
2023-04-07,PROD_039,85,98.06,1,84.0,38
2023-04-08,PROD_039,46,105.25,0,106.0,38
2023-04-09,PROD_039,103,107.13,0,106.0,38
2023-04-10,PROD_039,122,88.57,1,78.0,38
2023-04-11,PROD_039,52,96.34,1,92.0,38
2023-04-12,PROD_039,91,87.83,1,85.0,38
2023-04-13,PROD_039,33,104.5,0,105.0,38
2023-04-14,PROD_039,86,105.66,0,85.0,38
2023-04-15,PROD_039,138,98.6,1,46.0,38
2023-04-16,PROD_039,118,107.0,0,103.0,38
2023-04-17,PROD_039,84,96.17,1,122.0,38
2023-04-18,PROD_039,68,108.43,0,52.0,38
2023-04-19,PROD_039,38,106.92,0,91.0,38
2023-04-20,PROD_039,31,98.41,1,33.0,38
2023-04-21,PROD_039,132,102.49,1,86.0,38
2023-04-22,PROD_039,84,105.06,0,138.0,38
2023-04-23,PROD_039,110,100.52,1,118.0,38
2023-04-24,PROD_039,103,102.76,1,84.0,38
2023-04-25,PROD_039,42,106.21,0,68.0,38
2023-04-26,PROD_039,54,109.71,0,38.0,38
2023-04-27,PROD_039,55,103.81,0,31.0,38
2023-04-28,PROD_039,68,99.82,1,132.0,38
2023-04-29,PROD_039,105,101.87,0,84.0,38
2023-04-30,PROD_039,141,102.64,1,110.0,38
2023-05-01,PROD_039,39,109.58,0,103.0,38
2023-05-02,PROD_039,82,107.24,0,42.0,38
2023-05-03,PROD_039,27,107.54,0,54.0,38
2023-05-04,PROD_039,54,107.23,0,55.0,38
2023-05-05,PROD_039,83,109.4,0,68.0,38
2023-05-06,PROD_039,113,94.56,1,105.0,38
2023-05-07,PROD_039,119,109.72,0,141.0,38
2023-05-08,PROD_039,58,103.08,0,39.0,38
2023-05-09,PROD_039,54,104.62,0,82.0,38
2023-05-10,PROD_039,43,113.64,0,27.0,38
2023-05-11,PROD_039,68,105.56,0,54.0,38
2023-05-12,PROD_039,62,108.61,0,83.0,38
2023-05-13,PROD_039,115,111.59,0,113.0,38
2023-05-14,PROD_039,75,102.34,0,119.0,38
2023-05-15,PROD_039,87,102.64,1,58.0,38
2023-05-16,PROD_039,67,110.8,0,54.0,38
2023-05-17,PROD_039,40,106.46,0,43.0,38
2023-05-18,PROD_039,123,100.86,1,68.0,38
2023-05-19,PROD_039,100,104.19,0,62.0,38
2023-05-20,PROD_039,74,111.58,0,115.0,38
2023-05-21,PROD_039,47,104.65,0,75.0,38
2023-05-22,PROD_039,66,111.66,0,87.0,38
2023-05-23,PROD_039,66,100.27,1,67.0,38
2023-05-24,PROD_039,54,104.51,0,40.0,38
2023-05-25,PROD_039,70,106.04,0,123.0,38
2023-05-26,PROD_039,46,107.61,0,100.0,38
2023-05-27,PROD_039,75,105.49,0,74.0,38
2023-05-28,PROD_039,112,94.0,1,47.0,38
2023-05-29,PROD_039,46,106.53,0,66.0,38
2023-05-30,PROD_039,47,103.83,0,66.0,38
2023-05-31,PROD_039,57,100.55,1,54.0,38
2023-06-01,PROD_039,81,108.18,0,70.0,38
2023-06-02,PROD_039,87,107.56,0,46.0,38
2023-06-03,PROD_039,118,103.01,0,75.0,38
2023-06-04,PROD_039,184,87.5,1,112.0,38
2023-06-05,PROD_039,128,94.58,1,46.0,38
2023-01-08,PROD_040,29,31.65,0,32.0,39
2023-01-09,PROD_040,22,27.84,1,12.0,39
2023-01-10,PROD_040,17,32.54,0,22.0,39
2023-01-11,PROD_040,13,28.56,1,31.0,39
2023-01-12,PROD_040,16,30.46,0,30.0,39
2023-01-13,PROD_040,21,27.92,1,13.0,39
2023-01-14,PROD_040,24,29.44,0,41.0,39
2023-01-15,PROD_040,40,29.51,1,29.0,39
2023-01-16,PROD_040,33,30.18,0,22.0,39
2023-01-17,PROD_040,40,31.61,0,17.0,39
2023-01-18,PROD_040,37,29.45,0,13.0,39
2023-01-19,PROD_040,30,30.73,0,16.0,39
2023-01-20,PROD_040,12,30.52,0,21.0,39
2023-01-21,PROD_040,17,32.4,0,24.0,39
2023-01-22,PROD_040,45,30.57,0,40.0,39
2023-01-23,PROD_040,18,30.2,0,33.0,39
2023-01-24,PROD_040,9,31.98,0,40.0,39
2023-01-25,PROD_040,29,27.84,1,37.0,39
2023-01-26,PROD_040,15,27.41,1,30.0,39
2023-01-27,PROD_040,14,31.8,0,12.0,39
2023-01-28,PROD_040,36,30.32,0,17.0,39
2023-01-29,PROD_040,18,30.64,0,45.0,39
2023-01-30,PROD_040,31,31.24,0,18.0,39
2023-01-31,PROD_040,40,29.91,0,9.0,39
2023-02-01,PROD_040,16,30.29,0,29.0,39
2023-02-02,PROD_040,28,29.91,0,15.0,39
2023-02-03,PROD_040,10,30.72,0,14.0,39
2023-02-04,PROD_040,59,29.32,1,36.0,39
2023-02-05,PROD_040,26,28.74,0,18.0,39
2023-02-06,PROD_040,17,28.7,0,31.0,39
2023-02-07,PROD_040,25,25.48,1,40.0,39
2023-02-08,PROD_040,25,24.9,1,16.0,39
2023-02-09,PROD_040,23,31.0,0,28.0,39
2023-02-10,PROD_040,31,21.66,1,10.0,39
2023-02-11,PROD_040,52,27.8,1,59.0,39
2023-02-12,PROD_040,51,31.1,0,26.0,39
2023-02-13,PROD_040,42,29.32,1,17.0,39
2023-02-14,PROD_040,52,27.52,1,25.0,39
2023-02-15,PROD_040,19,31.21,0,25.0,39
2023-02-16,PROD_040,35,29.44,0,23.0,39
2023-02-17,PROD_040,16,32.36,0,31.0,39
2023-02-18,PROD_040,15,29.46,0,52.0,39
2023-02-19,PROD_040,46,28.65,1,51.0,39
2023-02-20,PROD_040,45,28.63,1,42.0,39
2023-02-21,PROD_040,19,28.14,1,52.0,39
2023-02-22,PROD_040,33,29.33,1,19.0,39
2023-02-23,PROD_040,20,30.95,0,35.0,39
2023-02-24,PROD_040,42,31.26,0,16.0,39
2023-02-25,PROD_040,33,30.5,0,15.0,39
2023-02-26,PROD_040,33,31.06,0,46.0,39
2023-02-27,PROD_040,55,27.62,1,45.0,39
2023-02-28,PROD_040,18,30.8,0,19.0,39
2023-03-01,PROD_040,35,30.85,0,33.0,39
2023-03-02,PROD_040,32,29.49,1,20.0,39
2023-03-03,PROD_040,32,31.31,0,42.0,39
2023-03-04,PROD_040,57,24.55,1,33.0,39
2023-03-05,PROD_040,31,29.94,0,33.0,39
2023-03-06,PROD_040,16,31.46,0,55.0,39
2023-03-07,PROD_040,18,29.0,0,18.0,39
2023-03-08,PROD_040,23,31.74,0,35.0,39
2023-03-09,PROD_040,33,30.3,0,32.0,39
2023-03-10,PROD_040,36,30.35,0,32.0,39
2023-03-11,PROD_040,53,29.21,1,57.0,39
2023-03-12,PROD_040,32,28.44,1,31.0,39
2023-03-13,PROD_040,20,30.22,0,16.0,39
2023-03-14,PROD_040,21,29.65,0,18.0,39
2023-03-15,PROD_040,38,30.4,0,23.0,39
2023-03-16,PROD_040,17,30.54,0,33.0,39
2023-03-17,PROD_040,31,27.98,1,36.0,39
2023-03-18,PROD_040,53,30.47,0,53.0,39
2023-03-19,PROD_040,56,30.43,0,32.0,39
2023-03-20,PROD_040,33,30.85,0,20.0,39
2023-03-21,PROD_040,43,30.46,0,21.0,39
2023-03-22,PROD_040,16,30.94,0,38.0,39
2023-03-23,PROD_040,16,31.01,0,17.0,39
2023-03-24,PROD_040,36,30.62,0,31.0,39
2023-03-25,PROD_040,66,28.54,1,53.0,39
2023-03-26,PROD_040,35,29.84,0,56.0,39
2023-03-27,PROD_040,32,27.15,1,33.0,39
2023-03-28,PROD_040,21,30.74,0,43.0,39
2023-03-29,PROD_040,51,27.82,1,16.0,39
2023-03-30,PROD_040,40,31.05,0,16.0,39
2023-03-31,PROD_040,40,31.02,0,36.0,39
2023-04-01,PROD_040,36,28.88,0,66.0,39
2023-04-02,PROD_040,54,30.82,0,35.0,39
2023-04-03,PROD_040,43,25.73,1,32.0,39
2023-04-04,PROD_040,24,30.24,0,21.0,39
2023-04-05,PROD_040,19,28.74,0,51.0,39
2023-04-06,PROD_040,32,31.84,0,40.0,39
2023-04-07,PROD_040,48,30.2,0,40.0,39
2023-04-08,PROD_040,49,29.98,0,36.0,39
2023-04-09,PROD_040,26,31.92,0,54.0,39
2023-04-10,PROD_040,29,27.04,1,43.0,39
2023-04-11,PROD_040,36,27.55,1,24.0,39
2023-04-12,PROD_040,24,29.84,0,19.0,39
2023-04-13,PROD_040,48,30.82,0,32.0,39
2023-04-14,PROD_040,18,31.98,0,48.0,39
2023-04-15,PROD_040,27,29.9,0,49.0,39
2023-04-16,PROD_040,39,30.85,0,26.0,39
2023-04-17,PROD_040,11,31.14,0,29.0,39
2023-04-18,PROD_040,42,29.19,1,36.0,39
2023-04-19,PROD_040,36,29.62,0,24.0,39
2023-04-20,PROD_040,26,31.12,0,48.0,39
2023-04-21,PROD_040,26,29.74,0,18.0,39
2023-04-22,PROD_040,74,26.24,1,27.0,39
2023-04-23,PROD_040,27,29.19,1,39.0,39
2023-04-24,PROD_040,49,28.39,1,11.0,39
2023-04-25,PROD_040,54,25.1,1,42.0,39
2023-04-26,PROD_040,32,29.35,1,36.0,39
2023-04-27,PROD_040,33,29.11,1,26.0,39
2023-04-28,PROD_040,13,30.5,0,26.0,39
2023-04-29,PROD_040,25,31.11,0,74.0,39
2023-04-30,PROD_040,42,31.16,0,27.0,39
2023-05-01,PROD_040,7,28.63,0,49.0,39
2023-05-02,PROD_040,23,28.41,1,54.0,39
2023-05-03,PROD_040,43,27.93,1,32.0,39
2023-05-04,PROD_040,36,30.06,1,33.0,39
2023-05-05,PROD_040,48,28.33,1,13.0,39
2023-05-06,PROD_040,24,30.03,0,25.0,39
2023-05-07,PROD_040,58,27.54,1,42.0,39
2023-05-08,PROD_040,18,30.56,0,7.0,39
2023-05-09,PROD_040,34,26.74,1,23.0,39
2023-05-10,PROD_040,16,29.73,0,43.0,39
2023-05-11,PROD_040,30,29.42,0,36.0,39
2023-05-12,PROD_040,15,31.22,0,48.0,39
2023-05-13,PROD_040,11,30.77,0,24.0,39
2023-05-14,PROD_040,23,29.28,0,58.0,39
2023-05-15,PROD_040,16,31.04,0,18.0,39
2023-05-16,PROD_040,26,27.06,1,34.0,39
2023-05-17,PROD_040,29,27.99,1,16.0,39
2023-05-18,PROD_040,30,27.76,1,30.0,39
2023-05-19,PROD_040,51,28.61,1,15.0,39
2023-05-20,PROD_040,26,32.17,0,11.0,39
2023-05-21,PROD_040,21,28.05,1,23.0,39
2023-05-22,PROD_040,28,29.97,0,16.0,39
2023-05-23,PROD_040,16,30.99,0,26.0,39
2023-05-24,PROD_040,58,27.6,1,29.0,39
2023-05-25,PROD_040,11,29.59,0,30.0,39
2023-05-26,PROD_040,44,28.64,1,51.0,39
2023-05-27,PROD_040,33,28.44,1,26.0,39
2023-05-28,PROD_040,39,31.76,0,21.0,39
2023-05-29,PROD_040,33,28.07,1,28.0,39
2023-05-30,PROD_040,22,30.86,0,16.0,39
2023-05-31,PROD_040,10,32.16,0,58.0,39
2023-06-01,PROD_040,39,31.43,0,11.0,39
2023-06-02,PROD_040,19,29.75,0,44.0,39
2023-06-03,PROD_040,18,30.54,0,33.0,39
2023-06-04,PROD_040,34,30.07,0,39.0,39
2023-06-05,PROD_040,39,28.25,1,33.0,39
2023-01-08,PROD_041,6,121.1,0,33.0,40
2023-01-09,PROD_041,12,125.34,0,19.0,40
2023-01-10,PROD_041,36,119.79,1,26.0,40
2023-01-11,PROD_041,18,120.35,0,21.0,40
2023-01-12,PROD_041,24,126.33,0,18.0,40
2023-01-13,PROD_041,23,115.73,1,18.0,40
2023-01-14,PROD_041,17,129.66,0,22.0,40
2023-01-15,PROD_041,31,116.43,1,6.0,40
2023-01-16,PROD_041,16,115.52,0,12.0,40
2023-01-17,PROD_041,11,123.4,0,36.0,40
2023-01-18,PROD_041,28,119.6,1,18.0,40
2023-01-19,PROD_041,24,123.77,0,24.0,40
2023-01-20,PROD_041,27,113.94,1,23.0,40
2023-01-21,PROD_041,28,121.18,1,17.0,40
2023-01-22,PROD_041,23,124.78,0,31.0,40
2023-01-23,PROD_041,17,125.33,0,16.0,40
2023-01-24,PROD_041,10,130.16,0,11.0,40
2023-01-25,PROD_041,23,125.7,0,28.0,40
2023-01-26,PROD_041,27,114.98,1,24.0,40
2023-01-27,PROD_041,27,115.14,1,27.0,40
2023-01-28,PROD_041,19,110.84,1,28.0,40
2023-01-29,PROD_041,26,122.49,0,23.0,40
2023-01-30,PROD_041,30,108.58,1,17.0,40
2023-01-31,PROD_041,19,128.45,0,10.0,40
2023-02-01,PROD_041,11,125.17,0,23.0,40
2023-02-02,PROD_041,28,119.99,0,27.0,40
2023-02-03,PROD_041,25,116.3,0,27.0,40
2023-02-04,PROD_041,13,124.68,0,19.0,40
2023-02-05,PROD_041,40,116.5,1,26.0,40
2023-02-06,PROD_041,29,116.92,1,30.0,40
2023-02-07,PROD_041,13,122.54,0,19.0,40
2023-02-08,PROD_041,21,120.35,0,11.0,40
2023-02-09,PROD_041,23,100.72,1,28.0,40
2023-02-10,PROD_041,14,127.06,0,25.0,40
2023-02-11,PROD_041,22,127.53,0,13.0,40
2023-02-12,PROD_041,16,101.56,1,40.0,40
2023-02-13,PROD_041,14,125.71,0,29.0,40
2023-02-14,PROD_041,15,127.0,0,13.0,40
2023-02-15,PROD_041,30,119.4,1,21.0,40
2023-02-16,PROD_041,24,111.91,1,23.0,40
2023-02-17,PROD_041,31,121.54,0,14.0,40
2023-02-18,PROD_041,18,124.24,0,22.0,40
2023-02-19,PROD_041,23,123.38,0,16.0,40
2023-02-20,PROD_041,11,104.48,1,14.0,40
2023-02-21,PROD_041,37,119.56,1,15.0,40
2023-02-22,PROD_041,12,130.35,0,30.0,40
2023-02-23,PROD_041,25,121.41,0,24.0,40
2023-02-24,PROD_041,39,118.43,1,31.0,40
2023-02-25,PROD_041,15,126.26,0,18.0,40
2023-02-26,PROD_041,19,125.92,0,23.0,40
2023-02-27,PROD_041,12,121.82,0,11.0,40
2023-02-28,PROD_041,11,128.72,0,37.0,40
2023-03-01,PROD_041,15,122.71,0,12.0,40
2023-03-02,PROD_041,23,125.07,0,25.0,40
2023-03-03,PROD_041,26,121.2,0,39.0,40
2023-03-04,PROD_041,16,104.17,1,15.0,40
2023-03-05,PROD_041,29,125.88,0,19.0,40
2023-03-06,PROD_041,16,122.43,0,12.0,40
2023-03-07,PROD_041,12,120.23,0,11.0,40
2023-03-08,PROD_041,10,116.18,0,15.0,40
2023-03-09,PROD_041,14,103.58,1,23.0,40
2023-03-10,PROD_041,15,122.6,0,26.0,40
2023-03-11,PROD_041,16,109.33,1,16.0,40
2023-03-12,PROD_041,26,120.02,0,29.0,40
2023-03-13,PROD_041,9,107.06,1,16.0,40
2023-03-14,PROD_041,21,114.45,1,12.0,40
2023-03-15,PROD_041,31,114.49,1,10.0,40
2023-03-16,PROD_041,14,120.02,0,14.0,40
2023-03-17,PROD_041,26,123.71,0,15.0,40
2023-03-18,PROD_041,21,127.05,0,16.0,40
2023-03-19,PROD_041,29,124.68,0,26.0,40
2023-03-20,PROD_041,18,111.82,1,9.0,40
2023-03-21,PROD_041,31,118.52,1,21.0,40
2023-03-22,PROD_041,12,121.2,0,31.0,40
2023-03-23,PROD_041,33,105.48,1,14.0,40
2023-03-24,PROD_041,33,112.1,1,26.0,40
2023-03-25,PROD_041,9,120.54,0,21.0,40
2023-03-26,PROD_041,29,107.81,1,29.0,40
2023-03-27,PROD_041,23,126.6,0,18.0,40
2023-03-28,PROD_041,40,103.97,1,31.0,40
2023-03-29,PROD_041,20,119.67,0,12.0,40
2023-03-30,PROD_041,21,130.34,0,33.0,40
2023-03-31,PROD_041,27,113.86,1,33.0,40
2023-04-01,PROD_041,41,116.64,1,9.0,40
2023-04-02,PROD_041,35,120.97,0,29.0,40
2023-04-03,PROD_041,40,112.61,1,23.0,40
2023-04-04,PROD_041,18,129.56,0,40.0,40
2023-04-05,PROD_041,20,113.42,1,20.0,40
2023-04-06,PROD_041,11,128.95,0,21.0,40
2023-04-07,PROD_041,41,109.67,1,27.0,40
2023-04-08,PROD_041,33,122.2,1,41.0,40
2023-04-09,PROD_041,15,119.29,0,35.0,40
2023-04-10,PROD_041,11,122.55,0,40.0,40
2023-04-11,PROD_041,24,120.13,0,18.0,40
2023-04-12,PROD_041,27,123.58,0,20.0,40
2023-04-13,PROD_041,27,120.68,0,11.0,40
2023-04-14,PROD_041,34,121.41,0,41.0,40
2023-04-15,PROD_041,27,121.5,0,33.0,40
2023-04-16,PROD_041,29,118.9,0,15.0,40
2023-04-17,PROD_041,16,125.14,0,11.0,40
2023-04-18,PROD_041,21,108.85,1,24.0,40
2023-04-19,PROD_041,18,124.61,0,27.0,40
2023-04-20,PROD_041,10,122.99,0,27.0,40
2023-04-21,PROD_041,34,119.05,0,34.0,40
2023-04-22,PROD_041,18,117.64,0,27.0,40
2023-04-23,PROD_041,11,121.62,0,29.0,40
2023-04-24,PROD_041,12,122.08,0,16.0,40
2023-04-25,PROD_041,20,120.37,0,21.0,40
2023-04-26,PROD_041,11,125.39,0,18.0,40
2023-04-27,PROD_041,13,130.72,0,10.0,40
2023-04-28,PROD_041,11,124.96,0,34.0,40
2023-04-29,PROD_041,35,121.61,0,18.0,40
2023-04-30,PROD_041,24,121.19,0,11.0,40
2023-05-01,PROD_041,8,129.38,0,12.0,40
2023-05-02,PROD_041,14,128.68,0,20.0,40
2023-05-03,PROD_041,33,113.34,1,11.0,40
2023-05-04,PROD_041,16,118.32,1,13.0,40
2023-05-05,PROD_041,11,115.6,0,11.0,40
2023-05-06,PROD_041,26,124.89,0,35.0,40
2023-05-07,PROD_041,38,112.26,1,24.0,40
2023-05-08,PROD_041,27,114.28,1,8.0,40
2023-05-09,PROD_041,13,120.35,0,14.0,40
2023-05-10,PROD_041,36,113.17,1,33.0,40
2023-05-11,PROD_041,22,128.68,0,16.0,40
2023-05-12,PROD_041,24,123.92,0,11.0,40
2023-05-13,PROD_041,13,121.94,0,26.0,40
2023-05-14,PROD_041,20,126.87,0,38.0,40
2023-05-15,PROD_041,26,128.07,0,27.0,40
2023-05-16,PROD_041,32,125.25,0,13.0,40
2023-05-17,PROD_041,12,125.48,0,36.0,40
2023-05-18,PROD_041,22,109.72,1,22.0,40
2023-05-19,PROD_041,25,118.71,1,24.0,40
2023-05-20,PROD_041,44,113.96,1,13.0,40
2023-05-21,PROD_041,26,119.69,0,20.0,40
2023-05-22,PROD_041,13,117.02,1,26.0,40
2023-05-23,PROD_041,17,117.14,1,32.0,40
2023-05-24,PROD_041,12,122.28,0,12.0,40
2023-05-25,PROD_041,12,128.18,0,22.0,40
2023-05-26,PROD_041,14,126.74,0,25.0,40
2023-05-27,PROD_041,24,124.03,0,44.0,40
2023-05-28,PROD_041,10,121.86,0,26.0,40
2023-05-29,PROD_041,41,117.96,1,13.0,40
2023-05-30,PROD_041,26,114.1,1,17.0,40
2023-05-31,PROD_041,6,133.28,0,12.0,40
2023-06-01,PROD_041,16,121.02,0,12.0,40
2023-06-02,PROD_041,10,126.65,0,14.0,40
2023-06-03,PROD_041,34,115.4,1,24.0,40
2023-06-04,PROD_041,29,121.4,0,10.0,40
2023-06-05,PROD_041,29,123.03,0,41.0,40
