datasets used to train models/train.csv
date,product_id,units_sold,sale_price,is_promo,lag_7,product_id_encoded
2023-01-08,PROD_045,23,146.71,0,41.0,44
2023-01-09,PROD_045,32,136.79,1,59.0,44
2023-01-10,PROD_045,42,142.11,1,41.0,44
2023-01-11,PROD_045,51,150.21,0,45.0,44
2023-01-12,PROD_045,61,139.18,1,37.0,44
2023-01-13,PROD_045,45,149.55,0,68.0,44
2023-01-14,PROD_045,41,157.6,0,82.0,44
2023-01-15,PROD_045,52,150.07,0,23.0,44
2023-01-16,PROD_045,26,128.38,1,32.0,44
2023-01-17,PROD_045,11,147.49,0,42.0,44
2023-01-18,PROD_045,18,144.28,0,51.0,44
2023-01-19,PROD_045,100,130.27,1,61.0,44
2023-01-20,PROD_045,37,146.56,0,45.0,44
2023-01-21,PROD_045,97,142.87,1,41.0,44
2023-01-22,PROD_045,74,133.63,1,52.0,44
2023-01-23,PROD_045,67,140.56,1,26.0,44
2023-01-24,PROD_045,71,144.25,0,11.0,44
2023-01-25,PROD_045,41,136.5,1,18.0,44
2023-01-26,PROD_045,32,140.29,0,100.0,44
2023-01-27,PROD_045,22,142.96,0,37.0,44
2023-01-28,PROD_045,30,151.07,0,97.0,44
2023-01-29,PROD_045,64,150.39,0,74.0,44
2023-01-30,PROD_045,79,131.92,1,67.0,44
2023-01-31,PROD_045,102,138.54,1,71.0,44
2023-02-01,PROD_045,55,151.88,0,41.0,44
2023-02-02,PROD_045,45,151.36,0,32.0,44
2023-02-03,PROD_045,62,139.0,1,22.0,44
2023-02-04,PROD_045,27,147.66,0,30.0,44
2023-02-05,PROD_045,73,150.05,0,64.0,44
2023-02-06,PROD_045,24,143.68,0,79.0,44
2023-02-07,PROD_045,53,137.08,1,102.0,44
2023-02-08,PROD_045,34,137.68,0,55.0,44
2023-02-09,PROD_045,72,141.26,0,45.0,44
2023-02-10,PROD_045,25,146.34,0,62.0,44
2023-02-11,PROD_045,34,144.17,0,27.0,44
2023-02-12,PROD_045,65,147.61,0,73.0,44
2023-02-13,PROD_045,50,146.82,0,24.0,44
2023-02-14,PROD_045,75,144.49,1,53.0,44
2023-02-15,PROD_045,79,124.06,1,34.0,44
2023-02-16,PROD_045,81,143.55,0,72.0,44
2023-02-17,PROD_045,63,150.7,0,25.0,44
2023-02-18,PROD_045,100,136.02,1,34.0,44
2023-02-19,PROD_045,95,122.78,1,65.0,44
2023-02-20,PROD_045,45,137.59,1,50.0,44
2023-02-21,PROD_045,58,149.22,0,75.0,44
2023-02-22,PROD_045,41,129.77,1,79.0,44
2023-02-23,PROD_045,70,146.32,0,81.0,44
2023-02-24,PROD_045,21,144.8,0,63.0,44
2023-02-25,PROD_045,44,156.87,0,100.0,44
2023-02-26,PROD_045,53,145.14,0,95.0,44
2023-02-27,PROD_045,60,145.52,0,45.0,44
2023-02-28,PROD_045,74,119.18,1,58.0,44
2023-03-01,PROD_045,76,139.92,1,41.0,44
2023-03-02,PROD_045,69,150.37,0,70.0,44
2023-03-03,PROD_045,60,151.28,0,21.0,44
2023-03-04,PROD_045,111,144.33,0,44.0,44
2023-03-05,PROD_045,73,142.32,0,53.0,44
2023-03-06,PROD_045,65,154.9,0,60.0,44
2023-03-07,PROD_045,93,139.4,1,74.0,44
2023-03-08,PROD_045,48,126.73,1,76.0,44
2023-03-09,PROD_045,45,149.24,0,69.0,44
2023-03-10,PROD_045,35,152.12,0,60.0,44
2023-03-11,PROD_045,62,140.59,1,111.0,44
2023-03-12,PROD_045,90,149.25,0,73.0,44
2023-03-13,PROD_045,65,140.05,0,65.0,44
2023-03-14,PROD_045,33,152.43,0,93.0,44
2023-03-15,PROD_045,25,152.98,0,48.0,44
2023-03-16,PROD_045,67,146.75,0,45.0,44
2023-03-17,PROD_045,18,157.58,0,35.0,44
2023-03-18,PROD_045,51,148.11,0,62.0,44
2023-03-19,PROD_045,44,144.27,0,90.0,44
2023-03-20,PROD_045,37,149.75,0,65.0,44
2023-03-21,PROD_045,48,152.54,0,33.0,44
2023-03-22,PROD_045,45,153.58,0,25.0,44
2023-03-23,PROD_045,42,142.76,0,67.0,44
2023-03-24,PROD_045,44,127.24,1,18.0,44
2023-03-25,PROD_045,93,149.32,0,51.0,44
2023-03-26,PROD_045,108,128.12,1,44.0,44
2023-03-27,PROD_045,31,132.22,1,37.0,44
2023-03-28,PROD_045,50,147.68,0,48.0,44
2023-03-29,PROD_045,44,141.79,1,45.0,44
2023-03-30,PROD_045,25,154.06,0,42.0,44
2023-03-31,PROD_045,76,148.46,0,44.0,44
2023-04-01,PROD_045,53,147.44,0,93.0,44
2023-04-02,PROD_045,87,134.0,1,108.0,44
2023-04-03,PROD_045,43,146.66,0,31.0,44
2023-04-04,PROD_045,53,145.13,0,50.0,44
2023-04-05,PROD_045,38,148.36,0,44.0,44
2023-04-06,PROD_045,71,138.75,0,25.0,44
2023-04-07,PROD_045,33,145.98,0,76.0,44
2023-04-08,PROD_045,91,152.95,0,53.0,44
2023-04-09,PROD_045,75,146.56,0,87.0,44
2023-04-10,PROD_045,116,138.09,1,43.0,44
2023-04-11,PROD_045,44,151.64,0,53.0,44
2023-04-12,PROD_045,63,124.04,1,38.0,44
2023-04-13,PROD_045,68,148.25,0,71.0,44
2023-04-14,PROD_045,43,130.07,1,33.0,44
2023-04-15,PROD_045,77,150.12,0,91.0,44
2023-04-16,PROD_045,89,141.25,1,75.0,44
2023-04-17,PROD_045,58,154.37,0,116.0,44
2023-04-18,PROD_045,28,142.12,0,44.0,44
2023-04-19,PROD_045,60,144.57,0,63.0,44
2023-04-20,PROD_045,62,141.28,1,68.0,44
2023-04-21,PROD_045,98,141.27,1,43.0,44
2023-04-22,PROD_045,36,121.76,1,77.0,44
2023-04-23,PROD_045,36,147.38,0,89.0,44
2023-04-24,PROD_045,43,151.44,0,58.0,44
2023-04-25,PROD_045,46,145.1,0,28.0,44
2023-04-26,PROD_045,126,114.02,1,60.0,44
2023-04-27,PROD_045,54,149.34,0,62.0,44
2023-04-28,PROD_045,25,149.22,0,98.0,44
2023-04-29,PROD_045,45,133.42,1,36.0,44
2023-04-30,PROD_045,40,147.91,0,36.0,44
2023-05-01,PROD_045,50,144.79,0,43.0,44
2023-05-02,PROD_045,64,142.21,0,46.0,44
2023-05-03,PROD_045,60,131.62,1,126.0,44
2023-05-04,PROD_045,30,146.17,0,54.0,44
2023-05-05,PROD_045,60,135.48,1,25.0,44
2023-05-06,PROD_045,29,152.93,0,45.0,44
2023-05-07,PROD_045,87,133.68,1,40.0,44
2023-05-08,PROD_045,87,143.6,0,50.0,44
2023-05-09,PROD_045,67,145.28,0,64.0,44
2023-05-10,PROD_045,78,153.6,0,60.0,44
2023-05-11,PROD_045,63,147.21,0,30.0,44
2023-05-12,PROD_045,83,138.52,1,60.0,44
2023-05-13,PROD_045,62,153.85,0,29.0,44
2023-05-14,PROD_045,93,122.12,1,87.0,44
2023-05-15,PROD_045,48,141.13,1,87.0,44
2023-05-16,PROD_045,24,144.72,0,67.0,44
2023-05-17,PROD_045,36,154.07,0,78.0,44
2023-05-18,PROD_045,47,131.97,1,63.0,44
2023-05-19,PROD_045,63,146.39,0,83.0,44
2023-05-20,PROD_045,54,138.06,1,62.0,44
2023-05-21,PROD_045,98,152.92,0,93.0,44
2023-05-22,PROD_045,52,136.1,1,48.0,44
2023-05-23,PROD_045,73,134.86,1,24.0,44
2023-05-24,PROD_045,59,148.44,0,36.0,44
2023-05-25,PROD_045,36,143.92,0,47.0,44
2023-05-26,PROD_045,81,148.14,1,63.0,44
2023-05-27,PROD_045,15,149.71,0,54.0,44
2023-05-28,PROD_045,33,146.26,0,98.0,44
2023-05-29,PROD_045,46,149.31,0,52.0,44
2023-05-30,PROD_045,58,147.06,0,73.0,44
2023-05-31,PROD_045,40,140.92,0,59.0,44
2023-06-01,PROD_045,23,147.14,0,36.0,44
2023-06-02,PROD_045,23,149.36,0,81.0,44
2023-06-03,PROD_045,84,144.68,0,15.0,44
2023-06-04,PROD_045,60,141.69,0,33.0,44
2023-06-05,PROD_045,53,148.39,0,46.0,44
2023-01-08,PROD_046,41,30.14,1,22.0,45
2023-01-09,PROD_046,15,32.17,0,26.0,45
2023-01-10,PROD_046,29,26.39,1,24.0,45
2023-01-11,PROD_046,25,33.3,0,26.0,45
2023-01-12,PROD_046,29,30.6,0,28.0,45
2023-01-13,PROD_046,20,31.91,0,18.0,45
2023-01-14,PROD_046,13,30.14,0,25.0,45
2023-01-15,PROD_046,34,32.57,0,41.0,45
2023-01-16,PROD_046,30,31.56,0,15.0,45
2023-01-17,PROD_046,44,31.05,1,29.0,45
2023-01-18,PROD_046,21,31.0,0,25.0,45
2023-01-19,PROD_046,17,32.25,0,29.0,45
2023-01-20,PROD_046,13,30.72,0,20.0,45
2023-01-21,PROD_046,49,29.74,1,13.0,45
2023-01-22,PROD_046,42,32.59,0,34.0,45
2023-01-23,PROD_046,22,31.56,0,30.0,45
2023-01-24,PROD_046,41,32.57,0,44.0,45
2023-01-25,PROD_046,14,32.49,0,21.0,45
2023-01-26,PROD_046,25,29.55,1,17.0,45
2023-01-27,PROD_046,6,31.23,0,13.0,45
2023-01-28,PROD_046,50,30.1,1,49.0,45
2023-01-29,PROD_046,31,32.03,0,42.0,45
2023-01-30,PROD_046,18,32.17,0,22.0,45
2023-01-31,PROD_046,33,31.11,0,41.0,45
2023-02-01,PROD_046,23,31.85,0,14.0,45
2023-02-02,PROD_046,40,31.74,0,25.0,45
2023-02-03,PROD_046,26,32.16,0,6.0,45
2023-02-04,PROD_046,53,31.32,1,50.0,45
2023-02-05,PROD_046,14,33.08,0,31.0,45
2023-02-06,PROD_046,25,28.41,1,18.0,45
2023-02-07,PROD_046,15,33.08,0,33.0,45
2023-02-08,PROD_046,40,31.52,0,23.0,45
2023-02-09,PROD_046,14,30.87,0,40.0,45
2023-02-10,PROD_046,18,33.56,0,26.0,45
2023-02-11,PROD_046,21,31.82,0,53.0,45
2023-02-12,PROD_046,43,31.65,0,14.0,45
2023-02-13,PROD_046,32,29.85,1,25.0,45
2023-02-14,PROD_046,21,30.8,0,15.0,45
2023-02-15,PROD_046,12,27.61,1,40.0,45
2023-02-16,PROD_046,37,28.77,1,14.0,45
2023-02-17,PROD_046,9,33.2,0,18.0,45
2023-02-18,PROD_046,24,31.57,0,21.0,45
2023-02-19,PROD_046,26,32.7,0,43.0,45
2023-02-20,PROD_046,18,28.75,1,32.0,45
2023-02-21,PROD_046,22,30.72,0,21.0,45
2023-02-22,PROD_046,9,31.12,0,12.0,45
2023-02-23,PROD_046,24,31.13,0,37.0,45
2023-02-24,PROD_046,18,31.24,0,9.0,45
2023-02-25,PROD_046,28,30.99,0,24.0,45
2023-02-26,PROD_046,55,29.6,1,26.0,45
2023-02-27,PROD_046,14,31.38,0,18.0,45
2023-02-28,PROD_046,41,31.14,1,22.0,45
2023-03-01,PROD_046,9,32.03,0,9.0,45
2023-03-02,PROD_046,42,32.33,0,24.0,45
2023-03-03,PROD_046,22,30.19,0,18.0,45
2023-03-04,PROD_046,43,31.63,0,28.0,45
2023-03-05,PROD_046,46,29.68,1,55.0,45
2023-03-06,PROD_046,35,28.45,1,14.0,45
2023-03-07,PROD_046,28,32.62,0,41.0,45
2023-03-08,PROD_046,19,31.04,0,9.0,45
2023-03-09,PROD_046,13,32.19,0,42.0,45
2023-03-10,PROD_046,29,32.71,0,22.0,45
2023-03-11,PROD_046,17,29.88,0,43.0,45
2023-03-12,PROD_046,26,31.77,0,46.0,45
2023-03-13,PROD_046,30,31.88,0,35.0,45
2023-03-14,PROD_046,30,27.77,1,28.0,45
2023-03-15,PROD_046,69,26.8,1,19.0,45
2023-03-16,PROD_046,45,31.55,0,13.0,45
2023-03-17,PROD_046,21,32.61,0,29.0,45
2023-03-18,PROD_046,82,28.47,1,17.0,45
2023-03-19,PROD_046,48,29.38,1,26.0,45
2023-03-20,PROD_046,50,29.11,1,30.0,45
2023-03-21,PROD_046,26,30.7,0,30.0,45
2023-03-22,PROD_046,35,30.87,0,69.0,45
2023-03-23,PROD_046,12,33.28,0,45.0,45
2023-03-24,PROD_046,21,32.83,0,21.0,45
2023-03-25,PROD_046,38,31.88,0,82.0,45
2023-03-26,PROD_046,24,30.54,0,48.0,45
2023-03-27,PROD_046,27,32.61,0,50.0,45
2023-03-28,PROD_046,20,31.48,0,26.0,45
2023-03-29,PROD_046,50,29.13,1,35.0,45
2023-03-30,PROD_046,30,31.07,0,12.0,45
2023-03-31,PROD_046,33,31.74,0,21.0,45
2023-04-01,PROD_046,31,27.73,1,38.0,45
2023-04-02,PROD_046,32,28.94,1,24.0,45
2023-04-03,PROD_046,33,28.78,1,27.0,45
2023-04-04,PROD_046,18,33.87,0,20.0,45
2023-04-05,PROD_046,43,32.08,0,50.0,45
2023-04-06,PROD_046,24,25.67,1,30.0,45
2023-04-07,PROD_046,47,27.36,1,33.0,45
2023-04-08,PROD_046,37,28.15,1,31.0,45
2023-04-09,PROD_046,60,29.96,1,32.0,45
2023-04-10,PROD_046,38,28.42,1,33.0,45
2023-04-11,PROD_046,19,26.06,1,18.0,45
2023-04-12,PROD_046,39,33.13,0,43.0,45
2023-04-13,PROD_046,33,31.83,0,24.0,45
2023-04-14,PROD_046,16,32.14,0,47.0,45
2023-04-15,PROD_046,60,30.18,1,37.0,45
2023-04-16,PROD_046,35,32.39,0,60.0,45
2023-04-17,PROD_046,20,28.38,1,38.0,45
2023-04-18,PROD_046,16,31.92,0,19.0,45
2023-04-19,PROD_046,47,26.36,1,39.0,45
2023-04-20,PROD_046,35,31.85,0,33.0,45
2023-04-21,PROD_046,39,30.62,0,16.0,45
2023-04-22,PROD_046,40,32.12,0,60.0,45
2023-04-23,PROD_046,36,32.14,0,35.0,45
2023-04-24,PROD_046,13,32.33,0,20.0,45
2023-04-25,PROD_046,49,30.43,1,16.0,45
2023-04-26,PROD_046,32,30.33,1,47.0,45
2023-04-27,PROD_046,15,32.68,0,35.0,45
2023-04-28,PROD_046,31,31.73,0,39.0,45
2023-04-29,PROD_046,49,30.16,1,40.0,45
2023-04-30,PROD_046,15,32.9,0,36.0,45
2023-05-01,PROD_046,38,32.61,0,13.0,45
2023-05-02,PROD_046,26,27.88,1,49.0,45
2023-05-03,PROD_046,25,30.89,0,32.0,45
2023-05-04,PROD_046,54,29.12,1,15.0,45
2023-05-05,PROD_046,16,31.21,0,31.0,45
2023-05-06,PROD_046,40,30.44,0,49.0,45
2023-05-07,PROD_046,38,30.37,1,15.0,45
2023-05-08,PROD_046,37,30.27,1,38.0,45
2023-05-09,PROD_046,48,28.86,1,26.0,45
2023-05-10,PROD_046,38,32.09,0,25.0,45
2023-05-11,PROD_046,19,29.83,0,54.0,45
2023-05-12,PROD_046,16,29.02,1,16.0,45
2023-05-13,PROD_046,35,30.84,1,40.0,45
2023-05-14,PROD_046,34,30.62,0,38.0,45
2023-05-15,PROD_046,20,33.8,0,37.0,45
2023-05-16,PROD_046,32,32.06,0,48.0,45
2023-05-17,PROD_046,22,32.65,0,38.0,45
2023-05-18,PROD_046,38,31.17,0,19.0,45
2023-05-19,PROD_046,40,30.03,1,16.0,45
2023-05-20,PROD_046,36,32.29,0,35.0,45
2023-05-21,PROD_046,32,27.86,1,34.0,45
2023-05-22,PROD_046,33,28.77,1,20.0,45
2023-05-23,PROD_046,43,30.27,1,32.0,45
2023-05-24,PROD_046,40,31.97,0,22.0,45
2023-05-25,PROD_046,37,29.14,1,38.0,45
2023-05-26,PROD_046,13,31.35,0,40.0,45
2023-05-27,PROD_046,45,28.4,1,36.0,45
2023-05-28,PROD_046,41,32.84,0,32.0,45
2023-05-29,PROD_046,24,28.86,1,33.0,45
2023-05-30,PROD_046,32,29.28,1,43.0,45
2023-05-31,PROD_046,22,32.47,0,40.0,45
2023-06-01,PROD_046,36,24.96,1,37.0,45
2023-06-02,PROD_046,35,32.23,0,13.0,45
2023-06-03,PROD_046,44,29.63,1,45.0,45
2023-06-04,PROD_046,51,31.34,1,41.0,45
2023-06-05,PROD_046,19,32.07,0,24.0,45
2023-01-08,PROD_047,28,37.09,0,38.0,46
2023-01-09,PROD_047,22,38.36,0,5.0,46
2023-01-10,PROD_047,22,37.99,0,27.0,46
2023-01-11,PROD_047,29,35.69,1,12.0,46
2023-01-12,PROD_047,12,37.58,0,26.0,46
2023-01-13,PROD_047,9,35.98,0,23.0,46
2023-01-14,PROD_047,36,37.44,0,32.0,46
2023-01-15,PROD_047,20,35.67,0,28.0,46
2023-01-16,PROD_047,19,35.43,0,22.0,46
2023-01-17,PROD_047,14,37.52,0,22.0,46
2023-01-18,PROD_047,8,30.4,1,29.0,46
2023-01-19,PROD_047,20,36.97,0,12.0,46
2023-01-20,PROD_047,24,34.43,1,9.0,46
2023-01-21,PROD_047,16,38.26,0,36.0,46
2023-01-22,PROD_047,26,36.21,0,20.0,46
2023-01-23,PROD_047,10,37.42,0,19.0,46
2023-01-24,PROD_047,14,32.8,1,14.0,46
2023-01-25,PROD_047,28,36.71,0,8.0,46
2023-01-26,PROD_047,15,34.62,0,20.0,46
2023-01-27,PROD_047,17,37.2,0,24.0,46
2023-01-28,PROD_047,17,37.23,0,16.0,46
2023-01-29,PROD_047,34,34.05,1,26.0,46
2023-01-30,PROD_047,12,37.38,0,10.0,46
2023-01-31,PROD_047,22,34.37,1,14.0,46
2023-02-01,PROD_047,16,30.75,1,28.0,46
2023-02-02,PROD_047,15,36.92,0,15.0,46
2023-02-03,PROD_047,22,37.06,0,17.0,46
2023-02-04,PROD_047,36,30.37,1,17.0,46
2023-02-05,PROD_047,34,38.01,0,34.0,46
2023-02-06,PROD_047,17,36.24,0,12.0,46
2023-02-07,PROD_047,26,36.25,0,22.0,46
2023-02-08,PROD_047,26,35.39,1,16.0,46
2023-02-09,PROD_047,13,36.39,0,15.0,46
2023-02-10,PROD_047,16,36.29,0,22.0,46
2023-02-11,PROD_047,33,27.64,1,36.0,46
2023-02-12,PROD_047,24,37.64,0,34.0,46
2023-02-13,PROD_047,21,34.92,0,17.0,46
2023-02-14,PROD_047,19,35.47,0,26.0,46
2023-02-15,PROD_047,26,37.29,0,26.0,46
2023-02-16,PROD_047,27,37.1,0,13.0,46
2023-02-17,PROD_047,18,37.05,0,16.0,46
2023-02-18,PROD_047,13,37.59,0,33.0,46
2023-02-19,PROD_047,25,36.96,0,24.0,46
2023-02-20,PROD_047,19,33.97,1,21.0,46
2023-02-21,PROD_047,11,38.9,0,19.0,46
2023-02-22,PROD_047,27,33.1,1,26.0,46
2023-02-23,PROD_047,19,37.33,0,27.0,46
2023-02-24,PROD_047,26,38.03,0,18.0,46
2023-02-25,PROD_047,54,35.77,1,13.0,46
2023-02-26,PROD_047,27,36.49,0,25.0,46
2023-02-27,PROD_047,29,36.98,0,19.0,46
2023-02-28,PROD_047,30,37.32,0,11.0,46
2023-03-01,PROD_047,23,37.86,0,27.0,46
2023-03-02,PROD_047,52,31.57,1,19.0,46
2023-03-03,PROD_047,18,36.79,0,26.0,46
2023-03-04,PROD_047,51,33.91,1,54.0,46
2023-03-05,PROD_047,32,34.59,1,27.0,46
2023-03-06,PROD_047,12,37.48,0,29.0,46
2023-03-07,PROD_047,13,39.57,0,30.0,46
2023-03-08,PROD_047,36,33.47,1,23.0,46
2023-03-09,PROD_047,29,37.09,0,52.0,46
2023-03-10,PROD_047,15,33.8,1,18.0,46
2023-03-11,PROD_047,26,37.24,0,51.0,46
2023-03-12,PROD_047,21,35.78,0,32.0,46
2023-03-13,PROD_047,26,34.52,1,12.0,46
2023-03-14,PROD_047,17,37.45,0,13.0,46
2023-03-15,PROD_047,21,36.83,0,36.0,46
2023-03-16,PROD_047,28,37.28,0,29.0,46
2023-03-17,PROD_047,9,36.48,0,15.0,46
2023-03-18,PROD_047,14,37.66,0,26.0,46
2023-03-19,PROD_047,18,31.25,1,21.0,46
2023-03-20,PROD_047,29,34.28,1,26.0,46
2023-03-21,PROD_047,35,32.83,1,17.0,46
2023-03-22,PROD_047,14,36.95,0,21.0,46
2023-03-23,PROD_047,13,37.17,0,28.0,46
2023-03-24,PROD_047,29,36.78,0,9.0,46
2023-03-25,PROD_047,41,37.02,0,14.0,46
2023-03-26,PROD_047,46,36.07,1,18.0,46
2023-03-27,PROD_047,21,38.45,0,29.0,46
2023-03-28,PROD_047,11,36.29,0,35.0,46
2023-03-29,PROD_047,26,33.92,1,14.0,46
2023-03-30,PROD_047,28,38.06,0,13.0,46
2023-03-31,PROD_047,36,36.56,0,29.0,46
2023-04-01,PROD_047,32,37.95,0,41.0,46
2023-04-02,PROD_047,22,33.79,1,46.0,46
2023-04-03,PROD_047,25,32.3,1,21.0,46
2023-04-04,PROD_047,19,35.29,0,11.0,46
2023-04-05,PROD_047,33,36.66,0,26.0,46
2023-04-06,PROD_047,9,39.0,0,28.0,46
2023-04-07,PROD_047,14,36.67,0,36.0,46
2023-04-08,PROD_047,16,37.41,0,32.0,46
2023-04-09,PROD_047,20,36.96,0,22.0,46
2023-04-10,PROD_047,37,35.01,1,25.0,46
2023-04-11,PROD_047,18,36.45,0,19.0,46
2023-04-12,PROD_047,9,35.53,0,33.0,46
2023-04-13,PROD_047,23,29.52,1,9.0,46
2023-04-14,PROD_047,12,39.08,0,14.0,46
2023-04-15,PROD_047,19,38.65,0,16.0,46
2023-04-16,PROD_047,11,38.3,0,20.0,46
2023-04-17,PROD_047,13,36.37,0,37.0,46
2023-04-18,PROD_047,23,35.53,0,18.0,46
2023-04-19,PROD_047,16,32.08,1,9.0,46
2023-04-20,PROD_047,19,34.06,1,23.0,46
2023-04-21,PROD_047,24,31.75,1,12.0,46
2023-04-22,PROD_047,50,36.82,0,19.0,46
2023-04-23,PROD_047,27,37.98,0,11.0,46
2023-04-24,PROD_047,12,37.04,0,13.0,46
2023-04-25,PROD_047,28,35.27,1,23.0,46
2023-04-26,PROD_047,13,34.92,0,16.0,46
2023-04-27,PROD_047,15,31.12,1,19.0,46
2023-04-28,PROD_047,24,37.74,0,24.0,46
2023-04-29,PROD_047,40,34.64,1,50.0,46
2023-04-30,PROD_047,31,35.98,0,27.0,46
2023-05-01,PROD_047,33,31.46,1,12.0,46
2023-05-02,PROD_047,27,34.39,1,28.0,46
2023-05-03,PROD_047,15,36.18,0,13.0,46
2023-05-04,PROD_047,24,37.41,0,15.0,46
2023-05-05,PROD_047,22,37.16,0,24.0,46
2023-05-06,PROD_047,26,38.07,0,40.0,46
2023-05-07,PROD_047,21,36.4,0,31.0,46
2023-05-08,PROD_047,19,37.94,0,33.0,46
2023-05-09,PROD_047,18,37.77,0,27.0,46
2023-05-10,PROD_047,24,35.71,0,15.0,46
2023-05-11,PROD_047,25,32.67,1,24.0,46
2023-05-12,PROD_047,17,36.79,0,22.0,46
2023-05-13,PROD_047,11,34.45,0,26.0,46
2023-05-14,PROD_047,29,32.28,1,21.0,46
2023-05-15,PROD_047,16,35.89,0,19.0,46
2023-05-16,PROD_047,18,37.94,0,18.0,46
2023-05-17,PROD_047,11,37.83,0,24.0,46
2023-05-18,PROD_047,25,36.49,0,25.0,46
2023-05-19,PROD_047,30,33.84,1,17.0,46
2023-05-20,PROD_047,22,37.49,0,11.0,46
2023-05-21,PROD_047,25,31.98,1,29.0,46
2023-05-22,PROD_047,15,36.41,0,16.0,46
2023-05-23,PROD_047,15,38.06,0,18.0,46
2023-05-24,PROD_047,23,33.65,1,11.0,46
2023-05-25,PROD_047,17,35.67,0,25.0,46
2023-05-26,PROD_047,11,35.97,0,30.0,46
2023-05-27,PROD_047,28,34.43,1,22.0,46
2023-05-28,PROD_047,17,36.64,0,25.0,46
2023-05-29,PROD_047,18,31.59,1,15.0,46
2023-05-30,PROD_047,15,37.42,0,15.0,46
2023-05-31,PROD_047,11,37.04,0,23.0,46
2023-06-01,PROD_047,22,36.38,0,17.0,46
2023-06-02,PROD_047,22,28.94,1,11.0,46
2023-06-03,PROD_047,17,36.9,0,28.0,46
2023-06-04,PROD_047,17,36.32,0,17.0,46
2023-06-05,PROD_047,7,36.0,0,18.0,46
